Archive member included to satisfy reference by file (symbol)

/opt/stm32cubeide/plugins/com.st.stm32cube.ide.mcu.externaltools.gnu-tools-for-stm32.13.3.rel1.linux64_1.0.0.202410170706/tools/bin/../lib/gcc/arm-none-eabi/13.3.1/../../../../arm-none-eabi/lib/thumb/v7-m/nofp/libc_nano.a(libc_a-atof.o)
                              ./Core/Src/command_control.o (atof)
/opt/stm32cubeide/plugins/com.st.stm32cube.ide.mcu.externaltools.gnu-tools-for-stm32.13.3.rel1.linux64_1.0.0.202410170706/tools/bin/../lib/gcc/arm-none-eabi/13.3.1/../../../../arm-none-eabi/lib/thumb/v7-m/nofp/libc_nano.a(libc_a-exit.o)
                              /opt/stm32cubeide/plugins/com.st.stm32cube.ide.mcu.externaltools.gnu-tools-for-stm32.13.3.rel1.linux64_1.0.0.202410170706/tools/bin/../lib/gcc/arm-none-eabi/13.3.1/../../../../arm-none-eabi/lib/thumb/v7-m/nofp/crt0.o (exit)
/opt/stm32cubeide/plugins/com.st.stm32cube.ide.mcu.externaltools.gnu-tools-for-stm32.13.3.rel1.linux64_1.0.0.202410170706/tools/bin/../lib/gcc/arm-none-eabi/13.3.1/../../../../arm-none-eabi/lib/thumb/v7-m/nofp/libc_nano.a(libc_a-strtod.o)
                              /opt/stm32cubeide/plugins/com.st.stm32cube.ide.mcu.externaltools.gnu-tools-for-stm32.13.3.rel1.linux64_1.0.0.202410170706/tools/bin/../lib/gcc/arm-none-eabi/13.3.1/../../../../arm-none-eabi/lib/thumb/v7-m/nofp/libc_nano.a(libc_a-atof.o) (strtod)
/opt/stm32cubeide/plugins/com.st.stm32cube.ide.mcu.externaltools.gnu-tools-for-stm32.13.3.rel1.linux64_1.0.0.202410170706/tools/bin/../lib/gcc/arm-none-eabi/13.3.1/../../../../arm-none-eabi/lib/thumb/v7-m/nofp/libc_nano.a(libc_a-efgcvt.o)
                              ./Core/Src/command_control.o (gcvt)
/opt/stm32cubeide/plugins/com.st.stm32cube.ide.mcu.externaltools.gnu-tools-for-stm32.13.3.rel1.linux64_1.0.0.202410170706/tools/bin/../lib/gcc/arm-none-eabi/13.3.1/../../../../arm-none-eabi/lib/thumb/v7-m/nofp/libc_nano.a(libc_a-findfp.o)
                              /opt/stm32cubeide/plugins/com.st.stm32cube.ide.mcu.externaltools.gnu-tools-for-stm32.13.3.rel1.linux64_1.0.0.202410170706/tools/bin/../lib/gcc/arm-none-eabi/13.3.1/../../../../arm-none-eabi/lib/thumb/v7-m/nofp/libc_nano.a(libc_a-exit.o) (__stdio_exit_handler)
/opt/stm32cubeide/plugins/com.st.stm32cube.ide.mcu.externaltools.gnu-tools-for-stm32.13.3.rel1.linux64_1.0.0.202410170706/tools/bin/../lib/gcc/arm-none-eabi/13.3.1/../../../../arm-none-eabi/lib/thumb/v7-m/nofp/libc_nano.a(libc_a-fwalk.o)
                              /opt/stm32cubeide/plugins/com.st.stm32cube.ide.mcu.externaltools.gnu-tools-for-stm32.13.3.rel1.linux64_1.0.0.202410170706/tools/bin/../lib/gcc/arm-none-eabi/13.3.1/../../../../arm-none-eabi/lib/thumb/v7-m/nofp/libc_nano.a(libc_a-findfp.o) (_fwalk_sglue)
/opt/stm32cubeide/plugins/com.st.stm32cube.ide.mcu.externaltools.gnu-tools-for-stm32.13.3.rel1.linux64_1.0.0.202410170706/tools/bin/../lib/gcc/arm-none-eabi/13.3.1/../../../../arm-none-eabi/lib/thumb/v7-m/nofp/libc_nano.a(libc_a-stdio.o)
                              /opt/stm32cubeide/plugins/com.st.stm32cube.ide.mcu.externaltools.gnu-tools-for-stm32.13.3.rel1.linux64_1.0.0.202410170706/tools/bin/../lib/gcc/arm-none-eabi/13.3.1/../../../../arm-none-eabi/lib/thumb/v7-m/nofp/libc_nano.a(libc_a-findfp.o) (__sread)
/opt/stm32cubeide/plugins/com.st.stm32cube.ide.mcu.externaltools.gnu-tools-for-stm32.13.3.rel1.linux64_1.0.0.202410170706/tools/bin/../lib/gcc/arm-none-eabi/13.3.1/../../../../arm-none-eabi/lib/thumb/v7-m/nofp/libc_nano.a(libc_a-memset.o)
                              /opt/stm32cubeide/plugins/com.st.stm32cube.ide.mcu.externaltools.gnu-tools-for-stm32.13.3.rel1.linux64_1.0.0.202410170706/tools/bin/../lib/gcc/arm-none-eabi/13.3.1/../../../../arm-none-eabi/lib/thumb/v7-m/nofp/crt0.o (memset)
/opt/stm32cubeide/plugins/com.st.stm32cube.ide.mcu.externaltools.gnu-tools-for-stm32.13.3.rel1.linux64_1.0.0.202410170706/tools/bin/../lib/gcc/arm-none-eabi/13.3.1/../../../../arm-none-eabi/lib/thumb/v7-m/nofp/libc_nano.a(libc_a-strncmp.o)
                              /opt/stm32cubeide/plugins/com.st.stm32cube.ide.mcu.externaltools.gnu-tools-for-stm32.13.3.rel1.linux64_1.0.0.202410170706/tools/bin/../lib/gcc/arm-none-eabi/13.3.1/../../../../arm-none-eabi/lib/thumb/v7-m/nofp/libc_nano.a(libc_a-strtod.o) (strncmp)
/opt/stm32cubeide/plugins/com.st.stm32cube.ide.mcu.externaltools.gnu-tools-for-stm32.13.3.rel1.linux64_1.0.0.202410170706/tools/bin/../lib/gcc/arm-none-eabi/13.3.1/../../../../arm-none-eabi/lib/thumb/v7-m/nofp/libc_nano.a(libc_a-locale.o)
                              /opt/stm32cubeide/plugins/com.st.stm32cube.ide.mcu.externaltools.gnu-tools-for-stm32.13.3.rel1.linux64_1.0.0.202410170706/tools/bin/../lib/gcc/arm-none-eabi/13.3.1/../../../../arm-none-eabi/lib/thumb/v7-m/nofp/libc_nano.a(libc_a-strtod.o) (__global_locale)
[...]
Memory Configuration

Name             Origin             Length             Attributes
RAM              0x20000000         0x00005000         xrw
FLASH            0x08000000         0x00020000         xr
*default*        0x00000000         0xffffffff

Linker script and memory map

LOAD /opt/stm32cubeide/plugins/com.st.stm32cube.ide.mcu.externaltools.gnu-tools-for-stm32.13.3.rel1.linux64_1.0.0.202410170706/tools/bin/../lib/gcc/arm-none-eabi/13.3.1/thumb/v7-m/nofp/crti.o
LOAD /opt/stm32cubeide/plugins/com.st.stm32cube.ide.mcu.externaltools.gnu-tools-for-stm32.13.3.rel1.linux64_1.0.0.202410170706/tools/bin/../lib/gcc/arm-none-eabi/13.3.1/thumb/v7-m/nofp/crtbegin.o
LOAD /opt/stm32cubeide/plugins/com.st.stm32cube.ide.mcu.externaltools.gnu-tools-for-stm32.13.3.rel1.linux64_1.0.0.202410170706/tools/bin/../lib/gcc/arm-none-eabi/13.3.1/../../../../arm-none-eabi/lib/thumb/v7-m/nofp/crt0.o
LOAD ./Core/Src/BLDCcontrol.o
LOAD ./Core/Src/CurrentControl.o
LOAD ./Core/Src/LUT_comms.o
LOAD ./Core/Src/USB_comms.o
LOAD ./Core/Src/command_control.o
LOAD ./Core/Src/main.o
LOAD ./Core/Src/stm32f1xx_hal_msp.o
LOAD ./Core/Src/stm32f1xx_it.o
LOAD ./Core/Src/syscalls.o
LOAD ./Core/Src/sysmem.o
LOAD ./Core/Src/system_stm32f1xx.o
LOAD ./Core/Startup/startup_stm32f103c8tx.o
LOAD ./Drivers/STM32F1xx_HAL_Driver/Src/stm32f1xx_hal.o
LOAD ./Drivers/STM32F1xx_HAL_Driver/Src/stm32f1xx_hal_adc.o
LOAD ./Drivers/STM32F1xx_HAL_Driver/Src/stm32f1xx_hal_adc_ex.o
LOAD ./Drivers/STM32F1xx_HAL_Driver/Src/stm32f1xx_hal_cortex.o
LOAD ./Drivers/STM32F1xx_HAL_Driver/Src/stm32f1xx_hal_dma.o
LOAD ./Drivers/STM32F1xx_HAL_Driver/Src/stm32f1xx_hal_exti.o
LOAD ./Drivers/STM32F1xx_HAL_Driver/Src/stm32f1xx_hal_flash.o
LOAD ./Drivers/STM32F1xx_HAL_Driver/Src/stm32f1xx_hal_flash_ex.o
LOAD ./Drivers/STM32F1xx_HAL_Driver/Src/stm32f1xx_hal_gpio.o
LOAD ./Drivers/STM32F1xx_HAL_Driver/Src/stm32f1xx_hal_gpio_ex.o
LOAD ./Drivers/STM32F1xx_HAL_Driver/Src/stm32f1xx_hal_pcd.o
LOAD ./Drivers/STM32F1xx_HAL_Driver/Src/stm32f1xx_hal_pcd_ex.o
LOAD ./Drivers/STM32F1xx_HAL_Driver/Src/stm32f1xx_hal_pwr.o
LOAD ./Drivers/STM32F1xx_HAL_Driver/Src/stm32f1xx_hal_rcc.o
LOAD ./Drivers/STM32F1xx_HAL_Driver/Src/stm32f1xx_hal_rcc_ex.o
LOAD ./Drivers/STM32F1xx_HAL_Driver/Src/stm32f1xx_hal_spi.o
LOAD ./Drivers/STM32F1xx_HAL_Driver/Src/stm32f1xx_hal_tim.o
LOAD ./Drivers/STM32F1xx_HAL_Driver/Src/stm32f1xx_hal_tim_ex.o
LOAD ./Drivers/STM32F1xx_HAL_Driver/Src/stm32f1xx_ll_usb.o
LOAD ./Middlewares/ST/STM32_USB_Device_Library/Class/CDC/Src/usbd_cdc.o
LOAD ./Middlewares/ST/STM32_USB_Device_Library/Core/Src/usbd_core.o
LOAD ./Middlewares/ST/STM32_USB_Device_Library/Core/Src/usbd_ctlreq.o
LOAD ./Middlewares/ST/STM32_USB_Device_Library/Core/Src/usbd_ioreq.o
LOAD ./USB_DEVICE/App/usb_device.o
LOAD ./USB_DEVICE/App/usbd_cdc_if.o
LOAD ./USB_DEVICE/App/usbd_desc.o
LOAD ./USB_DEVICE/Target/usbd_conf.o
START GROUP
LOAD /opt/stm32cubeide/plugins/com.st.stm32cube.ide.mcu.externaltools.gnu-tools-for-stm32.13.3.rel1.linux64_1.0.0.202410170706/tools/bin/../lib/gcc/arm-none-eabi/13.3.1/../../../../arm-none-eabi/lib/thumb/v7-m/nofp/libc_nano.a
LOAD /opt/stm32cubeide/plugins/com.st.stm32cube.ide.mcu.externaltools.gnu-tools-for-stm32.13.3.rel1.linux64_1.0.0.202410170706/tools/bin/../lib/gcc/arm-none-eabi/13.3.1/../../../../arm-none-eabi/lib/thumb/v7-m/nofp/libm.a
END GROUP
START GROUP
LOAD /opt/stm32cubeide/plugins/com.st.stm32cube.ide.mcu.externaltools.gnu-tools-for-stm32.13.3.rel1.linux64_1.0.0.202410170706/tools/bin/../lib/gcc/arm-none-eabi/13.3.1/thumb/v7-m/nofp/libgcc.a
LOAD /opt/stm32cubeide/plugins/com.st.stm32cube.ide.mcu.externaltools.gnu-tools-for-stm32.13.3.rel1.linux64_1.0.0.202410170706/tools/bin/../lib/gcc/arm-none-eabi/13.3.1/../../../../arm-none-eabi/lib/thumb/v7-m/nofp/libc_nano.a
END GROUP
START GROUP
LOAD /opt/stm32cubeide/plugins/com.st.stm32cube.ide.mcu.externaltools.gnu-tools-for-stm32.13.3.rel1.linux64_1.0.0.202410170706/tools/bin/../lib/gcc/arm-none-eabi/13.3.1/thumb/v7-m/nofp/libgcc.a
LOAD /opt/stm32cubeide/plugins/com.st.stm32cube.ide.mcu.externaltools.gnu-tools-for-stm32.13.3.rel1.linux64_1.0.0.202410170706/tools/bin/../lib/gcc/arm-none-eabi/13.3.1/../../../../arm-none-eabi/lib/thumb/v7-m/nofp/libc_nano.a
LOAD /opt/stm32cubeide/plugins/com.st.stm32cube.ide.mcu.externaltools.gnu-tools-for-stm32.13.3.rel1.linux64_1.0.0.202410170706/tools/bin/../lib/gcc/arm-none-eabi/13.3.1/../../../../arm-none-eabi/lib/thumb/v7-m/nofp/libnosys.a
END GROUP
START GROUP
LOAD /opt/stm32cubeide/plugins/com.st.stm32cube.ide.mcu.externaltools.gnu-tools-for-stm32.13.3.rel1.linux64_1.0.0.202410170706/tools/bin/../lib/gcc/arm-none-eabi/13.3.1/thumb/v7-m/nofp/libgcc.a
LOAD /opt/stm32cubeide/plugins/com.st.stm32cube.ide.mcu.externaltools.gnu-tools-for-stm32.13.3.rel1.linux64_1.0.0.202410170706/tools/bin/../lib/gcc/arm-none-eabi/13.3.1/../../../../arm-none-eabi/lib/thumb/v7-m/nofp/libc_nano.a
LOAD /opt/stm32cubeide/plugins/com.st.stm32cube.ide.mcu.externaltools.gnu-tools-for-stm32.13.3.rel1.linux64_1.0.0.202410170706/tools/bin/../lib/gcc/arm-none-eabi/13.3.1/../../../../arm-none-eabi/lib/thumb/v7-m/nofp/libnosys.a
END GROUP
LOAD /opt/stm32cubeide/plugins/com.st.stm32cube.ide.mcu.externaltools.gnu-tools-for-stm32.13.3.rel1.linux64_1.0.0.202410170706/tools/bin/../lib/gcc/arm-none-eabi/13.3.1/thumb/v7-m/nofp/crtend.o
LOAD /opt/stm32cubeide/plugins/com.st.stm32cube.ide.mcu.externaltools.gnu-tools-for-stm32.13.3.rel1.linux64_1.0.0.202410170706/tools/bin/../lib/gcc/arm-none-eabi/13.3.1/thumb/v7-m/nofp/crtn.o
                0x20005000                        _estack = (ORIGIN (RAM) + LENGTH (RAM))
                0x00000200                        _Min_Heap_Size = 0x200
                0x00000400                        _Min_Stack_Size = 0x400

.isr_vector     0x08000000      0x10c
                0x08000000                        . = ALIGN (0x4)
 *(.isr_vector)
 .isr_vector    0x08000000      0x10c ./Core/Startup/startup_stm32f103c8tx.o
                0x08000000                g_pfnVectors
                0x0800010c                        . = ALIGN (0x4)

.text           0x08000110     0xfd14
                0x08000110                        . = ALIGN (0x4)
 *(.text)
 .text          0x08000110       0x40 /opt/stm32cubeide/plugins/com.st.stm32cube.ide.mcu.externaltools.gnu-tools-for-stm32.13.3.rel1.linux64_1.0.0.202410170706/tools/bin/../lib/gcc/arm-none-eabi/13.3.1/thumb/v7-m/nofp/crtbegin.o
 .text          0x08000150       0x10 /opt/stm32cubeide/plugins/com.st.stm32cube.ide.mcu.externaltools.gnu-tools-for-stm32.13.3.rel1.linux64_1.0.0.202410170706/tools/bin/../lib/gcc/arm-none-eabi/13.3.1/../../../../arm-none-eabi/lib/thumb/v7-m/nofp/libc_nano.a(libc_a-strlen.o)
                0x08000150                strlen
 .text          0x08000160      0x378 /opt/stm32cubeide/plugins/com.st.stm32cube.ide.mcu.externaltools.gnu-tools-for-stm32.13.3.rel1.linux64_1.0.0.202410170706/tools/bin/../lib/gcc/arm-none-eabi/13.3.1/thumb/v7-m/nofp/libgcc.a(_arm_addsubdf3.o)
                0x08000160                __aeabi_drsub
                0x08000168                __aeabi_dsub
                0x08000168                __subdf3
                0x0800016c                __adddf3
                0x0800016c                __aeabi_dadd
                0x080003e4                __aeabi_ui2d
                0x080003e4                __floatunsidf
                0x08000404                __floatsidf
                0x08000404                __aeabi_i2d
                0x08000428                __extendsfdf2
                0x08000428                __aeabi_f2d
                0x0800046c                __aeabi_ul2d
                0x0800046c                __floatundidf
                0x0800047c                __floatdidf
                0x0800047c                __aeabi_l2d
 .text          0x080004d8      0x424 /opt/stm32cubeide/plugins/com.st.stm32cube.ide.mcu.externaltools.gnu-tools-for-stm32.13.3.rel1.linux64_1.0.0.202410170706/tools/bin/../lib/gcc/arm-none-eabi/13.3.1/thumb/v7-m/nofp/libgcc.a(_arm_muldivdf3.o)
                0x080004d8                __aeabi_dmul
                0x080004d8                __muldf3
                0x0800072c                __aeabi_ddiv
                0x0800072c                __divdf3
 .text          0x080008fc      0x110 /opt/stm32cubeide/plugins/com.st.stm32cube.ide.mcu.externaltools.gnu-tools-for-stm32.13.3.rel1.linux64_1.0.0.202410170706/tools/bin/../lib/gcc/arm-none-eabi/13.3.1/thumb/v7-m/nofp/libgcc.a(_arm_cmpdf2.o)
                0x080008fc                __gtdf2
                0x080008fc                __gedf2
                0x08000904                __ltdf2
                0x08000904                __ledf2
                0x0800090c                __cmpdf2
                0x0800090c                __eqdf2
                0x0800090c                __nedf2
                0x08000988                __aeabi_cdrcmple
                0x08000998                __aeabi_cdcmple
                0x08000998                __aeabi_cdcmpeq
                0x080009a8                __aeabi_dcmpeq
                0x080009bc                __aeabi_dcmplt
                0x080009d0                __aeabi_dcmple
                0x080009e4                __aeabi_dcmpge
                0x080009f8                __aeabi_dcmpgt
 .text          0x08000a0c       0x50 /opt/stm32cubeide/plugins/com.st.stm32cube.ide.mcu.externaltools.gnu-tools-for-stm32.13.3.rel1.linux64_1.0.0.202410170706/tools/bin/../lib/gcc/arm-none-eabi/13.3.1/thumb/v7-m/nofp/libgcc.a(_arm_fixdfsi.o)
                0x08000a0c                __fixdfsi
                0x08000a0c                __aeabi_d2iz
 .text          0x08000a5c       0x40 /opt/stm32cubeide/plugins/com.st.stm32cube.ide.mcu.externaltools.gnu-tools-for-stm32.13.3.rel1.linux64_1.0.0.202410170706/tools/bin/../lib/gcc/arm-none-eabi/13.3.1/thumb/v7-m/nofp/libgcc.a(_arm_fixunsdfsi.o)
                0x08000a5c                __fixunsdfsi
                0x08000a5c                __aeabi_d2uiz
 .text          0x08000a9c       0xa0 /opt/stm32cubeide/plugins/com.st.stm32cube.ide.mcu.externaltools.gnu-tools-for-stm32.13.3.rel1.linux64_1.0.0.202410170706/tools/bin/../lib/gcc/arm-none-eabi/13.3.1/thumb/v7-m/nofp/libgcc.a(_arm_truncdfsf2.o)
                0x08000a9c                __aeabi_d2f
                0x08000a9c                __truncdfsf2
 .text          0x08000b3c      0x21c /opt/stm32cubeide/plugins/com.st.stm32cube.ide.mcu.externaltools.gnu-tools-for-stm32.13.3.rel1.linux64_1.0.0.202410170706/tools/bin/../lib/gcc/arm-none-eabi/13.3.1/thumb/v7-m/nofp/libgcc.a(_arm_addsubsf3.o)
                0x08000b3c                __aeabi_frsub
                0x08000b44                __subsf3
                0x08000b44                __aeabi_fsub
                0x08000b48                __aeabi_fadd
                0x08000b48                __addsf3
                0x08000ca8                __aeabi_ui2f
                0x08000ca8                __floatunsisf
                0x08000cb0                __aeabi_i2f
                0x08000cb0                __floatsisf
                0x08000ccc                __floatundisf
                0x08000ccc                __aeabi_ul2f
                0x08000cdc                __floatdisf
                0x08000cdc                __aeabi_l2f
 .text          0x08000d58      0x2a0 /opt/stm32cubeide/plugins/com.st.stm32cube.ide.mcu.externaltools.gnu-tools-for-stm32.13.3.rel1.linux64_1.0.0.202410170706/tools/bin/../lib/gcc/arm-none-eabi/13.3.1/thumb/v7-m/nofp/libgcc.a(_arm_muldivsf3.o)
                0x08000d58                __mulsf3
                0x08000d58                __aeabi_fmul
                0x08000ec0                __divsf3
                0x08000ec0                __aeabi_fdiv
 .text          0x08000ff8       0xec /opt/stm32cubeide/plugins/com.st.stm32cube.ide.mcu.externaltools.gnu-tools-for-stm32.13.3.rel1.linux64_1.0.0.202410170706/tools/bin/../lib/gcc/arm-none-eabi/13.3.1/thumb/v7-m/nofp/libgcc.a(_arm_cmpsf2.o)
                0x08000ff8                __gtsf2
                0x08000ff8                __gesf2
                0x08001000                __lesf2
                0x08001000                __ltsf2
                0x08001008                __nesf2
                0x08001008                __eqsf2
                0x08001008                __cmpsf2
                0x08001068                __aeabi_cfrcmple
                0x08001070                __aeabi_cfcmple
                0x08001070                __aeabi_cfcmpeq
                0x08001080                __aeabi_fcmpeq
                0x08001094                __aeabi_fcmplt
                0x080010a8                __aeabi_fcmple
                0x080010bc                __aeabi_fcmpge
                0x080010d0                __aeabi_fcmpgt
 .text          0x080010e4       0x4c /opt/stm32cubeide/plugins/com.st.stm32cube.ide.mcu.externaltools.gnu-tools-for-stm32.13.3.rel1.linux64_1.0.0.202410170706/tools/bin/../lib/gcc/arm-none-eabi/13.3.1/thumb/v7-m/nofp/libgcc.a(_arm_fixsfsi.o)
                0x080010e4                __fixsfsi
                0x080010e4                __aeabi_f2iz
 .text          0x08001130       0x40 /opt/stm32cubeide/plugins/com.st.stm32cube.ide.mcu.externaltools.gnu-tools-for-stm32.13.3.rel1.linux64_1.0.0.202410170706/tools/bin/../lib/gcc/arm-none-eabi/13.3.1/thumb/v7-m/nofp/libgcc.a(_arm_fixunssfsi.o)
                0x08001130                __aeabi_f2uiz
                0x08001130                __fixunssfsi
 .text          0x08001170       0x30 /opt/stm32cubeide/plugins/com.st.stm32cube.ide.mcu.externaltools.gnu-tools-for-stm32.13.3.rel1.linux64_1.0.0.202410170706/tools/bin/../lib/gcc/arm-none-eabi/13.3.1/thumb/v7-m/nofp/libgcc.a(_fixdfdi.o)
                0x08001170                __aeabi_d2lz
                0x08001170                __fixdfdi
 .text          0x080011a0       0x3c /opt/stm32cubeide/plugins/com.st.stm32cube.ide.mcu.externaltools.gnu-tools-for-stm32.13.3.rel1.linux64_1.0.0.202410170706/tools/bin/../lib/gcc/arm-none-eabi/13.3.1/thumb/v7-m/nofp/libgcc.a(_fixunsdfdi.o)
                0x080011a0                __aeabi_d2ulz
                0x080011a0                __fixunsdfdi
 *(.text*)
 .text.set_speed
                0x080011dc       0x3c ./Core/Src/BLDCcontrol.o
                0x080011dc                set_speed
 .text.get_speed
                0x08001218       0x48 ./Core/Src/BLDCcontrol.o
                0x08001218                get_speed
 .text.get_speed_meas
                0x08001260       0x48 ./Core/Src/BLDCcontrol.o
                0x08001260                get_speed_meas
 .text.HAL_TIM_IC_CaptureCallback
                0x080012a8      0x110 ./Core/Src/BLDCcontrol.o
                0x080012a8                HAL_TIM_IC_CaptureCallback
 .text.HAL_TIM_PeriodElapsedCallback
                0x080013b8       0x24 ./Core/Src/BLDCcontrol.o
                0x080013b8                HAL_TIM_PeriodElapsedCallback
 .text.curr_control_init
                0x080013dc       0x70 ./Core/Src/CurrentControl.o
                0x080013dc                curr_control_init
 .text.get_I_meas
                0x0800144c       0x38 ./Core/Src/CurrentControl.o
                0x0800144c                get_I_meas
 .text.get_I_float
                0x08001484       0x38 ./Core/Src/CurrentControl.o
                0x08001484                get_I_float
 .text.set_I_float
                0x080014bc       0x74 ./Core/Src/CurrentControl.o
                0x080014bc                set_I_float
 .text.set_I_int
                0x08001530       0x44 ./Core/Src/CurrentControl.o
                0x08001530                set_I_int
 .text.HAL_ADC_ConvCpltCallback
                0x08001574       0xe4 ./Core/Src/CurrentControl.o
                0x08001574                HAL_ADC_ConvCpltCallback
 .text.init_LUT_comms
                0x08001658       0x20 ./Core/Src/LUT_comms.o
                0x08001658                init_LUT_comms
 .text.HAL_SPI_TxCpltCallback
                0x08001678       0x54 ./Core/Src/LUT_comms.o
                0x08001678                HAL_SPI_TxCpltCallback
 .text.command_I
                0x080016cc       0xbc ./Core/Src/command_control.o
                0x080016cc                command_I
 .text.command_S
                0x08001788       0xdc ./Core/Src/command_control.o
                0x08001788                command_S
 .text.main     0x08001864       0xb4 ./Core/Src/main.o
                0x08001864                main
 .text.SystemClock_Config
                0x08001918       0xba ./Core/Src/main.o
                0x08001918                SystemClock_Config
 *fill*         0x080019d2        0x2 
 .text.MX_ADC1_Init
                0x080019d4       0x7c ./Core/Src/main.o
 .text.MX_SPI1_Init
                0x08001a50       0x64 ./Core/Src/main.o
 .text.MX_TIM1_Init
                0x08001ab4       0xd4 ./Core/Src/main.o
 .text.MX_TIM3_Init
                0x08001b88       0xe8 ./Core/Src/main.o
 .text.MX_TIM4_Init
                0x08001c70      0x118 ./Core/Src/main.o
 .text.MX_DMA_Init
                0x08001d88       0x3c ./Core/Src/main.o
 .text.MX_GPIO_Init
                0x08001dc4      0x110 ./Core/Src/main.o
 .text.Error_Handler
                0x08001ed4        0xc ./Core/Src/main.o
                0x08001ed4                Error_Handler
 .text.HAL_MspInit
                0x08001ee0       0x64 ./Core/Src/stm32f1xx_hal_msp.o
                0x08001ee0                HAL_MspInit
 .text.HAL_ADC_MspInit
                0x08001f44       0x88 ./Core/Src/stm32f1xx_hal_msp.o
                0x08001f44                HAL_ADC_MspInit
 .text.HAL_SPI_MspInit
                0x08001fcc      0x154 ./Core/Src/stm32f1xx_hal_msp.o
                0x08001fcc                HAL_SPI_MspInit
 .text.HAL_TIM_Base_MspInit
                0x08002120      0x114 ./Core/Src/stm32f1xx_hal_msp.o
                0x08002120                HAL_TIM_Base_MspInit
 .text.NMI_Handler
                0x08002234        0x8 ./Core/Src/stm32f1xx_it.o
                0x08002234                NMI_Handler
 .text.HardFault_Handler
                0x0800223c        0x8 ./Core/Src/stm32f1xx_it.o
                0x0800223c                HardFault_Handler
 .text.MemManage_Handler
                0x08002244        0x8 ./Core/Src/stm32f1xx_it.o
                0x08002244                MemManage_Handler
 .text.BusFault_Handler
                0x0800224c        0x8 ./Core/Src/stm32f1xx_it.o
                0x0800224c                BusFault_Handler
 .text.UsageFault_Handler
                0x08002254        0x8 ./Core/Src/stm32f1xx_it.o
                0x08002254                UsageFault_Handler
 .text.SVC_Handler
                0x0800225c        0xc ./Core/Src/stm32f1xx_it.o
                0x0800225c                SVC_Handler
 .text.DebugMon_Handler
                0x08002268        0xc ./Core/Src/stm32f1xx_it.o
                0x08002268                DebugMon_Handler
 .text.PendSV_Handler
                0x08002274        0xc ./Core/Src/stm32f1xx_it.o
                0x08002274                PendSV_Handler
 .text.SysTick_Handler
                0x08002280        0xc ./Core/Src/stm32f1xx_it.o
                0x08002280                SysTick_Handler
 .text.DMA1_Channel3_IRQHandler
                0x0800228c       0x14 ./Core/Src/stm32f1xx_it.o
                0x0800228c                DMA1_Channel3_IRQHandler
 .text.ADC1_2_IRQHandler
                0x080022a0       0x14 ./Core/Src/stm32f1xx_it.o
                0x080022a0                ADC1_2_IRQHandler
 .text.USB_LP_CAN1_RX0_IRQHandler
                0x080022b4       0x14 ./Core/Src/stm32f1xx_it.o
                0x080022b4                USB_LP_CAN1_RX0_IRQHandler
 .text.TIM4_IRQHandler
                0x080022c8       0x14 ./Core/Src/stm32f1xx_it.o
                0x080022c8                TIM4_IRQHandler
 .text.SPI1_IRQHandler
                0x080022dc       0x14 ./Core/Src/stm32f1xx_it.o
                0x080022dc                SPI1_IRQHandler
 .text._getpid  0x080022f0        0xe ./Core/Src/syscalls.o
                0x080022f0                _getpid
 .text._kill    0x080022fe       0x20 ./Core/Src/syscalls.o
                0x080022fe                _kill
 .text._exit    0x0800231e       0x16 ./Core/Src/syscalls.o
                0x0800231e                _exit
 .text._read    0x08002334       0x3a ./Core/Src/syscalls.o
                0x08002334                _read
 .text._write   0x0800236e       0x38 ./Core/Src/syscalls.o
                0x0800236e                _write
 .text._close   0x080023a6       0x16 ./Core/Src/syscalls.o
                0x080023a6                _close
 .text._fstat   0x080023bc       0x1e ./Core/Src/syscalls.o
                0x080023bc                _fstat
 .text._isatty  0x080023da       0x14 ./Core/Src/syscalls.o
                0x080023da                _isatty
 .text._lseek   0x080023ee       0x18 ./Core/Src/syscalls.o
                0x080023ee                _lseek
 *fill*         0x08002406        0x2 
 .text._sbrk    0x08002408       0x6c ./Core/Src/sysmem.o
                0x08002408                _sbrk
 .text.SystemInit
                0x08002474        0xc ./Core/Src/system_stm32f1xx.o
                0x08002474                SystemInit
 .text.Reset_Handler
                0x08002480       0x48 ./Core/Startup/startup_stm32f103c8tx.o
                0x08002480                Reset_Handler
 .text.Default_Handler
                0x080024c8        0x2 ./Core/Startup/startup_stm32f103c8tx.o
                0x080024c8                RTC_Alarm_IRQHandler
                0x080024c8                EXTI2_IRQHandler
                0x080024c8                TIM1_CC_IRQHandler
                0x080024c8                PVD_IRQHandler
                0x080024c8                EXTI3_IRQHandler
                0x080024c8                EXTI0_IRQHandler
                0x080024c8                I2C2_EV_IRQHandler
                0x080024c8                TAMPER_IRQHandler
                0x080024c8                DMA1_Channel4_IRQHandler
                0x080024c8                USART3_IRQHandler
                0x080024c8                RTC_IRQHandler
                0x080024c8                DMA1_Channel7_IRQHandler
                0x080024c8                CAN1_RX1_IRQHandler
                0x080024c8                I2C1_EV_IRQHandler
                0x080024c8                DMA1_Channel6_IRQHandler
                0x080024c8                TIM3_IRQHandler
                0x080024c8                RCC_IRQHandler
                0x080024c8                TIM1_TRG_COM_IRQHandler
                0x080024c8                DMA1_Channel1_IRQHandler
                0x080024c8                Default_Handler
                0x080024c8                EXTI15_10_IRQHandler
                0x080024c8                EXTI9_5_IRQHandler
                0x080024c8                SPI2_IRQHandler
                0x080024c8                DMA1_Channel5_IRQHandler
                0x080024c8                EXTI4_IRQHandler
                0x080024c8                USB_HP_CAN1_TX_IRQHandler
                0x080024c8                TIM1_UP_IRQHandler
                0x080024c8                WWDG_IRQHandler
                0x080024c8                TIM2_IRQHandler
                0x080024c8                TIM1_BRK_IRQHandler
                0x080024c8                EXTI1_IRQHandler
                0x080024c8                USART2_IRQHandler
                0x080024c8                I2C2_ER_IRQHandler
                0x080024c8                DMA1_Channel2_IRQHandler
                0x080024c8                CAN1_SCE_IRQHandler
                0x080024c8                FLASH_IRQHandler
                0x080024c8                USART1_IRQHandler
                0x080024c8                I2C1_ER_IRQHandler
                0x080024c8                USBWakeUp_IRQHandler
 *fill*         0x080024ca        0x2 
 .text.HAL_Init
                0x080024cc       0x2c ./Drivers/STM32F1xx_HAL_Driver/Src/stm32f1xx_hal.o
                0x080024cc                HAL_Init
 .text.HAL_InitTick
                0x080024f8       0x60 ./Drivers/STM32F1xx_HAL_Driver/Src/stm32f1xx_hal.o
                0x080024f8                HAL_InitTick
 .text.HAL_IncTick
                0x08002558       0x24 ./Drivers/STM32F1xx_HAL_Driver/Src/stm32f1xx_hal.o
                0x08002558                HAL_IncTick
 .text.HAL_GetTick
                0x0800257c       0x14 ./Drivers/STM32F1xx_HAL_Driver/Src/stm32f1xx_hal.o
                0x0800257c                HAL_GetTick
 .text.HAL_ADC_Init
                0x08002590      0x1b0 ./Drivers/STM32F1xx_HAL_Driver/Src/stm32f1xx_hal_adc.o
                0x08002590                HAL_ADC_Init
 .text.HAL_ADC_Start_IT
                0x08002740      0x16c ./Drivers/STM32F1xx_HAL_Driver/Src/stm32f1xx_hal_adc.o
                0x08002740                HAL_ADC_Start_IT
 .text.HAL_ADC_GetValue
                0x080028ac       0x18 ./Drivers/STM32F1xx_HAL_Driver/Src/stm32f1xx_hal_adc.o
                0x080028ac                HAL_ADC_GetValue
 .text.HAL_ADC_IRQHandler
                0x080028c4      0x17e ./Drivers/STM32F1xx_HAL_Driver/Src/stm32f1xx_hal_adc.o
                0x080028c4                HAL_ADC_IRQHandler
 .text.HAL_ADC_LevelOutOfWindowCallback
                0x08002a42       0x12 ./Drivers/STM32F1xx_HAL_Driver/Src/stm32f1xx_hal_adc.o
                0x08002a42                HAL_ADC_LevelOutOfWindowCallback
 .text.HAL_ADC_ConfigChannel
                0x08002a54      0x1f0 ./Drivers/STM32F1xx_HAL_Driver/Src/stm32f1xx_hal_adc.o
                0x08002a54                HAL_ADC_ConfigChannel
 .text.ADC_Enable
                0x08002c44       0xb4 ./Drivers/STM32F1xx_HAL_Driver/Src/stm32f1xx_hal_adc.o
                0x08002c44                ADC_Enable
 .text.ADC_ConversionStop_Disable
                0x08002cf8       0x82 ./Drivers/STM32F1xx_HAL_Driver/Src/stm32f1xx_hal_adc.o
                0x08002cf8                ADC_ConversionStop_Disable
 *fill*         0x08002d7a        0x2 
 .text.HAL_ADCEx_Calibration_Start
                0x08002d7c      0x15c ./Drivers/STM32F1xx_HAL_Driver/Src/stm32f1xx_hal_adc_ex.o
                0x08002d7c                HAL_ADCEx_Calibration_Start
 .text.HAL_ADCEx_InjectedConvCpltCallback
                0x08002ed8       0x12 ./Drivers/STM32F1xx_HAL_Driver/Src/stm32f1xx_hal_adc_ex.o
                0x08002ed8                HAL_ADCEx_InjectedConvCpltCallback
 *fill*         0x08002eea        0x2 
 .text.__NVIC_SetPriorityGrouping
                0x08002eec       0x48 ./Drivers/STM32F1xx_HAL_Driver/Src/stm32f1xx_hal_cortex.o
 .text.__NVIC_GetPriorityGrouping
                0x08002f34       0x1c ./Drivers/STM32F1xx_HAL_Driver/Src/stm32f1xx_hal_cortex.o
 .text.__NVIC_EnableIRQ
                0x08002f50       0x38 ./Drivers/STM32F1xx_HAL_Driver/Src/stm32f1xx_hal_cortex.o
 .text.__NVIC_SetPriority
                0x08002f88       0x54 ./Drivers/STM32F1xx_HAL_Driver/Src/stm32f1xx_hal_cortex.o
 .text.NVIC_EncodePriority
                0x08002fdc       0x64 ./Drivers/STM32F1xx_HAL_Driver/Src/stm32f1xx_hal_cortex.o
 .text.SysTick_Config
                0x08003040       0x44 ./Drivers/STM32F1xx_HAL_Driver/Src/stm32f1xx_hal_cortex.o
 .text.HAL_NVIC_SetPriorityGrouping
                0x08003084       0x16 ./Drivers/STM32F1xx_HAL_Driver/Src/stm32f1xx_hal_cortex.o
                0x08003084                HAL_NVIC_SetPriorityGrouping
 .text.HAL_NVIC_SetPriority
                0x0800309a       0x38 ./Drivers/STM32F1xx_HAL_Driver/Src/stm32f1xx_hal_cortex.o
                0x0800309a                HAL_NVIC_SetPriority
 .text.HAL_NVIC_EnableIRQ
                0x080030d2       0x1c ./Drivers/STM32F1xx_HAL_Driver/Src/stm32f1xx_hal_cortex.o
                0x080030d2                HAL_NVIC_EnableIRQ
 .text.HAL_SYSTICK_Config
                0x080030ee       0x18 ./Drivers/STM32F1xx_HAL_Driver/Src/stm32f1xx_hal_cortex.o
                0x080030ee                HAL_SYSTICK_Config
 *fill*         0x08003106        0x2 
 .text.HAL_DMA_Init
                0x08003108       0xb4 ./Drivers/STM32F1xx_HAL_Driver/Src/stm32f1xx_hal_dma.o
                0x08003108                HAL_DMA_Init
 .text.HAL_DMA_Start_IT
                0x080031bc       0xc0 ./Drivers/STM32F1xx_HAL_Driver/Src/stm32f1xx_hal_dma.o
                0x080031bc                HAL_DMA_Start_IT
 .text.HAL_DMA_Abort_IT
                0x0800327c       0xf0 ./Drivers/STM32F1xx_HAL_Driver/Src/stm32f1xx_hal_dma.o
                0x0800327c                HAL_DMA_Abort_IT
 .text.HAL_DMA_IRQHandler
                0x0800336c      0x20c ./Drivers/STM32F1xx_HAL_Driver/Src/stm32f1xx_hal_dma.o
                0x0800336c                HAL_DMA_IRQHandler
 .text.DMA_SetConfig
                0x08003578       0x5a ./Drivers/STM32F1xx_HAL_Driver/Src/stm32f1xx_hal_dma.o
 *fill*         0x080035d2        0x2 
 .text.HAL_GPIO_Init
                0x080035d4      0x308 ./Drivers/STM32F1xx_HAL_Driver/Src/stm32f1xx_hal_gpio.o
                0x080035d4                HAL_GPIO_Init
 .text.HAL_GPIO_WritePin
                0x080038dc       0x30 ./Drivers/STM32F1xx_HAL_Driver/Src/stm32f1xx_hal_gpio.o
                0x080038dc                HAL_GPIO_WritePin
 .text.HAL_PCD_Init
                0x0800390c      0x1ec ./Drivers/STM32F1xx_HAL_Driver/Src/stm32f1xx_hal_pcd.o
                0x0800390c                HAL_PCD_Init
 .text.HAL_PCD_Start
                0x08003af8       0x4c ./Drivers/STM32F1xx_HAL_Driver/Src/stm32f1xx_hal_pcd.o
                0x08003af8                HAL_PCD_Start
 .text.HAL_PCD_IRQHandler
                0x08003b44      0x260 ./Drivers/STM32F1xx_HAL_Driver/Src/stm32f1xx_hal_pcd.o
                0x08003b44                HAL_PCD_IRQHandler
 .text.HAL_PCD_SetAddress
                0x08003da4       0x48 ./Drivers/STM32F1xx_HAL_Driver/Src/stm32f1xx_hal_pcd.o
                0x08003da4                HAL_PCD_SetAddress
 .text.HAL_PCD_EP_Open
                0x08003dec       0xba ./Drivers/STM32F1xx_HAL_Driver/Src/stm32f1xx_hal_pcd.o
                0x08003dec                HAL_PCD_EP_Open
 .text.HAL_PCD_EP_Close
                0x08003ea6       0x90 ./Drivers/STM32F1xx_HAL_Driver/Src/stm32f1xx_hal_pcd.o
                0x08003ea6                HAL_PCD_EP_Close
 .text.HAL_PCD_EP_Receive
                0x08003f36       0x62 ./Drivers/STM32F1xx_HAL_Driver/Src/stm32f1xx_hal_pcd.o
                0x08003f36                HAL_PCD_EP_Receive
 .text.HAL_PCD_EP_GetRxCount
                0x08003f98       0x2e ./Drivers/STM32F1xx_HAL_Driver/Src/stm32f1xx_hal_pcd.o
                0x08003f98                HAL_PCD_EP_GetRxCount
 .text.HAL_PCD_EP_Transmit
                0x08003fc6       0x6e ./Drivers/STM32F1xx_HAL_Driver/Src/stm32f1xx_hal_pcd.o
                0x08003fc6                HAL_PCD_EP_Transmit
 .text.HAL_PCD_EP_SetStall
                0x08004034       0xc0 ./Drivers/STM32F1xx_HAL_Driver/Src/stm32f1xx_hal_pcd.o
                0x08004034                HAL_PCD_EP_SetStall
 .text.HAL_PCD_EP_ClrStall
                0x080040f4       0xa8 ./Drivers/STM32F1xx_HAL_Driver/Src/stm32f1xx_hal_pcd.o
                0x080040f4                HAL_PCD_EP_ClrStall
 .text.PCD_EP_ISR_Handler
                0x0800419c      0x79e ./Drivers/STM32F1xx_HAL_Driver/Src/stm32f1xx_hal_pcd.o
 .text.HAL_PCD_EP_DB_Receive
                0x0800493a      0x21a ./Drivers/STM32F1xx_HAL_Driver/Src/stm32f1xx_hal_pcd.o
 .text.HAL_PCD_EP_DB_Transmit
                0x08004b54      0x7f4 ./Drivers/STM32F1xx_HAL_Driver/Src/stm32f1xx_hal_pcd.o
 .text.HAL_PCDEx_PMAConfig
                0x08005348       0x84 ./Drivers/STM32F1xx_HAL_Driver/Src/stm32f1xx_hal_pcd_ex.o
                0x08005348                HAL_PCDEx_PMAConfig
 .text.HAL_RCC_OscConfig
                0x080053cc      0x504 ./Drivers/STM32F1xx_HAL_Driver/Src/stm32f1xx_hal_rcc.o
                0x080053cc                HAL_RCC_OscConfig
 .text.HAL_RCC_ClockConfig
                0x080058d0      0x1d4 ./Drivers/STM32F1xx_HAL_Driver/Src/stm32f1xx_hal_rcc.o
                0x080058d0                HAL_RCC_ClockConfig
 .text.HAL_RCC_GetSysClockFreq
                0x08005aa4       0xa8 ./Drivers/STM32F1xx_HAL_Driver/Src/stm32f1xx_hal_rcc.o
                0x08005aa4                HAL_RCC_GetSysClockFreq
 .text.HAL_RCC_GetHCLKFreq
                0x08005b4c       0x14 ./Drivers/STM32F1xx_HAL_Driver/Src/stm32f1xx_hal_rcc.o
                0x08005b4c                HAL_RCC_GetHCLKFreq
 .text.HAL_RCC_GetPCLK2Freq
                0x08005b60       0x28 ./Drivers/STM32F1xx_HAL_Driver/Src/stm32f1xx_hal_rcc.o
                0x08005b60                HAL_RCC_GetPCLK2Freq
 .text.RCC_Delay
                0x08005b88       0x3c ./Drivers/STM32F1xx_HAL_Driver/Src/stm32f1xx_hal_rcc.o
 .text.HAL_RCCEx_PeriphCLKConfig
                0x08005bc4      0x16c ./Drivers/STM32F1xx_HAL_Driver/Src/stm32f1xx_hal_rcc_ex.o
                0x08005bc4                HAL_RCCEx_PeriphCLKConfig
 .text.HAL_RCCEx_GetPeriphCLKFreq
                0x08005d30      0x16c ./Drivers/STM32F1xx_HAL_Driver/Src/stm32f1xx_hal_rcc_ex.o
                0x08005d30                HAL_RCCEx_GetPeriphCLKFreq
 .text.HAL_SPI_Init
                0x08005e9c      0x108 ./Drivers/STM32F1xx_HAL_Driver/Src/stm32f1xx_hal_spi.o
                0x08005e9c                HAL_SPI_Init
 .text.HAL_SPI_Transmit_DMA
                0x08005fa4      0x164 ./Drivers/STM32F1xx_HAL_Driver/Src/stm32f1xx_hal_spi.o
                0x08005fa4                HAL_SPI_Transmit_DMA
 .text.HAL_SPI_IRQHandler
                0x08006108      0x1cc ./Drivers/STM32F1xx_HAL_Driver/Src/stm32f1xx_hal_spi.o
                0x08006108                HAL_SPI_IRQHandler
 .text.HAL_SPI_TxHalfCpltCallback
                0x080062d4       0x12 ./Drivers/STM32F1xx_HAL_Driver/Src/stm32f1xx_hal_spi.o
                0x080062d4                HAL_SPI_TxHalfCpltCallback
 .text.HAL_SPI_ErrorCallback
                0x080062e6       0x12 ./Drivers/STM32F1xx_HAL_Driver/Src/stm32f1xx_hal_spi.o
                0x080062e6                HAL_SPI_ErrorCallback
 .text.SPI_DMATransmitCplt
                0x080062f8       0xa6 ./Drivers/STM32F1xx_HAL_Driver/Src/stm32f1xx_hal_spi.o
 .text.SPI_DMAHalfTransmitCplt
                0x0800639e       0x1c ./Drivers/STM32F1xx_HAL_Driver/Src/stm32f1xx_hal_spi.o
 .text.SPI_DMAError
                0x080063ba       0x40 ./Drivers/STM32F1xx_HAL_Driver/Src/stm32f1xx_hal_spi.o
 .text.SPI_DMAAbortOnError
                0x080063fa       0x28 ./Drivers/STM32F1xx_HAL_Driver/Src/stm32f1xx_hal_spi.o
 *fill*         0x08006422        0x2 
 .text.SPI_WaitFlagStateUntilTimeout
                0x08006424      0x110 ./Drivers/STM32F1xx_HAL_Driver/Src/stm32f1xx_hal_spi.o
 .text.SPI_EndRxTxTransaction
                0x08006534       0x62 ./Drivers/STM32F1xx_HAL_Driver/Src/stm32f1xx_hal_spi.o
 .text.HAL_TIM_Base_Init
                0x08006596       0x9e ./Drivers/STM32F1xx_HAL_Driver/Src/stm32f1xx_hal_tim.o
                0x08006596                HAL_TIM_Base_Init
 .text.HAL_TIM_PWM_Init
                0x08006634       0x9e ./Drivers/STM32F1xx_HAL_Driver/Src/stm32f1xx_hal_tim.o
                0x08006634                HAL_TIM_PWM_Init
 .text.HAL_TIM_PWM_MspInit
                0x080066d2       0x12 ./Drivers/STM32F1xx_HAL_Driver/Src/stm32f1xx_hal_tim.o
                0x080066d2                HAL_TIM_PWM_MspInit
 .text.HAL_TIM_IC_Init
                0x080066e4       0x9e ./Drivers/STM32F1xx_HAL_Driver/Src/stm32f1xx_hal_tim.o
                0x080066e4                HAL_TIM_IC_Init
 .text.HAL_TIM_IC_MspInit
                0x08006782       0x12 ./Drivers/STM32F1xx_HAL_Driver/Src/stm32f1xx_hal_tim.o
                0x08006782                HAL_TIM_IC_MspInit
 .text.HAL_TIM_IRQHandler
                0x08006794      0x1e0 ./Drivers/STM32F1xx_HAL_Driver/Src/stm32f1xx_hal_tim.o
                0x08006794                HAL_TIM_IRQHandler
 .text.HAL_TIM_IC_ConfigChannel
                0x08006974      0x138 ./Drivers/STM32F1xx_HAL_Driver/Src/stm32f1xx_hal_tim.o
                0x08006974                HAL_TIM_IC_ConfigChannel
 .text.HAL_TIM_PWM_ConfigChannel
                0x08006aac      0x184 ./Drivers/STM32F1xx_HAL_Driver/Src/stm32f1xx_hal_tim.o
                0x08006aac                HAL_TIM_PWM_ConfigChannel
 .text.HAL_TIM_ConfigClockSource
                0x08006c30      0x18e ./Drivers/STM32F1xx_HAL_Driver/Src/stm32f1xx_hal_tim.o
                0x08006c30                HAL_TIM_ConfigClockSource
 .text.HAL_TIM_SlaveConfigSynchro
                0x08006dbe       0x84 ./Drivers/STM32F1xx_HAL_Driver/Src/stm32f1xx_hal_tim.o
                0x08006dbe                HAL_TIM_SlaveConfigSynchro
 .text.HAL_TIM_OC_DelayElapsedCallback
                0x08006e42       0x12 ./Drivers/STM32F1xx_HAL_Driver/Src/stm32f1xx_hal_tim.o
                0x08006e42                HAL_TIM_OC_DelayElapsedCallback
 .text.HAL_TIM_PWM_PulseFinishedCallback
                0x08006e54       0x12 ./Drivers/STM32F1xx_HAL_Driver/Src/stm32f1xx_hal_tim.o
                0x08006e54                HAL_TIM_PWM_PulseFinishedCallback
 .text.HAL_TIM_TriggerCallback
                0x08006e66       0x12 ./Drivers/STM32F1xx_HAL_Driver/Src/stm32f1xx_hal_tim.o
                0x08006e66                HAL_TIM_TriggerCallback
 .text.TIM_Base_SetConfig
                0x08006e78       0xdc ./Drivers/STM32F1xx_HAL_Driver/Src/stm32f1xx_hal_tim.o
                0x08006e78                TIM_Base_SetConfig
 .text.TIM_OC1_SetConfig
                0x08006f54       0xcc ./Drivers/STM32F1xx_HAL_Driver/Src/stm32f1xx_hal_tim.o
 .text.TIM_OC2_SetConfig
                0x08007020       0xd4 ./Drivers/STM32F1xx_HAL_Driver/Src/stm32f1xx_hal_tim.o
                0x08007020                TIM_OC2_SetConfig
 .text.TIM_OC3_SetConfig
                0x080070f4       0xd4 ./Drivers/STM32F1xx_HAL_Driver/Src/stm32f1xx_hal_tim.o
 .text.TIM_OC4_SetConfig
                0x080071c8       0x9c ./Drivers/STM32F1xx_HAL_Driver/Src/stm32f1xx_hal_tim.o
 .text.TIM_SlaveTimer_SetConfig
                0x08007264      0x122 ./Drivers/STM32F1xx_HAL_Driver/Src/stm32f1xx_hal_tim.o
 *fill*         0x08007386        0x2 
 .text.TIM_TI1_SetConfig
                0x08007388       0xb4 ./Drivers/STM32F1xx_HAL_Driver/Src/stm32f1xx_hal_tim.o
                0x08007388                TIM_TI1_SetConfig
 .text.TIM_TI1_ConfigInputStage
                0x0800743c       0x5c ./Drivers/STM32F1xx_HAL_Driver/Src/stm32f1xx_hal_tim.o
 .text.TIM_TI2_SetConfig
                0x08007498       0x78 ./Drivers/STM32F1xx_HAL_Driver/Src/stm32f1xx_hal_tim.o
 .text.TIM_TI2_ConfigInputStage
                0x08007510       0x5e ./Drivers/STM32F1xx_HAL_Driver/Src/stm32f1xx_hal_tim.o
 .text.TIM_TI3_SetConfig
                0x0800756e       0x76 ./Drivers/STM32F1xx_HAL_Driver/Src/stm32f1xx_hal_tim.o
 .text.TIM_TI4_SetConfig
                0x080075e4       0x78 ./Drivers/STM32F1xx_HAL_Driver/Src/stm32f1xx_hal_tim.o
 .text.TIM_ITRx_SetConfig
                0x0800765c       0x34 ./Drivers/STM32F1xx_HAL_Driver/Src/stm32f1xx_hal_tim.o
 .text.TIM_ETR_SetConfig
                0x08007690       0x3e ./Drivers/STM32F1xx_HAL_Driver/Src/stm32f1xx_hal_tim.o
                0x08007690                TIM_ETR_SetConfig
 .text.HAL_TIMEx_HallSensor_Init
                0x080076ce      0x152 ./Drivers/STM32F1xx_HAL_Driver/Src/stm32f1xx_hal_tim_ex.o
                0x080076ce                HAL_TIMEx_HallSensor_Init
 .text.HAL_TIMEx_HallSensor_MspInit
                0x08007820       0x12 ./Drivers/STM32F1xx_HAL_Driver/Src/stm32f1xx_hal_tim_ex.o
                0x08007820                HAL_TIMEx_HallSensor_MspInit
 *fill*         0x08007832        0x2 
 .text.HAL_TIMEx_PWMN_Start
                0x08007834      0x13c ./Drivers/STM32F1xx_HAL_Driver/Src/stm32f1xx_hal_tim_ex.o
                0x08007834                HAL_TIMEx_PWMN_Start
 .text.HAL_TIMEx_MasterConfigSynchronization
                0x08007970       0xbc ./Drivers/STM32F1xx_HAL_Driver/Src/stm32f1xx_hal_tim_ex.o
                0x08007970                HAL_TIMEx_MasterConfigSynchronization
 .text.HAL_TIMEx_CommutCallback
                0x08007a2c       0x12 ./Drivers/STM32F1xx_HAL_Driver/Src/stm32f1xx_hal_tim_ex.o
                0x08007a2c                HAL_TIMEx_CommutCallback
 .text.HAL_TIMEx_BreakCallback
                0x08007a3e       0x12 ./Drivers/STM32F1xx_HAL_Driver/Src/stm32f1xx_hal_tim_ex.o
                0x08007a3e                HAL_TIMEx_BreakCallback
 .text.TIM_CCxNChannelCmd
                0x08007a50       0x48 ./Drivers/STM32F1xx_HAL_Driver/Src/stm32f1xx_hal_tim_ex.o
 .text.USB_CoreInit
                0x08007a98       0x1a ./Drivers/STM32F1xx_HAL_Driver/Src/stm32f1xx_ll_usb.o
                0x08007a98                USB_CoreInit
 .text.USB_EnableGlobalInt
                0x08007ab2       0x2c ./Drivers/STM32F1xx_HAL_Driver/Src/stm32f1xx_ll_usb.o
                0x08007ab2                USB_EnableGlobalInt
 .text.USB_DisableGlobalInt
                0x08007ade       0x34 ./Drivers/STM32F1xx_HAL_Driver/Src/stm32f1xx_ll_usb.o
                0x08007ade                USB_DisableGlobalInt
 .text.USB_SetCurrentMode
                0x08007b12       0x18 ./Drivers/STM32F1xx_HAL_Driver/Src/stm32f1xx_ll_usb.o
                0x08007b12                USB_SetCurrentMode
 .text.USB_DevInit
                0x08007b2a       0x3a ./Drivers/STM32F1xx_HAL_Driver/Src/stm32f1xx_ll_usb.o
                0x08007b2a                USB_DevInit
 .text.USB_ActivateEndpoint
                0x08007b64      0x780 ./Drivers/STM32F1xx_HAL_Driver/Src/stm32f1xx_ll_usb.o
                0x08007b64                USB_ActivateEndpoint
 .text.USB_DeactivateEndpoint
                0x080082e4      0x3d8 ./Drivers/STM32F1xx_HAL_Driver/Src/stm32f1xx_ll_usb.o
                0x080082e4                USB_DeactivateEndpoint
 .text.USB_EPStartXfer
                0x080086bc     0x1762 ./Drivers/STM32F1xx_HAL_Driver/Src/stm32f1xx_ll_usb.o
                0x080086bc                USB_EPStartXfer
 .text.USB_EPSetStall
                0x08009e1e       0xa0 ./Drivers/STM32F1xx_HAL_Driver/Src/stm32f1xx_ll_usb.o
                0x08009e1e                USB_EPSetStall
 .text.USB_EPClearStall
                0x08009ebe      0x15a ./Drivers/STM32F1xx_HAL_Driver/Src/stm32f1xx_ll_usb.o
                0x08009ebe                USB_EPClearStall
 .text.USB_SetDevAddress
                0x0800a018       0x26 ./Drivers/STM32F1xx_HAL_Driver/Src/stm32f1xx_ll_usb.o
                0x0800a018                USB_SetDevAddress
 .text.USB_DevConnect
                0x0800a03e       0x14 ./Drivers/STM32F1xx_HAL_Driver/Src/stm32f1xx_ll_usb.o
                0x0800a03e                USB_DevConnect
 .text.USB_DevDisconnect
                0x0800a052       0x14 ./Drivers/STM32F1xx_HAL_Driver/Src/stm32f1xx_ll_usb.o
                0x0800a052                USB_DevDisconnect
 .text.USB_ReadInterrupts
                0x0800a066       0x1e ./Drivers/STM32F1xx_HAL_Driver/Src/stm32f1xx_ll_usb.o
                0x0800a066                USB_ReadInterrupts
 .text.USB_EP0_OutStart
                0x0800a084       0x16 ./Drivers/STM32F1xx_HAL_Driver/Src/stm32f1xx_ll_usb.o
                0x0800a084                USB_EP0_OutStart
 .text.USB_WritePMA
                0x0800a09a       0x8c ./Drivers/STM32F1xx_HAL_Driver/Src/stm32f1xx_ll_usb.o
                0x0800a09a                USB_WritePMA
 .text.USB_ReadPMA
                0x0800a126       0x9e ./Drivers/STM32F1xx_HAL_Driver/Src/stm32f1xx_ll_usb.o
                0x0800a126                USB_ReadPMA
 .text.USBD_CDC_Init
                0x0800a1c4       0xf4 ./Middlewares/ST/STM32_USB_Device_Library/Class/CDC/Src/usbd_cdc.o
 .text.USBD_CDC_DeInit
                0x0800a2b8       0x6e ./Middlewares/ST/STM32_USB_Device_Library/Class/CDC/Src/usbd_cdc.o
 .text.USBD_CDC_Setup
                0x0800a326      0x146 ./Middlewares/ST/STM32_USB_Device_Library/Class/CDC/Src/usbd_cdc.o
 .text.USBD_CDC_DataIn
                0x0800a46c       0xa6 ./Middlewares/ST/STM32_USB_Device_Library/Class/CDC/Src/usbd_cdc.o
 .text.USBD_CDC_DataOut
                0x0800a512       0x56 ./Middlewares/ST/STM32_USB_Device_Library/Class/CDC/Src/usbd_cdc.o
 .text.USBD_CDC_EP0_RxReady
                0x0800a568       0x4e ./Middlewares/ST/STM32_USB_Device_Library/Class/CDC/Src/usbd_cdc.o
 *fill*         0x0800a5b6        0x2 
 .text.USBD_CDC_GetFSCfgDesc
                0x0800a5b8       0x20 ./Middlewares/ST/STM32_USB_Device_Library/Class/CDC/Src/usbd_cdc.o
 .text.USBD_CDC_GetHSCfgDesc
                0x0800a5d8       0x20 ./Middlewares/ST/STM32_USB_Device_Library/Class/CDC/Src/usbd_cdc.o
 .text.USBD_CDC_GetOtherSpeedCfgDesc
                0x0800a5f8       0x20 ./Middlewares/ST/STM32_USB_Device_Library/Class/CDC/Src/usbd_cdc.o
 .text.USBD_CDC_GetDeviceQualifierDescriptor
                0x0800a618       0x20 ./Middlewares/ST/STM32_USB_Device_Library/Class/CDC/Src/usbd_cdc.o
                0x0800a618                USBD_CDC_GetDeviceQualifierDescriptor
 .text.USBD_CDC_RegisterInterface
                0x0800a638       0x2c ./Middlewares/ST/STM32_USB_Device_Library/Class/CDC/Src/usbd_cdc.o
                0x0800a638                USBD_CDC_RegisterInterface
 .text.USBD_CDC_SetTxBuffer
                0x0800a664       0x32 ./Middlewares/ST/STM32_USB_Device_Library/Class/CDC/Src/usbd_cdc.o
                0x0800a664                USBD_CDC_SetTxBuffer
 .text.USBD_CDC_SetRxBuffer
                0x0800a696       0x26 ./Middlewares/ST/STM32_USB_Device_Library/Class/CDC/Src/usbd_cdc.o
                0x0800a696                USBD_CDC_SetRxBuffer
 .text.USBD_CDC_TransmitPacket
                0x0800a6bc       0x5e ./Middlewares/ST/STM32_USB_Device_Library/Class/CDC/Src/usbd_cdc.o
                0x0800a6bc                USBD_CDC_TransmitPacket
 .text.USBD_CDC_ReceivePacket
                0x0800a71a       0x54 ./Middlewares/ST/STM32_USB_Device_Library/Class/CDC/Src/usbd_cdc.o
                0x0800a71a                USBD_CDC_ReceivePacket
 .text.USBD_Init
                0x0800a76e       0x56 ./Middlewares/ST/STM32_USB_Device_Library/Core/Src/usbd_core.o
                0x0800a76e                USBD_Init
 .text.USBD_RegisterClass
                0x0800a7c4       0x32 ./Middlewares/ST/STM32_USB_Device_Library/Core/Src/usbd_core.o
                0x0800a7c4                USBD_RegisterClass
 .text.USBD_Start
                0x0800a7f6       0x18 ./Middlewares/ST/STM32_USB_Device_Library/Core/Src/usbd_core.o
                0x0800a7f6                USBD_Start
 .text.USBD_RunTestMode
                0x0800a80e       0x14 ./Middlewares/ST/STM32_USB_Device_Library/Core/Src/usbd_core.o
                0x0800a80e                USBD_RunTestMode
 .text.USBD_SetClassConfig
                0x0800a822       0x3e ./Middlewares/ST/STM32_USB_Device_Library/Core/Src/usbd_core.o
                0x0800a822                USBD_SetClassConfig
 .text.USBD_ClrClassConfig
                0x0800a860       0x26 ./Middlewares/ST/STM32_USB_Device_Library/Core/Src/usbd_core.o
                0x0800a860                USBD_ClrClassConfig
 .text.USBD_LL_SetupStage
                0x0800a886       0x9a ./Middlewares/ST/STM32_USB_Device_Library/Core/Src/usbd_core.o
                0x0800a886                USBD_LL_SetupStage
 .text.USBD_LL_DataOutStage
                0x0800a920       0xe2 ./Middlewares/ST/STM32_USB_Device_Library/Core/Src/usbd_core.o
                0x0800a920                USBD_LL_DataOutStage
 .text.USBD_LL_DataInStage
                0x0800aa02      0x14a ./Middlewares/ST/STM32_USB_Device_Library/Core/Src/usbd_core.o
                0x0800aa02                USBD_LL_DataInStage
 .text.USBD_LL_Reset
                0x0800ab4c       0x82 ./Middlewares/ST/STM32_USB_Device_Library/Core/Src/usbd_core.o
                0x0800ab4c                USBD_LL_Reset
 .text.USBD_LL_SetSpeed
                0x0800abce       0x1e ./Middlewares/ST/STM32_USB_Device_Library/Core/Src/usbd_core.o
                0x0800abce                USBD_LL_SetSpeed
 .text.USBD_LL_Suspend
                0x0800abec       0x28 ./Middlewares/ST/STM32_USB_Device_Library/Core/Src/usbd_core.o
                0x0800abec                USBD_LL_Suspend
 .text.USBD_LL_Resume
                0x0800ac14       0x2a ./Middlewares/ST/STM32_USB_Device_Library/Core/Src/usbd_core.o
                0x0800ac14                USBD_LL_Resume
 .text.USBD_LL_SOF
                0x0800ac3e       0x34 ./Middlewares/ST/STM32_USB_Device_Library/Core/Src/usbd_core.o
                0x0800ac3e                USBD_LL_SOF
 *fill*         0x0800ac72        0x2 
 .text.USBD_StdDevReq
                0x0800ac74       0xd4 ./Middlewares/ST/STM32_USB_Device_Library/Core/Src/usbd_ctlreq.o
                0x0800ac74                USBD_StdDevReq
 .text.USBD_StdItfReq
                0x0800ad48       0x90 ./Middlewares/ST/STM32_USB_Device_Library/Core/Src/usbd_ctlreq.o
                0x0800ad48                USBD_StdItfReq
 .text.USBD_StdEPReq
                0x0800add8      0x2c6 ./Middlewares/ST/STM32_USB_Device_Library/Core/Src/usbd_ctlreq.o
                0x0800add8                USBD_StdEPReq
 *fill*         0x0800b09e        0x2 
 .text.USBD_GetDescriptor
                0x0800b0a0      0x2d0 ./Middlewares/ST/STM32_USB_Device_Library/Core/Src/usbd_ctlreq.o
 .text.USBD_SetAddress
                0x0800b370       0x86 ./Middlewares/ST/STM32_USB_Device_Library/Core/Src/usbd_ctlreq.o
 *fill*         0x0800b3f6        0x2 
 .text.USBD_SetConfig
                0x0800b3f8      0x11c ./Middlewares/ST/STM32_USB_Device_Library/Core/Src/usbd_ctlreq.o
 .text.USBD_GetConfig
                0x0800b514       0x6a ./Middlewares/ST/STM32_USB_Device_Library/Core/Src/usbd_ctlreq.o
 .text.USBD_GetStatus
                0x0800b57e       0x66 ./Middlewares/ST/STM32_USB_Device_Library/Core/Src/usbd_ctlreq.o
 .text.USBD_SetFeature
                0x0800b5e4       0x28 ./Middlewares/ST/STM32_USB_Device_Library/Core/Src/usbd_ctlreq.o
 .text.USBD_ClrFeature
                0x0800b60c       0x42 ./Middlewares/ST/STM32_USB_Device_Library/Core/Src/usbd_ctlreq.o
 .text.USBD_ParseSetupRequest
                0x0800b64e       0x72 ./Middlewares/ST/STM32_USB_Device_Library/Core/Src/usbd_ctlreq.o
                0x0800b64e                USBD_ParseSetupRequest
 .text.USBD_CtlError
                0x0800b6c0       0x22 ./Middlewares/ST/STM32_USB_Device_Library/Core/Src/usbd_ctlreq.o
                0x0800b6c0                USBD_CtlError
 .text.USBD_GetString
                0x0800b6e2       0x84 ./Middlewares/ST/STM32_USB_Device_Library/Core/Src/usbd_ctlreq.o
                0x0800b6e2                USBD_GetString
 .text.USBD_GetLen
                0x0800b766       0x2e ./Middlewares/ST/STM32_USB_Device_Library/Core/Src/usbd_ctlreq.o
 .text.USBD_CtlSendData
                0x0800b794       0x38 ./Middlewares/ST/STM32_USB_Device_Library/Core/Src/usbd_ioreq.o
                0x0800b794                USBD_CtlSendData
 .text.USBD_CtlContinueSendData
                0x0800b7cc       0x24 ./Middlewares/ST/STM32_USB_Device_Library/Core/Src/usbd_ioreq.o
                0x0800b7cc                USBD_CtlContinueSendData
 .text.USBD_CtlPrepareRx
                0x0800b7f0       0x3c ./Middlewares/ST/STM32_USB_Device_Library/Core/Src/usbd_ioreq.o
                0x0800b7f0                USBD_CtlPrepareRx
 .text.USBD_CtlContinueRx
                0x0800b82c       0x24 ./Middlewares/ST/STM32_USB_Device_Library/Core/Src/usbd_ioreq.o
                0x0800b82c                USBD_CtlContinueRx
 .text.USBD_CtlSendStatus
                0x0800b850       0x26 ./Middlewares/ST/STM32_USB_Device_Library/Core/Src/usbd_ioreq.o
                0x0800b850                USBD_CtlSendStatus
 .text.USBD_CtlReceiveStatus
                0x0800b876       0x26 ./Middlewares/ST/STM32_USB_Device_Library/Core/Src/usbd_ioreq.o
                0x0800b876                USBD_CtlReceiveStatus
 .text.MX_USB_DEVICE_Init
                0x0800b89c       0x60 ./USB_DEVICE/App/usb_device.o
                0x0800b89c                MX_USB_DEVICE_Init
 .text.CDC_Init_FS
                0x0800b8fc       0x28 ./USB_DEVICE/App/usbd_cdc_if.o
 .text.CDC_DeInit_FS
                0x0800b924        0xe ./USB_DEVICE/App/usbd_cdc_if.o
 *fill*         0x0800b932        0x2 
 .text.CDC_Control_FS
                0x0800b934       0xbc ./USB_DEVICE/App/usbd_cdc_if.o
 .text.CDC_Receive_FS
                0x0800b9f0       0x44 ./USB_DEVICE/App/usbd_cdc_if.o
 .text.CDC_Transmit_FS
                0x0800ba34       0x4c ./USB_DEVICE/App/usbd_cdc_if.o
                0x0800ba34                CDC_Transmit_FS
 .text.CDC_data_recieved
                0x0800ba80       0x14 ./USB_DEVICE/App/usbd_cdc_if.o
                0x0800ba80                CDC_data_recieved
 .text.CDC_Receive_data
                0x0800ba94       0x60 ./USB_DEVICE/App/usbd_cdc_if.o
                0x0800ba94                CDC_Receive_data
 .text.USBD_FS_DeviceDescriptor
                0x0800baf4       0x24 ./USB_DEVICE/App/usbd_desc.o
                0x0800baf4                USBD_FS_DeviceDescriptor
 .text.USBD_FS_LangIDStrDescriptor
                0x0800bb18       0x24 ./USB_DEVICE/App/usbd_desc.o
                0x0800bb18                USBD_FS_LangIDStrDescriptor
 .text.USBD_FS_ProductStrDescriptor
                0x0800bb3c       0x3c ./USB_DEVICE/App/usbd_desc.o
                0x0800bb3c                USBD_FS_ProductStrDescriptor
 .text.USBD_FS_ManufacturerStrDescriptor
                0x0800bb78       0x28 ./USB_DEVICE/App/usbd_desc.o
                0x0800bb78                USBD_FS_ManufacturerStrDescriptor
 .text.USBD_FS_SerialStrDescriptor
                0x0800bba0       0x24 ./USB_DEVICE/App/usbd_desc.o
                0x0800bba0                USBD_FS_SerialStrDescriptor
 .text.USBD_FS_ConfigStrDescriptor
                0x0800bbc4       0x3c ./USB_DEVICE/App/usbd_desc.o
                0x0800bbc4                USBD_FS_ConfigStrDescriptor
 .text.USBD_FS_InterfaceStrDescriptor
                0x0800bc00       0x3c ./USB_DEVICE/App/usbd_desc.o
                0x0800bc00                USBD_FS_InterfaceStrDescriptor
 .text.Get_SerialNum
                0x0800bc3c       0x58 ./USB_DEVICE/App/usbd_desc.o
 .text.IntToUnicode
                0x0800bc94       0x7c ./USB_DEVICE/App/usbd_desc.o
 .text.HAL_PCD_MspInit
                0x0800bd10       0x4c ./USB_DEVICE/Target/usbd_conf.o
                0x0800bd10                HAL_PCD_MspInit
 .text.HAL_PCD_SetupStageCallback
                0x0800bd5c       0x24 ./USB_DEVICE/Target/usbd_conf.o
                0x0800bd5c                HAL_PCD_SetupStageCallback
 .text.HAL_PCD_DataOutStageCallback
                0x0800bd80       0x36 ./USB_DEVICE/Target/usbd_conf.o
                0x0800bd80                HAL_PCD_DataOutStageCallback
 .text.HAL_PCD_DataInStageCallback
                0x0800bdb6       0x34 ./USB_DEVICE/Target/usbd_conf.o
                0x0800bdb6                HAL_PCD_DataInStageCallback
 .text.HAL_PCD_SOFCallback
                0x0800bdea       0x1c ./USB_DEVICE/Target/usbd_conf.o
                0x0800bdea                HAL_PCD_SOFCallback
 .text.HAL_PCD_ResetCallback
                0x0800be06       0x3c ./USB_DEVICE/Target/usbd_conf.o
                0x0800be06                HAL_PCD_ResetCallback
 *fill*         0x0800be42        0x2 
 .text.HAL_PCD_SuspendCallback
                0x0800be44       0x34 ./USB_DEVICE/Target/usbd_conf.o
                0x0800be44                HAL_PCD_SuspendCallback
 .text.HAL_PCD_ResumeCallback
                0x0800be78       0x1c ./USB_DEVICE/Target/usbd_conf.o
                0x0800be78                HAL_PCD_ResumeCallback
 .text.USBD_LL_Init
                0x0800be94       0xb4 ./USB_DEVICE/Target/usbd_conf.o
                0x0800be94                USBD_LL_Init
 .text.USBD_LL_Start
                0x0800bf48       0x36 ./USB_DEVICE/Target/usbd_conf.o
                0x0800bf48                USBD_LL_Start
 .text.USBD_LL_OpenEP
                0x0800bf7e       0x4c ./USB_DEVICE/Target/usbd_conf.o
                0x0800bf7e                USBD_LL_OpenEP
 .text.USBD_LL_CloseEP
                0x0800bfca       0x3e ./USB_DEVICE/Target/usbd_conf.o
                0x0800bfca                USBD_LL_CloseEP
 .text.USBD_LL_StallEP
                0x0800c008       0x3e ./USB_DEVICE/Target/usbd_conf.o
                0x0800c008                USBD_LL_StallEP
 .text.USBD_LL_ClearStallEP
                0x0800c046       0x3e ./USB_DEVICE/Target/usbd_conf.o
                0x0800c046                USBD_LL_ClearStallEP
 .text.USBD_LL_IsStallEP
                0x0800c084       0x56 ./USB_DEVICE/Target/usbd_conf.o
                0x0800c084                USBD_LL_IsStallEP
 .text.USBD_LL_SetUSBAddress
                0x0800c0da       0x3e ./USB_DEVICE/Target/usbd_conf.o
                0x0800c0da                USBD_LL_SetUSBAddress
 .text.USBD_LL_Transmit
                0x0800c118       0x46 ./USB_DEVICE/Target/usbd_conf.o
                0x0800c118                USBD_LL_Transmit
 .text.USBD_LL_PrepareReceive
                0x0800c15e       0x46 ./USB_DEVICE/Target/usbd_conf.o
                0x0800c15e                USBD_LL_PrepareReceive
 .text.USBD_LL_GetRxDataSize
                0x0800c1a4       0x26 ./USB_DEVICE/Target/usbd_conf.o
                0x0800c1a4                USBD_LL_GetRxDataSize
 *fill*         0x0800c1ca        0x2 
 .text.USBD_static_malloc
                0x0800c1cc       0x18 ./USB_DEVICE/Target/usbd_conf.o
                0x0800c1cc                USBD_static_malloc
 .text.USBD_static_free
                0x0800c1e4       0x12 ./USB_DEVICE/Target/usbd_conf.o
                0x0800c1e4                USBD_static_free
 .text.HAL_PCDEx_SetConnectionState
                0x0800c1f6       0x16 ./USB_DEVICE/Target/usbd_conf.o
                0x0800c1f6                HAL_PCDEx_SetConnectionState
 .text.USBD_Get_USB_Status
                0x0800c20c       0x58 ./USB_DEVICE/Target/usbd_conf.o
 .text.atof     0x0800c264        0x6 /opt/stm32cubeide/plugins/com.st.stm32cube.ide.mcu.externaltools.gnu-tools-for-stm32.13.3.rel1.linux64_1.0.0.202410170706/tools/bin/../lib/gcc/arm-none-eabi/13.3.1/../../../../arm-none-eabi/lib/thumb/v7-m/nofp/libc_nano.a(libc_a-atof.o)
                0x0800c264                atof
 .text.sulp     0x0800c26a       0x42 /opt/stm32cubeide/plugins/com.st.stm32cube.ide.mcu.externaltools.gnu-tools-for-stm32.13.3.rel1.linux64_1.0.0.202410170706/tools/bin/../lib/gcc/arm-none-eabi/13.3.1/../../../../arm-none-eabi/lib/thumb/v7-m/nofp/libc_nano.a(libc_a-strtod.o)
 *fill*         0x0800c2ac        0x4 
 .text._strtod_l
                0x0800c2b0      0xbb0 /opt/stm32cubeide/plugins/com.st.stm32cube.ide.mcu.externaltools.gnu-tools-for-stm32.13.3.rel1.linux64_1.0.0.202410170706/tools/bin/../lib/gcc/arm-none-eabi/13.3.1/../../../../arm-none-eabi/lib/thumb/v7-m/nofp/libc_nano.a(libc_a-strtod.o)
                0x0800c2b0                _strtod_l
 .text.strtod   0x0800ce60       0x18 /opt/stm32cubeide/plugins/com.st.stm32cube.ide.mcu.externaltools.gnu-tools-for-stm32.13.3.rel1.linux64_1.0.0.202410170706/tools/bin/../lib/gcc/arm-none-eabi/13.3.1/../../../../arm-none-eabi/lib/thumb/v7-m/nofp/libc_nano.a(libc_a-strtod.o)
                0x0800ce60                strtod
 .text.gcvt     0x0800ce78       0x48 /opt/stm32cubeide/plugins/com.st.stm32cube.ide.mcu.externaltools.gnu-tools-for-stm32.13.3.rel1.linux64_1.0.0.202410170706/tools/bin/../lib/gcc/arm-none-eabi/13.3.1/../../../../arm-none-eabi/lib/thumb/v7-m/nofp/libc_nano.a(libc_a-efgcvt.o)
                0x0800ce78                gcvt
 .text.std      0x0800cec0       0x6c /opt/stm32cubeide/plugins/com.st.stm32cube.ide.mcu.externaltools.gnu-tools-for-stm32.13.3.rel1.linux64_1.0.0.202410170706/tools/bin/../lib/gcc/arm-none-eabi/13.3.1/../../../../arm-none-eabi/lib/thumb/v7-m/nofp/libc_nano.a(libc_a-findfp.o)
 .text.stdio_exit_handler
                0x0800cf2c       0x18 /opt/stm32cubeide/plugins/com.st.stm32cube.ide.mcu.externaltools.gnu-tools-for-stm32.13.3.rel1.linux64_1.0.0.202410170706/tools/bin/../lib/gcc/arm-none-eabi/13.3.1/../../../../arm-none-eabi/lib/thumb/v7-m/nofp/libc_nano.a(libc_a-findfp.o)
 .text.cleanup_stdio
                0x0800cf44       0x40 /opt/stm32cubeide/plugins/com.st.stm32cube.ide.mcu.externaltools.gnu-tools-for-stm32.13.3.rel1.linux64_1.0.0.202410170706/tools/bin/../lib/gcc/arm-none-eabi/13.3.1/../../../../arm-none-eabi/lib/thumb/v7-m/nofp/libc_nano.a(libc_a-findfp.o)
 .text.global_stdio_init.part.0
                0x0800cf84       0x3c /opt/stm32cubeide/plugins/com.st.stm32cube.ide.mcu.externaltools.gnu-tools-for-stm32.13.3.rel1.linux64_1.0.0.202410170706/tools/bin/../lib/gcc/arm-none-eabi/13.3.1/../../../../arm-none-eabi/lib/thumb/v7-m/nofp/libc_nano.a(libc_a-findfp.o)
 .text.__sfp_lock_acquire
                0x0800cfc0        0xc /opt/stm32cubeide/plugins/com.st.stm32cube.ide.mcu.externaltools.gnu-tools-for-stm32.13.3.rel1.linux64_1.0.0.202410170706/tools/bin/../lib/gcc/arm-none-eabi/13.3.1/../../../../arm-none-eabi/lib/thumb/v7-m/nofp/libc_nano.a(libc_a-findfp.o)
                0x0800cfc0                __sfp_lock_acquire
 .text.__sfp_lock_release
                0x0800cfcc        0xc /opt/stm32cubeide/plugins/com.st.stm32cube.ide.mcu.externaltools.gnu-tools-for-stm32.13.3.rel1.linux64_1.0.0.202410170706/tools/bin/../lib/gcc/arm-none-eabi/13.3.1/../../../../arm-none-eabi/lib/thumb/v7-m/nofp/libc_nano.a(libc_a-findfp.o)
                0x0800cfcc                __sfp_lock_release
 .text.__sinit  0x0800cfd8       0x30 /opt/stm32cubeide/plugins/com.st.stm32cube.ide.mcu.externaltools.gnu-tools-for-stm32.13.3.rel1.linux64_1.0.0.202410170706/tools/bin/../lib/gcc/arm-none-eabi/13.3.1/../../../../arm-none-eabi/lib/thumb/v7-m/nofp/libc_nano.a(libc_a-findfp.o)
                0x0800cfd8                __sinit
 .text._fwalk_sglue
                0x0800d008       0x3c /opt/stm32cubeide/plugins/com.st.stm32cube.ide.mcu.externaltools.gnu-tools-for-stm32.13.3.rel1.linux64_1.0.0.202410170706/tools/bin/../lib/gcc/arm-none-eabi/13.3.1/../../../../arm-none-eabi/lib/thumb/v7-m/nofp/libc_nano.a(libc_a-fwalk.o)
                0x0800d008                _fwalk_sglue
 .text.__sread  0x0800d044       0x22 /opt/stm32cubeide/plugins/com.st.stm32cube.ide.mcu.externaltools.gnu-tools-for-stm32.13.3.rel1.linux64_1.0.0.202410170706/tools/bin/../lib/gcc/arm-none-eabi/13.3.1/../../../../arm-none-eabi/lib/thumb/v7-m/nofp/libc_nano.a(libc_a-stdio.o)
                0x0800d044                __sread
 .text.__swrite
                0x0800d066       0x38 /opt/stm32cubeide/plugins/com.st.stm32cube.ide.mcu.externaltools.gnu-tools-for-stm32.13.3.rel1.linux64_1.0.0.202410170706/tools/bin/../lib/gcc/arm-none-eabi/13.3.1/../../../../arm-none-eabi/lib/thumb/v7-m/nofp/libc_nano.a(libc_a-stdio.o)
                0x0800d066                __swrite
 .text.__sseek  0x0800d09e       0x24 /opt/stm32cubeide/plugins/com.st.stm32cube.ide.mcu.externaltools.gnu-tools-for-stm32.13.3.rel1.linux64_1.0.0.202410170706/tools/bin/../lib/gcc/arm-none-eabi/13.3.1/../../../../arm-none-eabi/lib/thumb/v7-m/nofp/libc_nano.a(libc_a-stdio.o)
                0x0800d09e                __sseek
 .text.__sclose
                0x0800d0c2        0x8 /opt/stm32cubeide/plugins/com.st.stm32cube.ide.mcu.externaltools.gnu-tools-for-stm32.13.3.rel1.linux64_1.0.0.202410170706/tools/bin/../lib/gcc/arm-none-eabi/13.3.1/../../../../arm-none-eabi/lib/thumb/v7-m/nofp/libc_nano.a(libc_a-stdio.o)
                0x0800d0c2                __sclose
 .text.memset   0x0800d0ca       0x10 /opt/stm32cubeide/plugins/com.st.stm32cube.ide.mcu.externaltools.gnu-tools-for-stm32.13.3.rel1.linux64_1.0.0.202410170706/tools/bin/../lib/gcc/arm-none-eabi/13.3.1/../../../../arm-none-eabi/lib/thumb/v7-m/nofp/libc_nano.a(libc_a-memset.o)
                0x0800d0ca                memset
 .text.strncmp  0x0800d0da       0x24 /opt/stm32cubeide/plugins/com.st.stm32cube.ide.mcu.externaltools.gnu-tools-for-stm32.13.3.rel1.linux64_1.0.0.202410170706/tools/bin/../lib/gcc/arm-none-eabi/13.3.1/../../../../arm-none-eabi/lib/thumb/v7-m/nofp/libc_nano.a(libc_a-strncmp.o)
                0x0800d0da                strncmp
 *fill*         0x0800d0fe        0x2 
 .text._close_r
                0x0800d100       0x20 /opt/stm32cubeide/plugins/com.st.stm32cube.ide.mcu.externaltools.gnu-tools-for-stm32.13.3.rel1.linux64_1.0.0.202410170706/tools/bin/../lib/gcc/arm-none-eabi/13.3.1/../../../../arm-none-eabi/lib/thumb/v7-m/nofp/libc_nano.a(libc_a-closer.o)
                0x0800d100                _close_r
 .text._lseek_r
                0x0800d120       0x24 /opt/stm32cubeide/plugins/com.st.stm32cube.ide.mcu.externaltools.gnu-tools-for-stm32.13.3.rel1.linux64_1.0.0.202410170706/tools/bin/../lib/gcc/arm-none-eabi/13.3.1/../../../../arm-none-eabi/lib/thumb/v7-m/nofp/libc_nano.a(libc_a-lseekr.o)
                0x0800d120                _lseek_r
 .text._read_r  0x0800d144       0x24 /opt/stm32cubeide/plugins/com.st.stm32cube.ide.mcu.externaltools.gnu-tools-for-stm32.13.3.rel1.linux64_1.0.0.202410170706/tools/bin/../lib/gcc/arm-none-eabi/13.3.1/../../../../arm-none-eabi/lib/thumb/v7-m/nofp/libc_nano.a(libc_a-readr.o)
                0x0800d144                _read_r
 .text._write_r
                0x0800d168       0x24 /opt/stm32cubeide/plugins/com.st.stm32cube.ide.mcu.externaltools.gnu-tools-for-stm32.13.3.rel1.linux64_1.0.0.202410170706/tools/bin/../lib/gcc/arm-none-eabi/13.3.1/../../../../arm-none-eabi/lib/thumb/v7-m/nofp/libc_nano.a(libc_a-writer.o)
                0x0800d168                _write_r
 .text.__errno  0x0800d18c        0xc /opt/stm32cubeide/plugins/com.st.stm32cube.ide.mcu.externaltools.gnu-tools-for-stm32.13.3.rel1.linux64_1.0.0.202410170706/tools/bin/../lib/gcc/arm-none-eabi/13.3.1/../../../../arm-none-eabi/lib/thumb/v7-m/nofp/libc_nano.a(libc_a-errno.o)
                0x0800d18c                __errno
 .text.__libc_init_array
                0x0800d198       0x48 /opt/stm32cubeide/plugins/com.st.stm32cube.ide.mcu.externaltools.gnu-tools-for-stm32.13.3.rel1.linux64_1.0.0.202410170706/tools/bin/../lib/gcc/arm-none-eabi/13.3.1/../../../../arm-none-eabi/lib/thumb/v7-m/nofp/libc_nano.a(libc_a-init.o)
                0x0800d198                __libc_init_array
 .text.__retarget_lock_init_recursive
                0x0800d1e0        0x2 /opt/stm32cubeide/plugins/com.st.stm32cube.ide.mcu.externaltools.gnu-tools-for-stm32.13.3.rel1.linux64_1.0.0.202410170706/tools/bin/../lib/gcc/arm-none-eabi/13.3.1/../../../../arm-none-eabi/lib/thumb/v7-m/nofp/libc_nano.a(libc_a-lock.o)
                0x0800d1e0                __retarget_lock_init_recursive
 .text.__retarget_lock_acquire_recursive
                0x0800d1e2        0x2 /opt/stm32cubeide/plugins/com.st.stm32cube.ide.mcu.externaltools.gnu-tools-for-stm32.13.3.rel1.linux64_1.0.0.202410170706/tools/bin/../lib/gcc/arm-none-eabi/13.3.1/../../../../arm-none-eabi/lib/thumb/v7-m/nofp/libc_nano.a(libc_a-lock.o)
                0x0800d1e2                __retarget_lock_acquire_recursive
 .text.__retarget_lock_release_recursive
                0x0800d1e4        0x2 /opt/stm32cubeide/plugins/com.st.stm32cube.ide.mcu.externaltools.gnu-tools-for-stm32.13.3.rel1.linux64_1.0.0.202410170706/tools/bin/../lib/gcc/arm-none-eabi/13.3.1/../../../../arm-none-eabi/lib/thumb/v7-m/nofp/libc_nano.a(libc_a-lock.o)
                0x0800d1e4                __retarget_lock_release_recursive
 .text.memcpy   0x0800d1e6       0x1c /opt/stm32cubeide/plugins/com.st.stm32cube.ide.mcu.externaltools.gnu-tools-for-stm32.13.3.rel1.linux64_1.0.0.202410170706/tools/bin/../lib/gcc/arm-none-eabi/13.3.1/../../../../arm-none-eabi/lib/thumb/v7-m/nofp/libc_nano.a(libc_a-memcpy-stub.o)
                0x0800d1e6                memcpy
 *fill*         0x0800d202        0x2 
 .text.nan      0x0800d204        0xc /opt/stm32cubeide/plugins/com.st.stm32cube.ide.mcu.externaltools.gnu-tools-for-stm32.13.3.rel1.linux64_1.0.0.202410170706/tools/bin/../lib/gcc/arm-none-eabi/13.3.1/../../../../arm-none-eabi/lib/thumb/v7-m/nofp/libc_nano.a(libm_a-s_nan.o)
                0x0800d204                nan
 .text._free_r  0x0800d210       0x90 /opt/stm32cubeide/plugins/com.st.stm32cube.ide.mcu.externaltools.gnu-tools-for-stm32.13.3.rel1.linux64_1.0.0.202410170706/tools/bin/../lib/gcc/arm-none-eabi/13.3.1/../../../../arm-none-eabi/lib/thumb/v7-m/nofp/libc_nano.a(libc_a-freer.o)
                0x0800d210                _free_r
 .text.rshift   0x0800d2a0       0xa6 /opt/stm32cubeide/plugins/com.st.stm32cube.ide.mcu.externaltools.gnu-tools-for-stm32.13.3.rel1.linux64_1.0.0.202410170706/tools/bin/../lib/gcc/arm-none-eabi/13.3.1/../../../../arm-none-eabi/lib/thumb/v7-m/nofp/libc_nano.a(libc_a-gdtoa-gethex.o)
 .text.__hexdig_fun
                0x0800d346       0x2a /opt/stm32cubeide/plugins/com.st.stm32cube.ide.mcu.externaltools.gnu-tools-for-stm32.13.3.rel1.linux64_1.0.0.202410170706/tools/bin/../lib/gcc/arm-none-eabi/13.3.1/../../../../arm-none-eabi/lib/thumb/v7-m/nofp/libc_nano.a(libc_a-gdtoa-gethex.o)
                0x0800d346                __hexdig_fun
 .text.__gethex
                0x0800d370      0x420 /opt/stm32cubeide/plugins/com.st.stm32cube.ide.mcu.externaltools.gnu-tools-for-stm32.13.3.rel1.linux64_1.0.0.202410170706/tools/bin/../lib/gcc/arm-none-eabi/13.3.1/../../../../arm-none-eabi/lib/thumb/v7-m/nofp/libc_nano.a(libc_a-gdtoa-gethex.o)
                0x0800d370                __gethex
 .text.L_shift  0x0800d790       0x24 /opt/stm32cubeide/plugins/com.st.stm32cube.ide.mcu.externaltools.gnu-tools-for-stm32.13.3.rel1.linux64_1.0.0.202410170706/tools/bin/../lib/gcc/arm-none-eabi/13.3.1/../../../../arm-none-eabi/lib/thumb/v7-m/nofp/libc_nano.a(libc_a-gdtoa-hexnan.o)
 .text.__match  0x0800d7b4       0x28 /opt/stm32cubeide/plugins/com.st.stm32cube.ide.mcu.externaltools.gnu-tools-for-stm32.13.3.rel1.linux64_1.0.0.202410170706/tools/bin/../lib/gcc/arm-none-eabi/13.3.1/../../../../arm-none-eabi/lib/thumb/v7-m/nofp/libc_nano.a(libc_a-gdtoa-hexnan.o)
                0x0800d7b4                __match
 .text.__hexnan
                0x0800d7dc      0x136 /opt/stm32cubeide/plugins/com.st.stm32cube.ide.mcu.externaltools.gnu-tools-for-stm32.13.3.rel1.linux64_1.0.0.202410170706/tools/bin/../lib/gcc/arm-none-eabi/13.3.1/../../../../arm-none-eabi/lib/thumb/v7-m/nofp/libc_nano.a(libc_a-gdtoa-hexnan.o)
                0x0800d7dc                __hexnan
 *fill*         0x0800d912        0x2 
 .text.sbrk_aligned
                0x0800d914       0x44 /opt/stm32cubeide/plugins/com.st.stm32cube.ide.mcu.externaltools.gnu-tools-for-stm32.13.3.rel1.linux64_1.0.0.202410170706/tools/bin/../lib/gcc/arm-none-eabi/13.3.1/../../../../arm-none-eabi/lib/thumb/v7-m/nofp/libc_nano.a(libc_a-mallocr.o)
 .text._malloc_r
                0x0800d958      0x100 /opt/stm32cubeide/plugins/com.st.stm32cube.ide.mcu.externaltools.gnu-tools-for-stm32.13.3.rel1.linux64_1.0.0.202410170706/tools/bin/../lib/gcc/arm-none-eabi/13.3.1/../../../../arm-none-eabi/lib/thumb/v7-m/nofp/libc_nano.a(libc_a-mallocr.o)
                0x0800d958                _malloc_r
 .text.__ascii_mbtowc
                0x0800da58       0x24 /opt/stm32cubeide/plugins/com.st.stm32cube.ide.mcu.externaltools.gnu-tools-for-stm32.13.3.rel1.linux64_1.0.0.202410170706/tools/bin/../lib/gcc/arm-none-eabi/13.3.1/../../../../arm-none-eabi/lib/thumb/v7-m/nofp/libc_nano.a(libc_a-mbtowc_r.o)
                0x0800da58                __ascii_mbtowc
 .text.__malloc_lock
                0x0800da7c        0xc /opt/stm32cubeide/plugins/com.st.stm32cube.ide.mcu.externaltools.gnu-tools-for-stm32.13.3.rel1.linux64_1.0.0.202410170706/tools/bin/../lib/gcc/arm-none-eabi/13.3.1/../../../../arm-none-eabi/lib/thumb/v7-m/nofp/libc_nano.a(libc_a-mlock.o)
                0x0800da7c                __malloc_lock
 .text.__malloc_unlock
                0x0800da88        0xc /opt/stm32cubeide/plugins/com.st.stm32cube.ide.mcu.externaltools.gnu-tools-for-stm32.13.3.rel1.linux64_1.0.0.202410170706/tools/bin/../lib/gcc/arm-none-eabi/13.3.1/../../../../arm-none-eabi/lib/thumb/v7-m/nofp/libc_nano.a(libc_a-mlock.o)
                0x0800da88                __malloc_unlock
 .text._Balloc  0x0800da94       0x80 /opt/stm32cubeide/plugins/com.st.stm32cube.ide.mcu.externaltools.gnu-tools-for-stm32.13.3.rel1.linux64_1.0.0.202410170706/tools/bin/../lib/gcc/arm-none-eabi/13.3.1/../../../../arm-none-eabi/lib/thumb/v7-m/nofp/libc_nano.a(libc_a-mprec.o)
                0x0800da94                _Balloc
 .text._Bfree   0x0800db14       0x44 /opt/stm32cubeide/plugins/com.st.stm32cube.ide.mcu.externaltools.gnu-tools-for-stm32.13.3.rel1.linux64_1.0.0.202410170706/tools/bin/../lib/gcc/arm-none-eabi/13.3.1/../../../../arm-none-eabi/lib/thumb/v7-m/nofp/libc_nano.a(libc_a-mprec.o)
                0x0800db14                _Bfree
 .text.__multadd
                0x0800db58       0x8c /opt/stm32cubeide/plugins/com.st.stm32cube.ide.mcu.externaltools.gnu-tools-for-stm32.13.3.rel1.linux64_1.0.0.202410170706/tools/bin/../lib/gcc/arm-none-eabi/13.3.1/../../../../arm-none-eabi/lib/thumb/v7-m/nofp/libc_nano.a(libc_a-mprec.o)
                0x0800db58                __multadd
 .text.__s2b    0x0800dbe4       0x94 /opt/stm32cubeide/plugins/com.st.stm32cube.ide.mcu.externaltools.gnu-tools-for-stm32.13.3.rel1.linux64_1.0.0.202410170706/tools/bin/../lib/gcc/arm-none-eabi/13.3.1/../../../../arm-none-eabi/lib/thumb/v7-m/nofp/libc_nano.a(libc_a-mprec.o)
                0x0800dbe4                __s2b
 .text.__hi0bits
                0x0800dc78       0x3e /opt/stm32cubeide/plugins/com.st.stm32cube.ide.mcu.externaltools.gnu-tools-for-stm32.13.3.rel1.linux64_1.0.0.202410170706/tools/bin/../lib/gcc/arm-none-eabi/13.3.1/../../../../arm-none-eabi/lib/thumb/v7-m/nofp/libc_nano.a(libc_a-mprec.o)
                0x0800dc78                __hi0bits
 .text.__lo0bits
                0x0800dcb6       0x5a /opt/stm32cubeide/plugins/com.st.stm32cube.ide.mcu.externaltools.gnu-tools-for-stm32.13.3.rel1.linux64_1.0.0.202410170706/tools/bin/../lib/gcc/arm-none-eabi/13.3.1/../../../../arm-none-eabi/lib/thumb/v7-m/nofp/libc_nano.a(libc_a-mprec.o)
                0x0800dcb6                __lo0bits
 .text.__i2b    0x0800dd10       0x2c /opt/stm32cubeide/plugins/com.st.stm32cube.ide.mcu.externaltools.gnu-tools-for-stm32.13.3.rel1.linux64_1.0.0.202410170706/tools/bin/../lib/gcc/arm-none-eabi/13.3.1/../../../../arm-none-eabi/lib/thumb/v7-m/nofp/libc_nano.a(libc_a-mprec.o)
                0x0800dd10                __i2b
 .text.__multiply
                0x0800dd3c      0x144 /opt/stm32cubeide/plugins/com.st.stm32cube.ide.mcu.externaltools.gnu-tools-for-stm32.13.3.rel1.linux64_1.0.0.202410170706/tools/bin/../lib/gcc/arm-none-eabi/13.3.1/../../../../arm-none-eabi/lib/thumb/v7-m/nofp/libc_nano.a(libc_a-mprec.o)
                0x0800dd3c                __multiply
 .text.__pow5mult
                0x0800de80       0xb4 /opt/stm32cubeide/plugins/com.st.stm32cube.ide.mcu.externaltools.gnu-tools-for-stm32.13.3.rel1.linux64_1.0.0.202410170706/tools/bin/../lib/gcc/arm-none-eabi/13.3.1/../../../../arm-none-eabi/lib/thumb/v7-m/nofp/libc_nano.a(libc_a-mprec.o)
                0x0800de80                __pow5mult
 .text.__lshift
                0x0800df34       0xd8 /opt/stm32cubeide/plugins/com.st.stm32cube.ide.mcu.externaltools.gnu-tools-for-stm32.13.3.rel1.linux64_1.0.0.202410170706/tools/bin/../lib/gcc/arm-none-eabi/13.3.1/../../../../arm-none-eabi/lib/thumb/v7-m/nofp/libc_nano.a(libc_a-mprec.o)
                0x0800df34                __lshift
 .text.__mcmp   0x0800e00c       0x36 /opt/stm32cubeide/plugins/com.st.stm32cube.ide.mcu.externaltools.gnu-tools-for-stm32.13.3.rel1.linux64_1.0.0.202410170706/tools/bin/../lib/gcc/arm-none-eabi/13.3.1/../../../../arm-none-eabi/lib/thumb/v7-m/nofp/libc_nano.a(libc_a-mprec.o)
                0x0800e00c                __mcmp
 *fill*         0x0800e042        0x2 
 .text.__mdiff  0x0800e044      0x128 /opt/stm32cubeide/plugins/com.st.stm32cube.ide.mcu.externaltools.gnu-tools-for-stm32.13.3.rel1.linux64_1.0.0.202410170706/tools/bin/../lib/gcc/arm-none-eabi/13.3.1/../../../../arm-none-eabi/lib/thumb/v7-m/nofp/libc_nano.a(libc_a-mprec.o)
                0x0800e044                __mdiff
 .text.__ulp    0x0800e16c       0x40 /opt/stm32cubeide/plugins/com.st.stm32cube.ide.mcu.externaltools.gnu-tools-for-stm32.13.3.rel1.linux64_1.0.0.202410170706/tools/bin/../lib/gcc/arm-none-eabi/13.3.1/../../../../arm-none-eabi/lib/thumb/v7-m/nofp/libc_nano.a(libc_a-mprec.o)
                0x0800e16c                __ulp
 .text.__b2d    0x0800e1ac       0x90 /opt/stm32cubeide/plugins/com.st.stm32cube.ide.mcu.externaltools.gnu-tools-for-stm32.13.3.rel1.linux64_1.0.0.202410170706/tools/bin/../lib/gcc/arm-none-eabi/13.3.1/../../../../arm-none-eabi/lib/thumb/v7-m/nofp/libc_nano.a(libc_a-mprec.o)
                0x0800e1ac                __b2d
 .text.__d2b    0x0800e23c       0xb0 /opt/stm32cubeide/plugins/com.st.stm32cube.ide.mcu.externaltools.gnu-tools-for-stm32.13.3.rel1.linux64_1.0.0.202410170706/tools/bin/../lib/gcc/arm-none-eabi/13.3.1/../../../../arm-none-eabi/lib/thumb/v7-m/nofp/libc_nano.a(libc_a-mprec.o)
                0x0800e23c                __d2b
 .text.__ratio  0x0800e2ec       0x60 /opt/stm32cubeide/plugins/com.st.stm32cube.ide.mcu.externaltools.gnu-tools-for-stm32.13.3.rel1.linux64_1.0.0.202410170706/tools/bin/../lib/gcc/arm-none-eabi/13.3.1/../../../../arm-none-eabi/lib/thumb/v7-m/nofp/libc_nano.a(libc_a-mprec.o)
                0x0800e2ec                __ratio
 .text._mprec_log10
                0x0800e34c       0x38 /opt/stm32cubeide/plugins/com.st.stm32cube.ide.mcu.externaltools.gnu-tools-for-stm32.13.3.rel1.linux64_1.0.0.202410170706/tools/bin/../lib/gcc/arm-none-eabi/13.3.1/../../../../arm-none-eabi/lib/thumb/v7-m/nofp/libc_nano.a(libc_a-mprec.o)
                0x0800e34c                _mprec_log10
 .text.__copybits
                0x0800e384       0x46 /opt/stm32cubeide/plugins/com.st.stm32cube.ide.mcu.externaltools.gnu-tools-for-stm32.13.3.rel1.linux64_1.0.0.202410170706/tools/bin/../lib/gcc/arm-none-eabi/13.3.1/../../../../arm-none-eabi/lib/thumb/v7-m/nofp/libc_nano.a(libc_a-mprec.o)
                0x0800e384                __copybits
 .text.__any_on
                0x0800e3ca       0x42 /opt/stm32cubeide/plugins/com.st.stm32cube.ide.mcu.externaltools.gnu-tools-for-stm32.13.3.rel1.linux64_1.0.0.202410170706/tools/bin/../lib/gcc/arm-none-eabi/13.3.1/../../../../arm-none-eabi/lib/thumb/v7-m/nofp/libc_nano.a(libc_a-mprec.o)
                0x0800e3ca                __any_on
 .text.__ascii_wctomb
                0x0800e40c       0x1a /opt/stm32cubeide/plugins/com.st.stm32cube.ide.mcu.externaltools.gnu-tools-for-stm32.13.3.rel1.linux64_1.0.0.202410170706/tools/bin/../lib/gcc/arm-none-eabi/13.3.1/../../../../arm-none-eabi/lib/thumb/v7-m/nofp/libc_nano.a(libc_a-wctomb_r.o)
                0x0800e40c                __ascii_wctomb
 .text.print_e  0x0800e426       0xee /opt/stm32cubeide/plugins/com.st.stm32cube.ide.mcu.externaltools.gnu-tools-for-stm32.13.3.rel1.linux64_1.0.0.202410170706/tools/bin/../lib/gcc/arm-none-eabi/13.3.1/../../../../arm-none-eabi/lib/thumb/v7-m/nofp/libc_nano.a(libc_a-ecvtbuf.o)
 *fill*         0x0800e514        0x4 
 .text._gcvt    0x0800e518      0x1a0 /opt/stm32cubeide/plugins/com.st.stm32cube.ide.mcu.externaltools.gnu-tools-for-stm32.13.3.rel1.linux64_1.0.0.202410170706/tools/bin/../lib/gcc/arm-none-eabi/13.3.1/../../../../arm-none-eabi/lib/thumb/v7-m/nofp/libc_nano.a(libc_a-ecvtbuf.o)
                0x0800e518                _gcvt
 .text.__sflush_r
                0x0800e6b8      0x100 /opt/stm32cubeide/plugins/com.st.stm32cube.ide.mcu.externaltools.gnu-tools-for-stm32.13.3.rel1.linux64_1.0.0.202410170706/tools/bin/../lib/gcc/arm-none-eabi/13.3.1/../../../../arm-none-eabi/lib/thumb/v7-m/nofp/libc_nano.a(libc_a-fflush.o)
                0x0800e6b8                __sflush_r
 .text._fflush_r
                0x0800e7b8       0x50 /opt/stm32cubeide/plugins/com.st.stm32cube.ide.mcu.externaltools.gnu-tools-for-stm32.13.3.rel1.linux64_1.0.0.202410170706/tools/bin/../lib/gcc/arm-none-eabi/13.3.1/../../../../arm-none-eabi/lib/thumb/v7-m/nofp/libc_nano.a(libc_a-fflush.o)
                0x0800e7b8                _fflush_r
 .text._sbrk_r  0x0800e808       0x20 /opt/stm32cubeide/plugins/com.st.stm32cube.ide.mcu.externaltools.gnu-tools-for-stm32.13.3.rel1.linux64_1.0.0.202410170706/tools/bin/../lib/gcc/arm-none-eabi/13.3.1/../../../../arm-none-eabi/lib/thumb/v7-m/nofp/libc_nano.a(libc_a-sbrkr.o)
                0x0800e808                _sbrk_r
 .text.strcpy   0x0800e828       0x10 /opt/stm32cubeide/plugins/com.st.stm32cube.ide.mcu.externaltools.gnu-tools-for-stm32.13.3.rel1.linux64_1.0.0.202410170706/tools/bin/../lib/gcc/arm-none-eabi/13.3.1/../../../../arm-none-eabi/lib/thumb/v7-m/nofp/libc_nano.a(libc_a-strcpy.o)
                0x0800e828                strcpy
 .text.__assert_func
                0x0800e838       0x3c /opt/stm32cubeide/plugins/com.st.stm32cube.ide.mcu.externaltools.gnu-tools-for-stm32.13.3.rel1.linux64_1.0.0.202410170706/tools/bin/../lib/gcc/arm-none-eabi/13.3.1/../../../../arm-none-eabi/lib/thumb/v7-m/nofp/libc_nano.a(libc_a-assert.o)
                0x0800e838                __assert_func
 .text._calloc_r
                0x0800e874       0x28 /opt/stm32cubeide/plugins/com.st.stm32cube.ide.mcu.externaltools.gnu-tools-for-stm32.13.3.rel1.linux64_1.0.0.202410170706/tools/bin/../lib/gcc/arm-none-eabi/13.3.1/../../../../arm-none-eabi/lib/thumb/v7-m/nofp/libc_nano.a(libc_a-callocr.o)
                0x0800e874                _calloc_r
 .text.quorem   0x0800e89c      0x110 /opt/stm32cubeide/plugins/com.st.stm32cube.ide.mcu.externaltools.gnu-tools-for-stm32.13.3.rel1.linux64_1.0.0.202410170706/tools/bin/../lib/gcc/arm-none-eabi/13.3.1/../../../../arm-none-eabi/lib/thumb/v7-m/nofp/libc_nano.a(libc_a-dtoa.o)
 *fill*         0x0800e9ac        0x4 
 .text._dtoa_r  0x0800e9b0      0xba8 /opt/stm32cubeide/plugins/com.st.stm32cube.ide.mcu.externaltools.gnu-tools-for-stm32.13.3.rel1.linux64_1.0.0.202410170706/tools/bin/../lib/gcc/arm-none-eabi/13.3.1/../../../../arm-none-eabi/lib/thumb/v7-m/nofp/libc_nano.a(libc_a-dtoa.o)
                0x0800e9b0                _dtoa_r
 .text.malloc   0x0800f558       0x10 /opt/stm32cubeide/plugins/com.st.stm32cube.ide.mcu.externaltools.gnu-tools-for-stm32.13.3.rel1.linux64_1.0.0.202410170706/tools/bin/../lib/gcc/arm-none-eabi/13.3.1/../../../../arm-none-eabi/lib/thumb/v7-m/nofp/libc_nano.a(libc_a-malloc.o)
                0x0800f558                malloc
 .text.fprintf  0x0800f568       0x24 /opt/stm32cubeide/plugins/com.st.stm32cube.ide.mcu.externaltools.gnu-tools-for-stm32.13.3.rel1.linux64_1.0.0.202410170706/tools/bin/../lib/gcc/arm-none-eabi/13.3.1/../../../../arm-none-eabi/lib/thumb/v7-m/nofp/libc_nano.a(libc_a-fprintf.o)
                0x0800f568                fprintf
                0x0800f568                fiprintf
 .text.abort    0x0800f58c        0xe /opt/stm32cubeide/plugins/com.st.stm32cube.ide.mcu.externaltools.gnu-tools-for-stm32.13.3.rel1.linux64_1.0.0.202410170706/tools/bin/../lib/gcc/arm-none-eabi/13.3.1/../../../../arm-none-eabi/lib/thumb/v7-m/nofp/libc_nano.a(libc_a-abort.o)
                0x0800f58c                abort
 .text.__sfputc_r
                0x0800f59a       0x2a /opt/stm32cubeide/plugins/com.st.stm32cube.ide.mcu.externaltools.gnu-tools-for-stm32.13.3.rel1.linux64_1.0.0.202410170706/tools/bin/../lib/gcc/arm-none-eabi/13.3.1/../../../../arm-none-eabi/lib/thumb/v7-m/nofp/libc_nano.a(libc_a-nano-vfprintf.o)
 .text.__sfputs_r
                0x0800f5c4       0x24 /opt/stm32cubeide/plugins/com.st.stm32cube.ide.mcu.externaltools.gnu-tools-for-stm32.13.3.rel1.linux64_1.0.0.202410170706/tools/bin/../lib/gcc/arm-none-eabi/13.3.1/../../../../arm-none-eabi/lib/thumb/v7-m/nofp/libc_nano.a(libc_a-nano-vfprintf.o)
                0x0800f5c4                __sfputs_r
 .text._vfprintf_r
                0x0800f5e8      0x230 /opt/stm32cubeide/plugins/com.st.stm32cube.ide.mcu.externaltools.gnu-tools-for-stm32.13.3.rel1.linux64_1.0.0.202410170706/tools/bin/../lib/gcc/arm-none-eabi/13.3.1/../../../../arm-none-eabi/lib/thumb/v7-m/nofp/libc_nano.a(libc_a-nano-vfprintf.o)
                0x0800f5e8                _vfiprintf_r
                0x0800f5e8                _vfprintf_r
 .text._printf_common
                0x0800f818       0xe4 /opt/stm32cubeide/plugins/com.st.stm32cube.ide.mcu.externaltools.gnu-tools-for-stm32.13.3.rel1.linux64_1.0.0.202410170706/tools/bin/../lib/gcc/arm-none-eabi/13.3.1/../../../../arm-none-eabi/lib/thumb/v7-m/nofp/libc_nano.a(libc_a-nano-vfprintf_i.o)
                0x0800f818                _printf_common
 .text._printf_i
                0x0800f8fc      0x23c /opt/stm32cubeide/plugins/com.st.stm32cube.ide.mcu.externaltools.gnu-tools-for-stm32.13.3.rel1.linux64_1.0.0.202410170706/tools/bin/../lib/gcc/arm-none-eabi/13.3.1/../../../../arm-none-eabi/lib/thumb/v7-m/nofp/libc_nano.a(libc_a-nano-vfprintf_i.o)
                0x0800f8fc                _printf_i
 .text.__swbuf_r
                0x0800fb38       0x7c /opt/stm32cubeide/plugins/com.st.stm32cube.ide.mcu.externaltools.gnu-tools-for-stm32.13.3.rel1.linux64_1.0.0.202410170706/tools/bin/../lib/gcc/arm-none-eabi/13.3.1/../../../../arm-none-eabi/lib/thumb/v7-m/nofp/libc_nano.a(libc_a-wbuf.o)
                0x0800fb38                __swbuf_r
 .text.__swsetup_r
                0x0800fbb4       0xac /opt/stm32cubeide/plugins/com.st.stm32cube.ide.mcu.externaltools.gnu-tools-for-stm32.13.3.rel1.linux64_1.0.0.202410170706/tools/bin/../lib/gcc/arm-none-eabi/13.3.1/../../../../arm-none-eabi/lib/thumb/v7-m/nofp/libc_nano.a(libc_a-wsetup.o)
                0x0800fbb4                __swsetup_r
 .text._raise_r
                0x0800fc60       0x50 /opt/stm32cubeide/plugins/com.st.stm32cube.ide.mcu.externaltools.gnu-tools-for-stm32.13.3.rel1.linux64_1.0.0.202410170706/tools/bin/../lib/gcc/arm-none-eabi/13.3.1/../../../../arm-none-eabi/lib/thumb/v7-m/nofp/libc_nano.a(libc_a-signal.o)
                0x0800fc60                _raise_r
 .text.raise    0x0800fcb0       0x10 /opt/stm32cubeide/plugins/com.st.stm32cube.ide.mcu.externaltools.gnu-tools-for-stm32.13.3.rel1.linux64_1.0.0.202410170706/tools/bin/../lib/gcc/arm-none-eabi/13.3.1/../../../../arm-none-eabi/lib/thumb/v7-m/nofp/libc_nano.a(libc_a-signal.o)
                0x0800fcb0                raise
 .text._kill_r  0x0800fcc0       0x24 /opt/stm32cubeide/plugins/com.st.stm32cube.ide.mcu.externaltools.gnu-tools-for-stm32.13.3.rel1.linux64_1.0.0.202410170706/tools/bin/../lib/gcc/arm-none-eabi/13.3.1/../../../../arm-none-eabi/lib/thumb/v7-m/nofp/libc_nano.a(libc_a-signalr.o)
                0x0800fcc0                _kill_r
 .text._getpid_r
                0x0800fce4        0x4 /opt/stm32cubeide/plugins/com.st.stm32cube.ide.mcu.externaltools.gnu-tools-for-stm32.13.3.rel1.linux64_1.0.0.202410170706/tools/bin/../lib/gcc/arm-none-eabi/13.3.1/../../../../arm-none-eabi/lib/thumb/v7-m/nofp/libc_nano.a(libc_a-signalr.o)
                0x0800fce4                _getpid_r
 .text.memchr   0x0800fce8       0x1c /opt/stm32cubeide/plugins/com.st.stm32cube.ide.mcu.externaltools.gnu-tools-for-stm32.13.3.rel1.linux64_1.0.0.202410170706/tools/bin/../lib/gcc/arm-none-eabi/13.3.1/../../../../arm-none-eabi/lib/thumb/v7-m/nofp/libc_nano.a(libc_a-memchr-stub.o)
                0x0800fce8                memchr
 .text.__swhatbuf_r
                0x0800fd04       0x4a /opt/stm32cubeide/plugins/com.st.stm32cube.ide.mcu.externaltools.gnu-tools-for-stm32.13.3.rel1.linux64_1.0.0.202410170706/tools/bin/../lib/gcc/arm-none-eabi/13.3.1/../../../../arm-none-eabi/lib/thumb/v7-m/nofp/libc_nano.a(libc_a-makebuf.o)
                0x0800fd04                __swhatbuf_r
 .text.__smakebuf_r
                0x0800fd4e       0x78 /opt/stm32cubeide/plugins/com.st.stm32cube.ide.mcu.externaltools.gnu-tools-for-stm32.13.3.rel1.linux64_1.0.0.202410170706/tools/bin/../lib/gcc/arm-none-eabi/13.3.1/../../../../arm-none-eabi/lib/thumb/v7-m/nofp/libc_nano.a(libc_a-makebuf.o)
                0x0800fd4e                __smakebuf_r
 *fill*         0x0800fdc6        0x2 
 .text._fstat_r
                0x0800fdc8       0x24 /opt/stm32cubeide/plugins/com.st.stm32cube.ide.mcu.externaltools.gnu-tools-for-stm32.13.3.rel1.linux64_1.0.0.202410170706/tools/bin/../lib/gcc/arm-none-eabi/13.3.1/../../../../arm-none-eabi/lib/thumb/v7-m/nofp/libc_nano.a(libc_a-fstatr.o)
                0x0800fdc8                _fstat_r
 .text._isatty_r
                0x0800fdec       0x20 /opt/stm32cubeide/plugins/com.st.stm32cube.ide.mcu.externaltools.gnu-tools-for-stm32.13.3.rel1.linux64_1.0.0.202410170706/tools/bin/../lib/gcc/arm-none-eabi/13.3.1/../../../../arm-none-eabi/lib/thumb/v7-m/nofp/libc_nano.a(libc_a-isattyr.o)
                0x0800fdec                _isatty_r
 *(.glue_7)
 .glue_7        0x0800fe0c        0x0 linker stubs
 *(.glue_7t)
 .glue_7t       0x0800fe0c        0x0 linker stubs
 *(.eh_frame)
 .eh_frame      0x0800fe0c        0x0 /opt/stm32cubeide/plugins/com.st.stm32cube.ide.mcu.externaltools.gnu-tools-for-stm32.13.3.rel1.linux64_1.0.0.202410170706/tools/bin/../lib/gcc/arm-none-eabi/13.3.1/thumb/v7-m/nofp/crtbegin.o
 *(.init)
 .init          0x0800fe0c        0x4 /opt/stm32cubeide/plugins/com.st.stm32cube.ide.mcu.externaltools.gnu-tools-for-stm32.13.3.rel1.linux64_1.0.0.202410170706/tools/bin/../lib/gcc/arm-none-eabi/13.3.1/thumb/v7-m/nofp/crti.o
                0x0800fe0c                _init
 .init          0x0800fe10        0x8 /opt/stm32cubeide/plugins/com.st.stm32cube.ide.mcu.externaltools.gnu-tools-for-stm32.13.3.rel1.linux64_1.0.0.202410170706/tools/bin/../lib/gcc/arm-none-eabi/13.3.1/thumb/v7-m/nofp/crtn.o
 *(.fini)
 .fini          0x0800fe18        0x4 /opt/stm32cubeide/plugins/com.st.stm32cube.ide.mcu.externaltools.gnu-tools-for-stm32.13.3.rel1.linux64_1.0.0.202410170706/tools/bin/../lib/gcc/arm-none-eabi/13.3.1/thumb/v7-m/nofp/crti.o
                0x0800fe18                _fini
 .fini          0x0800fe1c        0x8 /opt/stm32cubeide/plugins/com.st.stm32cube.ide.mcu.externaltools.gnu-tools-for-stm32.13.3.rel1.linux64_1.0.0.202410170706/tools/bin/../lib/gcc/arm-none-eabi/13.3.1/thumb/v7-m/nofp/crtn.o
                0x0800fe24                        . = ALIGN (0x4)
                0x0800fe24                        _etext = .

.vfp11_veneer   0x0800fe24        0x0
 .vfp11_veneer  0x0800fe24        0x0 linker stubs

.v4_bx          0x0800fe24        0x0
 .v4_bx         0x0800fe24        0x0 linker stubs

.iplt           0x0800fe24        0x0
 .iplt          0x0800fe24        0x0 /opt/stm32cubeide/plugins/com.st.stm32cube.ide.mcu.externaltools.gnu-tools-for-stm32.13.3.rel1.linux64_1.0.0.202410170706/tools/bin/../lib/gcc/arm-none-eabi/13.3.1/thumb/v7-m/nofp/crtbegin.o

.rodata         0x0800fe28      0x4b4
                0x0800fe28                        . = ALIGN (0x4)
 *(.rodata)
 .rodata        0x0800fe28       0x10 ./Core/Src/main.o
 .rodata        0x0800fe38       0x46 ./USB_DEVICE/App/usbd_desc.o
 *(.rodata*)
 *fill*         0x0800fe7e        0x2 
 .rodata.AHBPrescTable
                0x0800fe80       0x10 ./Core/Src/system_stm32f1xx.o
                0x0800fe80                AHBPrescTable
 .rodata.APBPrescTable
                0x0800fe90        0x8 ./Core/Src/system_stm32f1xx.o
                0x0800fe90                APBPrescTable
 .rodata.aPLLMULFactorTable.1
                0x0800fe98       0x10 ./Drivers/STM32F1xx_HAL_Driver/Src/stm32f1xx_hal_rcc.o
 .rodata.aPredivFactorTable.0
                0x0800fea8        0x2 ./Drivers/STM32F1xx_HAL_Driver/Src/stm32f1xx_hal_rcc.o
 *fill*         0x0800feaa        0x2 
 .rodata.aPLLMULFactorTable.1
                0x0800feac       0x10 ./Drivers/STM32F1xx_HAL_Driver/Src/stm32f1xx_hal_rcc_ex.o
 .rodata.aPredivFactorTable.0
                0x0800febc        0x2 ./Drivers/STM32F1xx_HAL_Driver/Src/stm32f1xx_hal_rcc_ex.o
 .rodata._strtod_l.str1.1
                0x0800febe      0x1c7 /opt/stm32cubeide/plugins/com.st.stm32cube.ide.mcu.externaltools.gnu-tools-for-stm32.13.3.rel1.linux64_1.0.0.202410170706/tools/bin/../lib/gcc/arm-none-eabi/13.3.1/../../../../arm-none-eabi/lib/thumb/v7-m/nofp/libc_nano.a(libc_a-strtod.o)
                                  0xf (size before relaxing)
 *fill*         0x08010085        0x3 
 .rodata.fpinan.0
                0x08010088       0x14 /opt/stm32cubeide/plugins/com.st.stm32cube.ide.mcu.externaltools.gnu-tools-for-stm32.13.3.rel1.linux64_1.0.0.202410170706/tools/bin/../lib/gcc/arm-none-eabi/13.3.1/../../../../arm-none-eabi/lib/thumb/v7-m/nofp/libc_nano.a(libc_a-strtod.o)
 .rodata.fpi.1  0x0801009c       0x14 /opt/stm32cubeide/plugins/com.st.stm32cube.ide.mcu.externaltools.gnu-tools-for-stm32.13.3.rel1.linux64_1.0.0.202410170706/tools/bin/../lib/gcc/arm-none-eabi/13.3.1/../../../../arm-none-eabi/lib/thumb/v7-m/nofp/libc_nano.a(libc_a-strtod.o)
 .rodata.tinytens
                0x080100b0       0x28 /opt/stm32cubeide/plugins/com.st.stm32cube.ide.mcu.externaltools.gnu-tools-for-stm32.13.3.rel1.linux64_1.0.0.202410170706/tools/bin/../lib/gcc/arm-none-eabi/13.3.1/../../../../arm-none-eabi/lib/thumb/v7-m/nofp/libc_nano.a(libc_a-strtod.o)
 .rodata._setlocale_r.str1.1
                0x080100d8        0x9 /opt/stm32cubeide/plugins/com.st.stm32cube.ide.mcu.externaltools.gnu-tools-for-stm32.13.3.rel1.linux64_1.0.0.202410170706/tools/bin/../lib/gcc/arm-none-eabi/13.3.1/../../../../arm-none-eabi/lib/thumb/v7-m/nofp/libc_nano.a(libc_a-locale.o)
 .rodata.str1.1
                0x080100d8        0x2 /opt/stm32cubeide/plugins/com.st.stm32cube.ide.mcu.externaltools.gnu-tools-for-stm32.13.3.rel1.linux64_1.0.0.202410170706/tools/bin/../lib/gcc/arm-none-eabi/13.3.1/../../../../arm-none-eabi/lib/thumb/v7-m/nofp/libc_nano.a(libc_a-locale.o)
 .rodata.__gethex.str1.1
                0x080100d8       0x73 /opt/stm32cubeide/plugins/com.st.stm32cube.ide.mcu.externaltools.gnu-tools-for-stm32.13.3.rel1.linux64_1.0.0.202410170706/tools/bin/../lib/gcc/arm-none-eabi/13.3.1/../../../../arm-none-eabi/lib/thumb/v7-m/nofp/libc_nano.a(libc_a-gdtoa-gethex.o)
 .rodata._Balloc.str1.1
                0x080100d8       0x70 /opt/stm32cubeide/plugins/com.st.stm32cube.ide.mcu.externaltools.gnu-tools-for-stm32.13.3.rel1.linux64_1.0.0.202410170706/tools/bin/../lib/gcc/arm-none-eabi/13.3.1/../../../../arm-none-eabi/lib/thumb/v7-m/nofp/libc_nano.a(libc_a-mprec.o)
 .rodata.__multadd.str1.1
                0x080100d8       0x11 /opt/stm32cubeide/plugins/com.st.stm32cube.ide.mcu.externaltools.gnu-tools-for-stm32.13.3.rel1.linux64_1.0.0.202410170706/tools/bin/../lib/gcc/arm-none-eabi/13.3.1/../../../../arm-none-eabi/lib/thumb/v7-m/nofp/libc_nano.a(libc_a-mprec.o)