../Core/Src/main.c:93:5:main	8	static
../Core/Src/main.c:166:6:SystemClock_Config	88	static
../Core/Src/main.c:213:13:MX_ADC1_Init	24	static
../Core/Src/main.c:259:13:MX_SPI1_Init	8	static
../Core/Src/main.c:295:13:MX_TIM1_Init	48	static
../Core/Src/main.c:349:13:MX_TIM3_Init	64	static
../Core/Src/main.c:406:13:MX_TIM4_Init	72	static
../Core/Src/main.c:469:13:MX_DMA_Init	16	static
../Core/Src/main.c:486:13:MX_GPIO_Init	40	static
../Core/Src/main.c:552:6:Error_Handler	4	static,ignoring_inline_asm
