../Core/Src/main.c:92:5:main	8	static
../Core/Src/main.c:163:6:SystemClock_Config	88	static
../Core/Src/main.c:211:13:MX_ADC1_Init	24	static
../Core/Src/main.c:258:13:MX_SPI1_Init	8	static
../Core/Src/main.c:295:13:MX_TIM1_Init	48	static
../Core/Src/main.c:350:13:MX_TIM3_Init	64	static
../Core/Src/main.c:408:13:MX_TIM4_Init	72	static
../Core/Src/main.c:472:13:MX_DMA_Init	16	static
../Core/Src/main.c:490:13:MX_GPIO_Init	40	static
../Core/Src/main.c:557:6:Error_Handler	4	static,ignoring_inline_asm
