15:55:58 **** Incremental Build of configuration Release for project Tesis_LGBS_main ****
make -j4 all 
arm-none-eabi-gcc "../Core/Src/CurrentControl.c" -mcpu=cortex-m3 -std=gnu11 -DUSE_HAL_DRIVER -DSTM32F103xB -c -I../Core/Inc -I../Drivers/STM32F1xx_HAL_Driver/Inc -I../Drivers/STM32F1xx_HAL_Driver/Inc/Legacy -I../Drivers/CMSIS/Device/ST/STM32F1xx/Include -I../Drivers/CMSIS/Include -I../USB_DEVICE/App -I../USB_DEVICE/Target -I../Middlewares/ST/STM32_USB_Device_Library/Core/Inc -I../Middlewares/ST/STM32_USB_Device_Library/Class/CDC/Inc -Os -ffunction-sections -fdata-sections -Wall -fstack-usage -fcyclomatic-complexity -MMD -MP -MF"Core/Src/CurrentControl.d" -MT"Core/Src/CurrentControl.o" --specs=nano.specs -mfloat-abi=soft -mthumb -o "Core/Src/CurrentControl.o"
arm-none-eabi-gcc "../Core/Src/LUT_comms.c" -mcpu=cortex-m3 -std=gnu11 -DUSE_HAL_DRIVER -DSTM32F103xB -c -I../Core/Inc -I../Drivers/STM32F1xx_HAL_Driver/Inc -I../Drivers/STM32F1xx_HAL_Driver/Inc/Legacy -I../Drivers/CMSIS/Device/ST/STM32F1xx/Include -I../Drivers/CMSIS/Include -I../USB_DEVICE/App -I../USB_DEVICE/Target -I../Middlewares/ST/STM32_USB_Device_Library/Core/Inc -I../Middlewares/ST/STM32_USB_Device_Library/Class/CDC/Inc -Os -ffunction-sections -fdata-sections -Wall -fstack-usage -fcyclomatic-complexity -MMD -MP -MF"Core/Src/LUT_comms.d" -MT"Core/Src/LUT_comms.o" --specs=nano.specs -mfloat-abi=soft -mthumb -o "Core/Src/LUT_comms.o"
arm-none-eabi-gcc "../Core/Src/command_control.c" -mcpu=cortex-m3 -std=gnu11 -DUSE_HAL_DRIVER -DSTM32F103xB -c -I../Core/Inc -I../Drivers/STM32F1xx_HAL_Driver/Inc -I../Drivers/STM32F1xx_HAL_Driver/Inc/Legacy -I../Drivers/CMSIS/Device/ST/STM32F1xx/Include -I../Drivers/CMSIS/Include -I../USB_DEVICE/App -I../USB_DEVICE/Target -I../Middlewares/ST/STM32_USB_Device_Library/Core/Inc -I../Middlewares/ST/STM32_USB_Device_Library/Class/CDC/Inc -Os -ffunction-sections -fdata-sections -Wall -fstack-usage -fcyclomatic-complexity -MMD -MP -MF"Core/Src/command_control.d" -MT"Core/Src/command_control.o" --specs=nano.specs -mfloat-abi=soft -mthumb -o "Core/Src/command_control.o"
arm-none-eabi-gcc "../Core/Src/main.c" -mcpu=cortex-m3 -std=gnu11 -DUSE_HAL_DRIVER -DSTM32F103xB -c -I../Core/Inc -I../Drivers/STM32F1xx_HAL_Driver/Inc -I../Drivers/STM32F1xx_HAL_Driver/Inc/Legacy -I../Drivers/CMSIS/Device/ST/STM32F1xx/Include -I../Drivers/CMSIS/Include -I../USB_DEVICE/App -I../USB_DEVICE/Target -I../Middlewares/ST/STM32_USB_Device_Library/Core/Inc -I../Middlewares/ST/STM32_USB_Device_Library/Class/CDC/Inc -Os -ffunction-sections -fdata-sections -Wall -fstack-usage -fcyclomatic-complexity -MMD -MP -MF"Core/Src/main.d" -MT"Core/Src/main.o" --specs=nano.specs -mfloat-abi=soft -mthumb -o "Core/Src/main.o"
../Core/Src/LUT_comms.c: In function 'init_LUT_comms':
../Core/Src/LUT_comms.c:17:36: warning: passing argument 2 of 'HAL_SPI_Transmit_DMA' from incompatible pointer type [-Wincompatible-pointer-types]
   17 |         HAL_SPI_Transmit_DMA(hspi, &spi_data, 40);
      |                                    ^~~~~~~~~
      |                                    |
      |                                    uint16_t * {aka short unsigned int *}
In file included from ../Core/Inc/stm32f1xx_hal_conf.h:330,
                 from ../Drivers/STM32F1xx_HAL_Driver/Inc/stm32f1xx_hal.h:29,
                 from ../Core/Inc/LUT_comms.h:11,
                 from ../Core/Src/LUT_comms.c:9:
../Drivers/STM32F1xx_HAL_Driver/Inc/stm32f1xx_hal_spi.h:683:80: note: expected 'const uint8_t *' {aka 'const unsigned char *'} but argument is of type 'uint16_t *' {aka 'short unsigned int *'}
  683 | HAL_StatusTypeDef HAL_SPI_Transmit_DMA(SPI_HandleTypeDef *hspi, const uint8_t *pData, uint16_t Size);
      |                                                                 ~~~~~~~~~~~~~~~^~~~~
../Core/Src/CurrentControl.c: In function 'curr_control_init':
../Core/Src/CurrentControl.c:29:17: warning: implicit declaration of function 'Error_Handler' [-Wimplicit-function-declaration]
   29 |                 Error_Handler();
      |                 ^~~~~~~~~~~~~
arm-none-eabi-gcc "../Core/Src/stm32f1xx_hal_msp.c" -mcpu=cortex-m3 -std=gnu11 -DUSE_HAL_DRIVER -DSTM32F103xB -c -I../Core/Inc -I../Drivers/STM32F1xx_HAL_Driver/Inc -I../Drivers/STM32F1xx_HAL_Driver/Inc/Legacy -I../Drivers/CMSIS/Device/ST/STM32F1xx/Include -I../Drivers/CMSIS/Include -I../USB_DEVICE/App -I../USB_DEVICE/Target -I../Middlewares/ST/STM32_USB_Device_Library/Core/Inc -I../Middlewares/ST/STM32_USB_Device_Library/Class/CDC/Inc -Os -ffunction-sections -fdata-sections -Wall -fstack-usage -fcyclomatic-complexity -MMD -MP -MF"Core/Src/stm32f1xx_hal_msp.d" -MT"Core/Src/stm32f1xx_hal_msp.o" --specs=nano.specs -mfloat-abi=soft -mthumb -o "Core/Src/stm32f1xx_hal_msp.o"
../Core/Src/command_control.c: In function 'command_I':
../Core/Src/command_control.c:22:17: warning: implicit declaration of function 'gcvt' [-Wimplicit-function-declaration]
   22 |                 gcvt(get_I(), 3, buff);
      |                 ^~~~
../Core/Src/command_control.c:28:26: warning: pointer targets in passing argument 1 of 'atof' differ in signedness [-Wpointer-sign]
   28 |                 i = atof(&buff[2]);
      |                          ^~~~~~~~
      |                          |
      |                          uint8_t * {aka unsigned char *}
In file included from ../USB_DEVICE/Target/usbd_conf.h:31,
                 from ../Middlewares/ST/STM32_USB_Device_Library/Core/Inc/usbd_def.h:29,
                 from ../Middlewares/ST/STM32_USB_Device_Library/Core/Inc/usbd_ioreq.h:29,
                 from ../Middlewares/ST/STM32_USB_Device_Library/Class/CDC/Inc/usbd_cdc.h:29,
                 from ../USB_DEVICE/App/usbd_cdc_if.h:30,
                 from ../Core/Src/command_control.c:12:
/opt/stm32cubeide/plugins/com.st.stm32cube.ide.mcu.externaltools.gnu-tools-for-stm32.12.3.rel1.linux64_1.1.0.202410170702/tools/arm-none-eabi/include/stdlib.h:77:27: note: expected 'const char *' but argument is of type 'uint8_t *' {aka 'unsigned char *'}
   77 | double  atof (const char *__nptr);
      |               ~~~~~~~~~~~~^~~~~~
../Core/Src/command_control.c:37:32: warning: passing argument 1 of 'CDC_Transmit_FS' makes pointer from integer without a cast [-Wint-conversion]
   37 |         while (CDC_Transmit_FS('\n', 1) == USBD_BUSY);
      |                                ^~~~
      |                                |
      |                                int
../USB_DEVICE/App/usbd_cdc_if.h:108:34: note: expected 'uint8_t *' {aka 'unsigned char *'} but argument is of type 'int'
  108 | uint8_t CDC_Transmit_FS(uint8_t* Buf, uint16_t Len);
      |                         ~~~~~~~~~^~~
../Core/Src/command_control.c: In function 'command_S':
../Core/Src/command_control.c:44:38: warning: pointer targets in passing argument 2 of 'itoa' differ in signedness [-Wpointer-sign]
   44 |                 itoa(get_spi_data(), buff, 10);
      |                                      ^~~~
      |                                      |
      |                                      uint8_t * {aka unsigned char *}
/opt/stm32cubeide/plugins/com.st.stm32cube.ide.mcu.externaltools.gnu-tools-for-stm32.12.3.rel1.linux64_1.1.0.202410170702/tools/arm-none-eabi/include/stdlib.h:227:20: note: expected 'char *' but argument is of type 'uint8_t *' {aka 'unsigned char *'}
arm-none-eabi-gcc "../Core/Src/stm32f1xx_it.c" -mcpu=cortex-m3 -std=gnu11 -DUSE_HAL_DRIVER -DSTM32F103xB -c -I../Core/Inc -I../Drivers/STM32F1xx_HAL_Driver/Inc -I../Drivers/STM32F1xx_HAL_Driver/Inc/Legacy -I../Drivers/CMSIS/Device/ST/STM32F1xx/Include -I../Drivers/CMSIS/Include -I../USB_DEVICE/App -I../USB_DEVICE/Target -I../Middlewares/ST/STM32_USB_Device_Library/Core/Inc -I../Middlewares/ST/STM32_USB_Device_Library/Class/CDC/Inc -Os -ffunction-sections -fdata-sections -Wall -fstack-usage -fcyclomatic-complexity -MMD -MP -MF"Core/Src/stm32f1xx_it.d" -MT"Core/Src/stm32f1xx_it.o" --specs=nano.specs -mfloat-abi=soft -mthumb -o "Core/Src/stm32f1xx_it.o"
  227 | char *  itoa (int, char *, int);
      |                    ^~~~~~
../Core/Src/command_control.c:45:22: warning: type defaults to 'int' in declaration of 'len' [-Wimplicit-int]
   45 |                 auto len = strlen(buff);
      |                      ^~~
../Core/Src/command_control.c:45:35: warning: pointer targets in passing argument 1 of 'strlen' differ in signedness [-Wpointer-sign]
   45 |                 auto len = strlen(buff);
      |                                   ^~~~
      |                                   |
      |                                   uint8_t * {aka unsigned char *}
In file included from ../USB_DEVICE/Target/usbd_conf.h:32:
/opt/stm32cubeide/plugins/com.st.stm32cube.ide.mcu.externaltools.gnu-tools-for-stm32.12.3.rel1.linux64_1.1.0.202410170702/tools/arm-none-eabi/include/string.h:41:18: note: expected 'const char *' but argument is of type 'uint8_t *' {aka 'unsigned char *'}
   41 | size_t   strlen (const char *);
      |                  ^~~~~~~~~~~~
../Core/Src/command_control.c:51:29: warning: pointer targets in passing argument 1 of 'atoi' differ in signedness [-Wpointer-sign]
   51 |                 data = atoi(&buff[2]);
      |                             ^~~~~~~~
      |                             |
      |                             uint8_t * {aka unsigned char *}
/opt/stm32cubeide/plugins/com.st.stm32cube.ide.mcu.externaltools.gnu-tools-for-stm32.12.3.rel1.linux64_1.1.0.202410170702/tools/arm-none-eabi/include/stdlib.h:81:27: note: expected 'const char *' but argument is of type 'uint8_t *' {aka 'unsigned char *'}
   81 | int     atoi (const char *__nptr);
      |               ~~~~~~~~~~~~^~~~~~
../Core/Src/command_control.c:54:32: warning: passing argument 1 of 'CDC_Transmit_FS' makes pointer from integer without a cast [-Wint-conversion]
   54 |         while (CDC_Transmit_FS('\n', 1) == USBD_BUSY);
      |                                ^~~~
      |                                |
      |                                int
../USB_DEVICE/App/usbd_cdc_if.h:108:34: note: expected 'uint8_t *' {aka 'unsigned char *'} but argument is of type 'int'
arm-none-eabi-gcc "../Core/Src/system_stm32f1xx.c" -mcpu=cortex-m3 -std=gnu11 -DUSE_HAL_DRIVER -DSTM32F103xB -c -I../Core/Inc -I../Drivers/STM32F1xx_HAL_Driver/Inc -I../Drivers/STM32F1xx_HAL_Driver/Inc/Legacy -I../Drivers/CMSIS/Device/ST/STM32F1xx/Include -I../Drivers/CMSIS/Include -I../USB_DEVICE/App -I../USB_DEVICE/Target -I../Middlewares/ST/STM32_USB_Device_Library/Core/Inc -I../Middlewares/ST/STM32_USB_Device_Library/Class/CDC/Inc -Os -ffunction-sections -fdata-sections -Wall -fstack-usage -fcyclomatic-complexity -MMD -MP -MF"Core/Src/system_stm32f1xx.d" -MT"Core/Src/system_stm32f1xx.o" --specs=nano.specs -mfloat-abi=soft -mthumb -o "Core/Src/system_stm32f1xx.o"
  108 | uint8_t CDC_Transmit_FS(uint8_t* Buf, uint16_t Len);
      |                         ~~~~~~~~~^~~
../Core/Src/main.c: In function 'main':
../Core/Src/main.c:142:51: warning: pointer targets in passing argument 1 of 'CDC_Transmit_FS' differ in signedness [-Wpointer-sign]
  142 |                                   CDC_Transmit_FS("\nNo reconocido\n", 15);
      |                                                   ^~~~~~~~~~~~~~~~~~~
      |                                                   |
      |                                                   char *
In file included from ../Core/Src/main.c:25:
../USB_DEVICE/App/usbd_cdc_if.h:108:34: note: expected 'uint8_t *' {aka 'unsigned char *'} but argument is of type 'char *'
  108 | uint8_t CDC_Transmit_FS(uint8_t* Buf, uint16_t Len);
      |                         ~~~~~~~~~^~~
arm-none-eabi-gcc -o "Tesis_LGBS_main.elf" @"objects.list"   -mcpu=cortex-m3 -T"/home/gullino18/Documents/github/Tesis-LGBS/Programacion/uC/Tesis_LGBS_main/STM32F103C8TX_FLASH.ld" --specs=nosys.specs -Wl,-Map="Tesis_LGBS_main.map" -Wl,--gc-sections -static --specs=nano.specs -mfloat-abi=soft -mthumb -Wl,--start-group -lc -lm -Wl,--end-group
Finished building target: Tesis_LGBS_main.elf
 
arm-none-eabi-size  Tesis_LGBS_main.elf 
arm-none-eabi-objdump -h -S Tesis_LGBS_main.elf  > "Tesis_LGBS_main.list"
   text	   data	    bss	    dec	    hex	filename
  40164	    840	   6816	  47820	   bacc	Tesis_LGBS_main.elf
Finished building: default.size.stdout
 
Finished building: Tesis_LGBS_main.list
 

15:55:59 Build Finished. 0 errors, 11 warnings. (took 1s.565ms)

