21:35:06 **** Incremental Build of configuration Debug for project Tesis_LGBS_main ****
make -j4 all 
arm-none-eabi-gcc "../Core/Src/main.c" -mcpu=cortex-m3 -std=gnu11 -g3 -DDEBUG -DUSE_HAL_DRIVER -DSTM32F103xB -c -I../Core/Inc -I../Drivers/STM32F1xx_HAL_Driver/Inc -I../Drivers/STM32F1xx_HAL_Driver/Inc/Legacy -I../Drivers/CMSIS/Device/ST/STM32F1xx/Include -I../Drivers/CMSIS/Include -I../USB_DEVICE/App -I../USB_DEVICE/Target -I../Middlewares/ST/STM32_USB_Device_Library/Core/Inc -I../Middlewares/ST/STM32_USB_Device_Library/Class/CDC/Inc -O0 -ffunction-sections -fdata-sections -Wall -fstack-usage -fcyclomatic-complexity -MMD -MP -MF"Core/Src/main.d" -MT"Core/Src/main.o" --specs=nano.specs -mfloat-abi=soft -mthumb -o "Core/Src/main.o"
../Core/Src/main.c: In function 'main':
../Core/Src/main.c:142:51: warning: pointer targets in passing argument 1 of 'CDC_Transmit_FS' differ in signedness [-Wpointer-sign]
  142 |                                   CDC_Transmit_FS("\nNo reconocido\n", 15);
      |                                                   ^~~~~~~~~~~~~~~~~~~
      |                                                   |
      |                                                   char *
In file included from ../Core/Src/main.c:25:
../USB_DEVICE/App/usbd_cdc_if.h:108:34: note: expected 'uint8_t *' {aka 'unsigned char *'} but argument is of type 'char *'
  108 | uint8_t CDC_Transmit_FS(uint8_t* Buf, uint16_t Len);
      |                         ~~~~~~~~~^~~
arm-none-eabi-gcc -o "Tesis_LGBS_main.elf" @"objects.list"   -mcpu=cortex-m3 -T"/home/gullino18/Documents/github/Tesis-LGBS/Programacion/uC/Tesis_LGBS_main/STM32F103C8TX_FLASH.ld" --specs=nosys.specs -Wl,-Map="Tesis_LGBS_main.map" -Wl,--gc-sections -static --specs=nano.specs -mfloat-abi=soft -mthumb -Wl,--start-group -lc -lm -Wl,--end-group
Finished building target: Tesis_LGBS_main.elf
 
arm-none-eabi-size  Tesis_LGBS_main.elf 
arm-none-eabi-objdump -h -S Tesis_LGBS_main.elf  > "Tesis_LGBS_main.list"
   text	   data	    bss	    dec	    hex	filename
  60132	    836	   6820	  67788	  108cc	Tesis_LGBS_main.elf
Finished building: default.size.stdout
 
Finished building: Tesis_LGBS_main.list
 

21:35:07 Build Finished. 0 errors, 1 warnings. (took 897ms)

