Archive member included to satisfy reference by file (symbol)

/home/gullino18/st/stm32cubeclt_1.17.0/GNU-tools-for-STM32/bin/../lib/gcc/arm-none-eabi/12.3.1/../../../../arm-none-eabi/lib/thumb/v7-m/nofp/libc_nano.a(libc_a-exit.o)
                              /home/gullino18/st/stm32cubeclt_1.17.0/GNU-tools-for-STM32/bin/../lib/gcc/arm-none-eabi/12.3.1/../../../../arm-none-eabi/lib/thumb/v7-m/nofp/crt0.o (exit)
/home/gullino18/st/stm32cubeclt_1.17.0/GNU-tools-for-STM32/bin/../lib/gcc/arm-none-eabi/12.3.1/../../../../arm-none-eabi/lib/thumb/v7-m/nofp/libc_nano.a(libc_a-findfp.o)
                              /home/gullino18/st/stm32cubeclt_1.17.0/GNU-tools-for-STM32/bin/../lib/gcc/arm-none-eabi/12.3.1/../../../../arm-none-eabi/lib/thumb/v7-m/nofp/libc_nano.a(libc_a-exit.o) (__stdio_exit_handler)
/home/gullino18/st/stm32cubeclt_1.17.0/GNU-tools-for-STM32/bin/../lib/gcc/arm-none-eabi/12.3.1/../../../../arm-none-eabi/lib/thumb/v7-m/nofp/libc_nano.a(libc_a-fwalk.o)
                              /home/gullino18/st/stm32cubeclt_1.17.0/GNU-tools-for-STM32/bin/../lib/gcc/arm-none-eabi/12.3.1/../../../../arm-none-eabi/lib/thumb/v7-m/nofp/libc_nano.a(libc_a-findfp.o) (_fwalk_sglue)
/home/gullino18/st/stm32cubeclt_1.17.0/GNU-tools-for-STM32/bin/../lib/gcc/arm-none-eabi/12.3.1/../../../../arm-none-eabi/lib/thumb/v7-m/nofp/libc_nano.a(libc_a-stdio.o)
                              /home/gullino18/st/stm32cubeclt_1.17.0/GNU-tools-for-STM32/bin/../lib/gcc/arm-none-eabi/12.3.1/../../../../arm-none-eabi/lib/thumb/v7-m/nofp/libc_nano.a(libc_a-findfp.o) (__sread)
/home/gullino18/st/stm32cubeclt_1.17.0/GNU-tools-for-STM32/bin/../lib/gcc/arm-none-eabi/12.3.1/../../../../arm-none-eabi/lib/thumb/v7-m/nofp/libc_nano.a(libc_a-memset.o)
                              /home/gullino18/st/stm32cubeclt_1.17.0/GNU-tools-for-STM32/bin/../lib/gcc/arm-none-eabi/12.3.1/../../../../arm-none-eabi/lib/thumb/v7-m/nofp/crt0.o (memset)
/home/gullino18/st/stm32cubeclt_1.17.0/GNU-tools-for-STM32/bin/../lib/gcc/arm-none-eabi/12.3.1/../../../../arm-none-eabi/lib/thumb/v7-m/nofp/libc_nano.a(libc_a-closer.o)
                              /home/gullino18/st/stm32cubeclt_1.17.0/GNU-tools-for-STM32/bin/../lib/gcc/arm-none-eabi/12.3.1/../../../../arm-none-eabi/lib/thumb/v7-m/nofp/libc_nano.a(libc_a-stdio.o) (_close_r)
/home/gullino18/st/stm32cubeclt_1.17.0/GNU-tools-for-STM32/bin/../lib/gcc/arm-none-eabi/12.3.1/../../../../arm-none-eabi/lib/thumb/v7-m/nofp/libc_nano.a(libc_a-reent.o)
                              /home/gullino18/st/stm32cubeclt_1.17.0/GNU-tools-for-STM32/bin/../lib/gcc/arm-none-eabi/12.3.1/../../../../arm-none-eabi/lib/thumb/v7-m/nofp/libc_nano.a(libc_a-closer.o) (errno)
/home/gullino18/st/stm32cubeclt_1.17.0/GNU-tools-for-STM32/bin/../lib/gcc/arm-none-eabi/12.3.1/../../../../arm-none-eabi/lib/thumb/v7-m/nofp/libc_nano.a(libc_a-impure.o)
                              /home/gullino18/st/stm32cubeclt_1.17.0/GNU-tools-for-STM32/bin/../lib/gcc/arm-none-eabi/12.3.1/../../../../arm-none-eabi/lib/thumb/v7-m/nofp/libc_nano.a(libc_a-reent.o) (_impure_ptr)
/home/gullino18/st/stm32cubeclt_1.17.0/GNU-tools-for-STM32/bin/../lib/gcc/arm-none-eabi/12.3.1/../../../../arm-none-eabi/lib/thumb/v7-m/nofp/libc_nano.a(libc_a-lseekr.o)
                              /home/gullino18/st/stm32cubeclt_1.17.0/GNU-tools-for-STM32/bin/../lib/gcc/arm-none-eabi/12.3.1/../../../../arm-none-eabi/lib/thumb/v7-m/nofp/libc_nano.a(libc_a-stdio.o) (_lseek_r)
/home/gullino18/st/stm32cubeclt_1.17.0/GNU-tools-for-STM32/bin/../lib/gcc/arm-none-eabi/12.3.1/../../../../arm-none-eabi/lib/thumb/v7-m/nofp/libc_nano.a(libc_a-readr.o)
                              /home/gullino18/st/stm32cubeclt_1.17.0/GNU-tools-for-STM32/bin/../lib/gcc/arm-none-eabi/12.3.1/../../../../arm-none-eabi/lib/thumb/v7-m/nofp/libc_nano.a(libc_a-stdio.o) (_read_r)
/home/gullino18/st/stm32cubeclt_1.17.0/GNU-tools-for-STM32/bin/../lib/gcc/arm-none-eabi/12.3.1/../../../../arm-none-eabi/lib/thumb/v7-m/nofp/libc_nano.a(libc_a-writer.o)
                              /home/gullino18/st/stm32cubeclt_1.17.0/GNU-tools-for-STM32/bin/../lib/gcc/arm-none-eabi/12.3.1/../../../../arm-none-eabi/lib/thumb/v7-m/nofp/libc_nano.a(libc_a-stdio.o) (_write_r)
/home/gullino18/st/stm32cubeclt_1.17.0/GNU-tools-for-STM32/bin/../lib/gcc/arm-none-eabi/12.3.1/../../../../arm-none-eabi/lib/thumb/v7-m/nofp/libc_nano.a(libc_a-init.o)
                              /home/gullino18/st/stm32cubeclt_1.17.0/GNU-tools-for-STM32/bin/../lib/gcc/arm-none-eabi/12.3.1/../../../../arm-none-eabi/lib/thumb/v7-m/nofp/crt0.o (__libc_init_array)
/home/gullino18/st/stm32cubeclt_1.17.0/GNU-tools-for-STM32/bin/../lib/gcc/arm-none-eabi/12.3.1/../../../../arm-none-eabi/lib/thumb/v7-m/nofp/libc_nano.a(libc_a-lock.o)
                              /home/gullino18/st/stm32cubeclt_1.17.0/GNU-tools-for-STM32/bin/../lib/gcc/arm-none-eabi/12.3.1/../../../../arm-none-eabi/lib/thumb/v7-m/nofp/libc_nano.a(libc_a-findfp.o) (__retarget_lock_init_recursive)
[...]
Memory Configuration

Name             Origin             Length             Attributes
RAM              0x20000000         0x00005000         xrw
FLASH            0x08000000         0x00010000         xr
*default*        0x00000000         0xffffffff

Linker script and memory map

LOAD /home/gullino18/st/stm32cubeclt_1.17.0/GNU-tools-for-STM32/bin/../lib/gcc/arm-none-eabi/12.3.1/thumb/v7-m/nofp/crti.o
LOAD /home/gullino18/st/stm32cubeclt_1.17.0/GNU-tools-for-STM32/bin/../lib/gcc/arm-none-eabi/12.3.1/thumb/v7-m/nofp/crtbegin.o
LOAD /home/gullino18/st/stm32cubeclt_1.17.0/GNU-tools-for-STM32/bin/../lib/gcc/arm-none-eabi/12.3.1/../../../../arm-none-eabi/lib/thumb/v7-m/nofp/crt0.o
START GROUP
LOAD /home/gullino18/st/stm32cubeclt_1.17.0/GNU-tools-for-STM32/bin/../lib/gcc/arm-none-eabi/12.3.1/../../../../arm-none-eabi/lib/thumb/v7-m/nofp/libc_nano.a
LOAD /home/gullino18/st/stm32cubeclt_1.17.0/GNU-tools-for-STM32/bin/../lib/gcc/arm-none-eabi/12.3.1/../../../../arm-none-eabi/lib/thumb/v7-m/nofp/libm.a
END GROUP
LOAD CMakeFiles/Spi_cube_test.dir/Core/Src/main.c.obj
LOAD CMakeFiles/Spi_cube_test.dir/Core/Src/stm32f1xx_it.c.obj
LOAD CMakeFiles/Spi_cube_test.dir/Core/Src/stm32f1xx_hal_msp.c.obj
LOAD CMakeFiles/Spi_cube_test.dir/Drivers/STM32F1xx_HAL_Driver/Src/stm32f1xx_hal_gpio_ex.c.obj
LOAD CMakeFiles/Spi_cube_test.dir/Drivers/STM32F1xx_HAL_Driver/Src/stm32f1xx_hal_spi.c.obj
LOAD CMakeFiles/Spi_cube_test.dir/Drivers/STM32F1xx_HAL_Driver/Src/stm32f1xx_hal.c.obj
LOAD CMakeFiles/Spi_cube_test.dir/Drivers/STM32F1xx_HAL_Driver/Src/stm32f1xx_hal_rcc.c.obj
LOAD CMakeFiles/Spi_cube_test.dir/Drivers/STM32F1xx_HAL_Driver/Src/stm32f1xx_hal_rcc_ex.c.obj
LOAD CMakeFiles/Spi_cube_test.dir/Drivers/STM32F1xx_HAL_Driver/Src/stm32f1xx_hal_gpio.c.obj
LOAD CMakeFiles/Spi_cube_test.dir/Drivers/STM32F1xx_HAL_Driver/Src/stm32f1xx_hal_dma.c.obj
LOAD CMakeFiles/Spi_cube_test.dir/Drivers/STM32F1xx_HAL_Driver/Src/stm32f1xx_hal_cortex.c.obj
LOAD CMakeFiles/Spi_cube_test.dir/Drivers/STM32F1xx_HAL_Driver/Src/stm32f1xx_hal_pwr.c.obj
LOAD CMakeFiles/Spi_cube_test.dir/Drivers/STM32F1xx_HAL_Driver/Src/stm32f1xx_hal_flash.c.obj
LOAD CMakeFiles/Spi_cube_test.dir/Drivers/STM32F1xx_HAL_Driver/Src/stm32f1xx_hal_flash_ex.c.obj
LOAD CMakeFiles/Spi_cube_test.dir/Drivers/STM32F1xx_HAL_Driver/Src/stm32f1xx_hal_exti.c.obj
LOAD CMakeFiles/Spi_cube_test.dir/Core/Src/system_stm32f1xx.c.obj
LOAD CMakeFiles/Spi_cube_test.dir/Core/Src/sysmem.c.obj
LOAD CMakeFiles/Spi_cube_test.dir/Core/Src/syscalls.c.obj
LOAD CMakeFiles/Spi_cube_test.dir/startup_stm32f103xb.s.obj
START GROUP
LOAD /home/gullino18/st/stm32cubeclt_1.17.0/GNU-tools-for-STM32/bin/../lib/gcc/arm-none-eabi/12.3.1/thumb/v7-m/nofp/libgcc.a
LOAD /home/gullino18/st/stm32cubeclt_1.17.0/GNU-tools-for-STM32/bin/../lib/gcc/arm-none-eabi/12.3.1/../../../../arm-none-eabi/lib/thumb/v7-m/nofp/libg_nano.a
LOAD /home/gullino18/st/stm32cubeclt_1.17.0/GNU-tools-for-STM32/bin/../lib/gcc/arm-none-eabi/12.3.1/../../../../arm-none-eabi/lib/thumb/v7-m/nofp/libc_nano.a
END GROUP
START GROUP
LOAD /home/gullino18/st/stm32cubeclt_1.17.0/GNU-tools-for-STM32/bin/../lib/gcc/arm-none-eabi/12.3.1/thumb/v7-m/nofp/libgcc.a
LOAD /home/gullino18/st/stm32cubeclt_1.17.0/GNU-tools-for-STM32/bin/../lib/gcc/arm-none-eabi/12.3.1/../../../../arm-none-eabi/lib/thumb/v7-m/nofp/libc_nano.a
END GROUP
LOAD /home/gullino18/st/stm32cubeclt_1.17.0/GNU-tools-for-STM32/bin/../lib/gcc/arm-none-eabi/12.3.1/thumb/v7-m/nofp/crtend.o
LOAD /home/gullino18/st/stm32cubeclt_1.17.0/GNU-tools-for-STM32/bin/../lib/gcc/arm-none-eabi/12.3.1/thumb/v7-m/nofp/crtn.o
                0x20005000                        _estack = (ORIGIN (RAM) + LENGTH (RAM))
                0x00000200                        _Min_Heap_Size = 0x200
                0x00000400                        _Min_Stack_Size = 0x400

.isr_vector     0x08000000      0x10c
                0x08000000                        . = ALIGN (0x4)
 *(.isr_vector)
 .isr_vector    0x08000000      0x10c CMakeFiles/Spi_cube_test.dir/startup_stm32f103xb.s.obj
                0x08000000                g_pfnVectors
                0x0800010c                        . = ALIGN (0x4)

.text           0x0800010c     0x15d8
                0x0800010c                        . = ALIGN (0x4)
 *(.text)
 .text          0x0800010c       0x40 /home/gullino18/st/stm32cubeclt_1.17.0/GNU-tools-for-STM32/bin/../lib/gcc/arm-none-eabi/12.3.1/thumb/v7-m/nofp/crtbegin.o
 *(.text*)
 .text.memset   0x0800014c       0x10 /home/gullino18/st/stm32cubeclt_1.17.0/GNU-tools-for-STM32/bin/../lib/gcc/arm-none-eabi/12.3.1/../../../../arm-none-eabi/lib/thumb/v7-m/nofp/libc_nano.a(libc_a-memset.o)
                0x0800014c                memset
 .text.__libc_init_array
                0x0800015c       0x48 /home/gullino18/st/stm32cubeclt_1.17.0/GNU-tools-for-STM32/bin/../lib/gcc/arm-none-eabi/12.3.1/../../../../arm-none-eabi/lib/thumb/v7-m/nofp/libc_nano.a(libc_a-init.o)
                0x0800015c                __libc_init_array
 .text.main     0x080001a4       0x18 CMakeFiles/Spi_cube_test.dir/Core/Src/main.c.obj
                0x080001a4                main
 .text.SystemClock_Config
                0x080001bc       0x8a CMakeFiles/Spi_cube_test.dir/Core/Src/main.c.obj
                0x080001bc                SystemClock_Config
 *fill*         0x08000246        0x2 
 .text.MX_SPI1_Init
                0x08000248       0x64 CMakeFiles/Spi_cube_test.dir/Core/Src/main.c.obj
 .text.MX_GPIO_Init
                0x080002ac       0x5c CMakeFiles/Spi_cube_test.dir/Core/Src/main.c.obj
 .text.Error_Handler
                0x08000308        0xc CMakeFiles/Spi_cube_test.dir/Core/Src/main.c.obj
                0x08000308                Error_Handler
 .text.NMI_Handler
                0x08000314        0x8 CMakeFiles/Spi_cube_test.dir/Core/Src/stm32f1xx_it.c.obj
                0x08000314                NMI_Handler
 .text.HardFault_Handler
                0x0800031c        0x8 CMakeFiles/Spi_cube_test.dir/Core/Src/stm32f1xx_it.c.obj
                0x0800031c                HardFault_Handler
 .text.MemManage_Handler
                0x08000324        0x8 CMakeFiles/Spi_cube_test.dir/Core/Src/stm32f1xx_it.c.obj
                0x08000324                MemManage_Handler
 .text.BusFault_Handler
                0x0800032c        0x8 CMakeFiles/Spi_cube_test.dir/Core/Src/stm32f1xx_it.c.obj
                0x0800032c                BusFault_Handler
 .text.UsageFault_Handler
                0x08000334        0x8 CMakeFiles/Spi_cube_test.dir/Core/Src/stm32f1xx_it.c.obj
                0x08000334                UsageFault_Handler
 .text.SVC_Handler
                0x0800033c        0xc CMakeFiles/Spi_cube_test.dir/Core/Src/stm32f1xx_it.c.obj
                0x0800033c                SVC_Handler
 .text.DebugMon_Handler
                0x08000348        0xc CMakeFiles/Spi_cube_test.dir/Core/Src/stm32f1xx_it.c.obj
                0x08000348                DebugMon_Handler
 .text.PendSV_Handler
                0x08000354        0xc CMakeFiles/Spi_cube_test.dir/Core/Src/stm32f1xx_it.c.obj
                0x08000354                PendSV_Handler
 .text.SysTick_Handler
                0x08000360        0xc CMakeFiles/Spi_cube_test.dir/Core/Src/stm32f1xx_it.c.obj
                0x08000360                SysTick_Handler
 .text.SPI1_IRQHandler
                0x0800036c       0x14 CMakeFiles/Spi_cube_test.dir/Core/Src/stm32f1xx_it.c.obj
                0x0800036c                SPI1_IRQHandler
 .text.HAL_MspInit
                0x08000380       0x64 CMakeFiles/Spi_cube_test.dir/Core/Src/stm32f1xx_hal_msp.c.obj
                0x08000380                HAL_MspInit
 .text.HAL_SPI_MspInit
                0x080003e4       0xfc CMakeFiles/Spi_cube_test.dir/Core/Src/stm32f1xx_hal_msp.c.obj
                0x080003e4                HAL_SPI_MspInit
 .text.HAL_SPI_Init
                0x080004e0      0x108 CMakeFiles/Spi_cube_test.dir/Drivers/STM32F1xx_HAL_Driver/Src/stm32f1xx_hal_spi.c.obj
                0x080004e0                HAL_SPI_Init
 .text.HAL_SPI_IRQHandler
                0x080005e8      0x1bc CMakeFiles/Spi_cube_test.dir/Drivers/STM32F1xx_HAL_Driver/Src/stm32f1xx_hal_spi.c.obj
                0x080005e8                HAL_SPI_IRQHandler
 .text.HAL_SPI_ErrorCallback
                0x080007a4       0x12 CMakeFiles/Spi_cube_test.dir/Drivers/STM32F1xx_HAL_Driver/Src/stm32f1xx_hal_spi.c.obj
                0x080007a4                HAL_SPI_ErrorCallback
 .text.SPI_DMAAbortOnError
                0x080007b6       0x28 CMakeFiles/Spi_cube_test.dir/Drivers/STM32F1xx_HAL_Driver/Src/stm32f1xx_hal_spi.c.obj
 *fill*         0x080007de        0x2 
 .text.HAL_Init
                0x080007e0       0x2c CMakeFiles/Spi_cube_test.dir/Drivers/STM32F1xx_HAL_Driver/Src/stm32f1xx_hal.c.obj
                0x080007e0                HAL_Init
 .text.HAL_InitTick
                0x0800080c       0x60 CMakeFiles/Spi_cube_test.dir/Drivers/STM32F1xx_HAL_Driver/Src/stm32f1xx_hal.c.obj
                0x0800080c                HAL_InitTick
 .text.HAL_IncTick
                0x0800086c       0x24 CMakeFiles/Spi_cube_test.dir/Drivers/STM32F1xx_HAL_Driver/Src/stm32f1xx_hal.c.obj
                0x0800086c                HAL_IncTick
 .text.HAL_GetTick
                0x08000890       0x14 CMakeFiles/Spi_cube_test.dir/Drivers/STM32F1xx_HAL_Driver/Src/stm32f1xx_hal.c.obj
                0x08000890                HAL_GetTick
 .text.HAL_RCC_OscConfig
                0x080008a4      0x504 CMakeFiles/Spi_cube_test.dir/Drivers/STM32F1xx_HAL_Driver/Src/stm32f1xx_hal_rcc.c.obj
                0x080008a4                HAL_RCC_OscConfig
 .text.HAL_RCC_ClockConfig
                0x08000da8      0x1d4 CMakeFiles/Spi_cube_test.dir/Drivers/STM32F1xx_HAL_Driver/Src/stm32f1xx_hal_rcc.c.obj
                0x08000da8                HAL_RCC_ClockConfig
 .text.HAL_RCC_GetSysClockFreq
                0x08000f7c       0xa8 CMakeFiles/Spi_cube_test.dir/Drivers/STM32F1xx_HAL_Driver/Src/stm32f1xx_hal_rcc.c.obj
                0x08000f7c                HAL_RCC_GetSysClockFreq
 .text.RCC_Delay
                0x08001024       0x3c CMakeFiles/Spi_cube_test.dir/Drivers/STM32F1xx_HAL_Driver/Src/stm32f1xx_hal_rcc.c.obj
 .text.HAL_GPIO_Init
                0x08001060      0x308 CMakeFiles/Spi_cube_test.dir/Drivers/STM32F1xx_HAL_Driver/Src/stm32f1xx_hal_gpio.c.obj
                0x08001060                HAL_GPIO_Init
 .text.HAL_DMA_Abort_IT
                0x08001368       0xf0 CMakeFiles/Spi_cube_test.dir/Drivers/STM32F1xx_HAL_Driver/Src/stm32f1xx_hal_dma.c.obj
                0x08001368                HAL_DMA_Abort_IT
 .text.__NVIC_SetPriorityGrouping
                0x08001458       0x48 CMakeFiles/Spi_cube_test.dir/Drivers/STM32F1xx_HAL_Driver/Src/stm32f1xx_hal_cortex.c.obj
 .text.__NVIC_GetPriorityGrouping
                0x080014a0       0x1c CMakeFiles/Spi_cube_test.dir/Drivers/STM32F1xx_HAL_Driver/Src/stm32f1xx_hal_cortex.c.obj
 .text.__NVIC_EnableIRQ
                0x080014bc       0x38 CMakeFiles/Spi_cube_test.dir/Drivers/STM32F1xx_HAL_Driver/Src/stm32f1xx_hal_cortex.c.obj
 .text.__NVIC_SetPriority
                0x080014f4       0x54 CMakeFiles/Spi_cube_test.dir/Drivers/STM32F1xx_HAL_Driver/Src/stm32f1xx_hal_cortex.c.obj
 .text.NVIC_EncodePriority
                0x08001548       0x64 CMakeFiles/Spi_cube_test.dir/Drivers/STM32F1xx_HAL_Driver/Src/stm32f1xx_hal_cortex.c.obj
 .text.SysTick_Config
                0x080015ac       0x44 CMakeFiles/Spi_cube_test.dir/Drivers/STM32F1xx_HAL_Driver/Src/stm32f1xx_hal_cortex.c.obj
 .text.HAL_NVIC_SetPriorityGrouping
                0x080015f0       0x16 CMakeFiles/Spi_cube_test.dir/Drivers/STM32F1xx_HAL_Driver/Src/stm32f1xx_hal_cortex.c.obj
                0x080015f0                HAL_NVIC_SetPriorityGrouping
 .text.HAL_NVIC_SetPriority
                0x08001606       0x38 CMakeFiles/Spi_cube_test.dir/Drivers/STM32F1xx_HAL_Driver/Src/stm32f1xx_hal_cortex.c.obj
                0x08001606                HAL_NVIC_SetPriority
 .text.HAL_NVIC_EnableIRQ
                0x0800163e       0x1c CMakeFiles/Spi_cube_test.dir/Drivers/STM32F1xx_HAL_Driver/Src/stm32f1xx_hal_cortex.c.obj
                0x0800163e                HAL_NVIC_EnableIRQ
 .text.HAL_SYSTICK_Config
                0x0800165a       0x18 CMakeFiles/Spi_cube_test.dir/Drivers/STM32F1xx_HAL_Driver/Src/stm32f1xx_hal_cortex.c.obj
                0x0800165a                HAL_SYSTICK_Config
 .text.SystemInit
                0x08001672        0xc CMakeFiles/Spi_cube_test.dir/Core/Src/system_stm32f1xx.c.obj
                0x08001672                SystemInit
 *fill*         0x0800167e        0x2 
 .text.Reset_Handler
                0x08001680       0x48 CMakeFiles/Spi_cube_test.dir/startup_stm32f103xb.s.obj
                0x08001680                Reset_Handler
 .text.Default_Handler
                0x080016c8        0x2 CMakeFiles/Spi_cube_test.dir/startup_stm32f103xb.s.obj
                0x080016c8                RTC_Alarm_IRQHandler
                0x080016c8                EXTI2_IRQHandler
                0x080016c8                TIM1_CC_IRQHandler
                0x080016c8                PVD_IRQHandler
                0x080016c8                EXTI3_IRQHandler
                0x080016c8                EXTI0_IRQHandler
                0x080016c8                I2C2_EV_IRQHandler
                0x080016c8                ADC1_2_IRQHandler
                0x080016c8                TAMPER_IRQHandler
                0x080016c8                DMA1_Channel4_IRQHandler
                0x080016c8                USART3_IRQHandler
                0x080016c8                RTC_IRQHandler
                0x080016c8                DMA1_Channel7_IRQHandler
                0x080016c8                CAN1_RX1_IRQHandler
                0x080016c8                TIM4_IRQHandler
                0x080016c8                I2C1_EV_IRQHandler
                0x080016c8                DMA1_Channel6_IRQHandler
                0x080016c8                TIM3_IRQHandler
                0x080016c8                RCC_IRQHandler
                0x080016c8                TIM1_TRG_COM_IRQHandler
                0x080016c8                DMA1_Channel1_IRQHandler
                0x080016c8                Default_Handler
                0x080016c8                EXTI15_10_IRQHandler
                0x080016c8                EXTI9_5_IRQHandler
                0x080016c8                SPI2_IRQHandler
                0x080016c8                DMA1_Channel5_IRQHandler
                0x080016c8                EXTI4_IRQHandler
                0x080016c8                USB_LP_CAN1_RX0_IRQHandler
                0x080016c8                USB_HP_CAN1_TX_IRQHandler
                0x080016c8                DMA1_Channel3_IRQHandler
                0x080016c8                TIM1_UP_IRQHandler
                0x080016c8                WWDG_IRQHandler
                0x080016c8                TIM2_IRQHandler
                0x080016c8                TIM1_BRK_IRQHandler
                0x080016c8                EXTI1_IRQHandler
                0x080016c8                USART2_IRQHandler
                0x080016c8                I2C2_ER_IRQHandler
                0x080016c8                DMA1_Channel2_IRQHandler
                0x080016c8                CAN1_SCE_IRQHandler
                0x080016c8                FLASH_IRQHandler
                0x080016c8                USART1_IRQHandler
                0x080016c8                I2C1_ER_IRQHandler
                0x080016c8                USBWakeUp_IRQHandler
 *(.glue_7)
 .glue_7        0x080016ca        0x0 linker stubs
 *(.glue_7t)
 .glue_7t       0x080016ca        0x0 linker stubs
 *(.eh_frame)
 *fill*         0x080016ca        0x2 
 .eh_frame      0x080016cc        0x0 /home/gullino18/st/stm32cubeclt_1.17.0/GNU-tools-for-STM32/bin/../lib/gcc/arm-none-eabi/12.3.1/thumb/v7-m/nofp/crtbegin.o
 *(.init)
 .init          0x080016cc        0x4 /home/gullino18/st/stm32cubeclt_1.17.0/GNU-tools-for-STM32/bin/../lib/gcc/arm-none-eabi/12.3.1/thumb/v7-m/nofp/crti.o
                0x080016cc                _init
 .init          0x080016d0        0x8 /home/gullino18/st/stm32cubeclt_1.17.0/GNU-tools-for-STM32/bin/../lib/gcc/arm-none-eabi/12.3.1/thumb/v7-m/nofp/crtn.o
 *(.fini)
 .fini          0x080016d8        0x4 /home/gullino18/st/stm32cubeclt_1.17.0/GNU-tools-for-STM32/bin/../lib/gcc/arm-none-eabi/12.3.1/thumb/v7-m/nofp/crti.o
                0x080016d8                _fini
 .fini          0x080016dc        0x8 /home/gullino18/st/stm32cubeclt_1.17.0/GNU-tools-for-STM32/bin/../lib/gcc/arm-none-eabi/12.3.1/thumb/v7-m/nofp/crtn.o
                0x080016e4                        . = ALIGN (0x4)
                0x080016e4                        _etext = .

.vfp11_veneer   0x080016e4        0x0
 .vfp11_veneer  0x080016e4        0x0 linker stubs

.v4_bx          0x080016e4        0x0
 .v4_bx         0x080016e4        0x0 linker stubs

.iplt           0x080016e4        0x0
 .iplt          0x080016e4        0x0 /home/gullino18/st/stm32cubeclt_1.17.0/GNU-tools-for-STM32/bin/../lib/gcc/arm-none-eabi/12.3.1/thumb/v7-m/nofp/crtbegin.o

.rodata         0x080016e4       0x24
                0x080016e4                        . = ALIGN (0x4)
 *(.rodata)
 *(.rodata*)
 .rodata.aPLLMULFactorTable.1
                0x080016e4       0x10 CMakeFiles/Spi_cube_test.dir/Drivers/STM32F1xx_HAL_Driver/Src/stm32f1xx_hal_rcc.c.obj
 .rodata.aPredivFactorTable.0
                0x080016f4        0x2 CMakeFiles/Spi_cube_test.dir/Drivers/STM32F1xx_HAL_Driver/Src/stm32f1xx_hal_rcc.c.obj
 *fill*         0x080016f6        0x2 
 .rodata.AHBPrescTable
                0x080016f8       0x10 CMakeFiles/Spi_cube_test.dir/Core/Src/system_stm32f1xx.c.obj
                0x080016f8                AHBPrescTable
                0x08001708                        . = ALIGN (0x4)

.rel.dyn        0x08001708        0x0
 .rel.iplt      0x08001708        0x0 /home/gullino18/st/stm32cubeclt_1.17.0/GNU-tools-for-STM32/bin/../lib/gcc/arm-none-eabi/12.3.1/thumb/v7-m/nofp/crtbegin.o

.ARM.extab
 *(.ARM.extab* .gnu.linkonce.armextab.*)

.ARM            0x08001708        0x0
                0x08001708                        __exidx_start = .
 *(.ARM.exidx*)
                0x08001708                        __exidx_end = .

.preinit_array  0x08001708        0x0
                0x08001708                        PROVIDE (__preinit_array_start = .)
 *(.preinit_array*)
                0x08001708                        PROVIDE (__preinit_array_end = .)

.init_array     0x08001708        0x4
                0x08001708                        PROVIDE (__init_array_start = .)
 *(SORT_BY_NAME(.init_array.*))
 *(.init_array*)
 .init_array    0x08001708        0x4 /home/gullino18/st/stm32cubeclt_1.17.0/GNU-tools-for-STM32/bin/../lib/gcc/arm-none-eabi/12.3.1/thumb/v7-m/nofp/crtbegin.o
                0x0800170c                        PROVIDE (__init_array_end = .)

.fini_array     0x0800170c        0x4
                [!provide]                        PROVIDE (__fini_array_start = .)
 *(SORT_BY_NAME(.fini_array.*))
 *(.fini_array*)
 .fini_array    0x0800170c        0x4 /home/gullino18/st/stm32cubeclt_1.17.0/GNU-tools-for-STM32/bin/../lib/gcc/arm-none-eabi/12.3.1/thumb/v7-m/nofp/crtbegin.o
                [!provide]                        PROVIDE (__fini_array_end = .)
                0x08001710                        _sidata = LOADADDR (.data)

.data           0x20000000        0xc load address 0x08001710
                0x20000000                        . = ALIGN (0x4)
                0x20000000                        _sdata = .
 *(.data)
 *(.data*)
 .data.uwTickPrio
                0x20000000        0x4 CMakeFiles/Spi_cube_test.dir/Drivers/STM32F1xx_HAL_Driver/Src/stm32f1xx_hal.c.obj
                0x20000000                uwTickPrio
 .data.uwTickFreq
                0x20000004        0x1 CMakeFiles/Spi_cube_test.dir/Drivers/STM32F1xx_HAL_Driver/Src/stm32f1xx_hal.c.obj
                0x20000004                uwTickFreq
 *fill*         0x20000005        0x3 
 .data.SystemCoreClock
                0x20000008        0x4 CMakeFiles/Spi_cube_test.dir/Core/Src/system_stm32f1xx.c.obj
                0x20000008                SystemCoreClock
                0x2000000c                        . = ALIGN (0x4)
                0x2000000c                        _edata = .

.igot.plt       0x2000000c        0x0 load address 0x0800171c
 .igot.plt      0x2000000c        0x0 /home/gullino18/st/stm32cubeclt_1.17.0/GNU-tools-for-STM32/bin/../lib/gcc/arm-none-eabi/12.3.1/thumb/v7-m/nofp/crtbegin.o
                0x2000000c                        . = ALIGN (0x4)

.bss            0x2000000c       0x78 load address 0x0800171c
                0x2000000c                        _sbss = .
                0x2000000c                        __bss_start__ = _sbss
 *(.bss)
 .bss           0x2000000c       0x1c /home/gullino18/st/stm32cubeclt_1.17.0/GNU-tools-for-STM32/bin/../lib/gcc/arm-none-eabi/12.3.1/thumb/v7-m/nofp/crtbegin.o
 *(.bss*)
 .bss.hspi1     0x20000028       0x58 CMakeFiles/Spi_cube_test.dir/Core/Src/main.c.obj
                0x20000028                hspi1
 .bss.uwTick    0x20000080        0x4 CMakeFiles/Spi_cube_test.dir/Drivers/STM32F1xx_HAL_Driver/Src/stm32f1xx_hal.c.obj
                0x20000080                uwTick
 *(COMMON)
                0x20000084                        . = ALIGN (0x4)
                0x20000084                        _ebss = .
                0x20000084                        __bss_end__ = _ebss

._user_heap_stack
                0x20000084      0x604 load address 0x0800171c
                0x20000088                        . = ALIGN (0x8)
 *fill*         0x20000084        0x4 
                [!provide]                        PROVIDE (end = .)
                0x20000088                        PROVIDE (_end = .)
                0x20000288                        . = (. + _Min_Heap_Size)
 *fill*         0x20000088      0x200 
                0x20000688                        . = (. + _Min_Stack_Size)
 *fill*         0x20000288      0x400 
                0x20000688                        . = ALIGN (0x8)

/DISCARD/
 libc.a(*)
 libm.a(*)
 libgcc.a(*)
OUTPUT(Spi_cube_test.elf elf32-littlearm)
LOAD linker stubs
LOAD /home/gullino18/st/stm32cubeclt_1.17.0/GNU-tools-for-STM32/bin/../lib/gcc/arm-none-eabi/12.3.1/../../../../arm-none-eabi/lib/thumb/v7-m/nofp/libc.a
LOAD /home/gullino18/st/stm32cubeclt_1.17.0/GNU-tools-for-STM32/bin/../lib/gcc/arm-none-eabi/12.3.1/../../../../arm-none-eabi/lib/thumb/v7-m/nofp/libm.a
LOAD /home/gullino18/st/stm32cubeclt_1.17.0/GNU-tools-for-STM32/bin/../lib/gcc/arm-none-eabi/12.3.1/thumb/v7-m/nofp/libgcc.a

.ARM.attributes
                0x00000000       0x29
 .ARM.attributes
                0x00000000       0x1d /home/gullino18/st/stm32cubeclt_1.17.0/GNU-tools-for-STM32/bin/../lib/gcc/arm-none-eabi/12.3.1/thumb/v7-m/nofp/crti.o
 .ARM.attributes
                0x0000001d       0x2d /home/gullino18/st/stm32cubeclt_1.17.0/GNU-tools-for-STM32/bin/../lib/gcc/arm-none-eabi/12.3.1/thumb/v7-m/nofp/crtbegin.o
 .ARM.attributes
                0x0000004a       0x2d /home/gullino18/st/stm32cubeclt_1.17.0/GNU-tools-for-STM32/bin/../lib/gcc/arm-none-eabi/12.3.1/../../../../arm-none-eabi/lib/thumb/v7-m/nofp/libc_nano.a(libc_a-memset.o)
 .ARM.attributes
                0x00000077       0x2d /home/gullino18/st/stm32cubeclt_1.17.0/GNU-tools-for-STM32/bin/../lib/gcc/arm-none-eabi/12.3.1/../../../../arm-none-eabi/lib/thumb/v7-m/nofp/libc_nano.a(libc_a-init.o)
 .ARM.attributes
                0x000000a4       0x2d CMakeFiles/Spi_cube_test.dir/Core/Src/main.c.obj
 .ARM.attributes
                0x000000d1       0x2d CMakeFiles/Spi_cube_test.dir/Core/Src/stm32f1xx_it.c.obj
 .ARM.attributes
                0x000000fe       0x2d CMakeFiles/Spi_cube_test.dir/Core/Src/stm32f1xx_hal_msp.c.obj
 .ARM.attributes
                0x0000012b       0x2d CMakeFiles/Spi_cube_test.dir/Drivers/STM32F1xx_HAL_Driver/Src/stm32f1xx_hal_spi.c.obj
 .ARM.attributes
                0x00000158       0x2d CMakeFiles/Spi_cube_test.dir/Drivers/STM32F1xx_HAL_Driver/Src/stm32f1xx_hal.c.obj
 .ARM.attributes
                0x00000185       0x2d CMakeFiles/Spi_cube_test.dir/Drivers/STM32F1xx_HAL_Driver/Src/stm32f1xx_hal_rcc.c.obj
 .ARM.attributes
                0x000001b2       0x2d CMakeFiles/Spi_cube_test.dir/Drivers/STM32F1xx_HAL_Driver/Src/stm32f1xx_hal_gpio.c.obj
 .ARM.attributes
                0x000001df       0x2d CMakeFiles/Spi_cube_test.dir/Drivers/STM32F1xx_HAL_Driver/Src/stm32f1xx_hal_dma.c.obj
 .ARM.attributes
                0x0000020c       0x2d CMakeFiles/Spi_cube_test.dir/Drivers/STM32F1xx_HAL_Driver/Src/stm32f1xx_hal_cortex.c.obj
 .ARM.attributes
                0x00000239       0x2d CMakeFiles/Spi_cube_test.dir/Core/Src/system_stm32f1xx.c.obj
 .ARM.attributes
                0x00000266       0x21 CMakeFiles/Spi_cube_test.dir/startup_stm32f103xb.s.obj
 .ARM.attributes
                0x00000287       0x1d /home/gullino18/st/stm32cubeclt_1.17.0/GNU-tools-for-STM32/bin/../lib/gcc/arm-none-eabi/12.3.1/thumb/v7-m/nofp/crtn.o

.comment        0x00000000       0x43
 .comment       0x00000000       0x43 CMakeFiles/Spi_cube_test.dir/Core/Src/main.c.obj
                                 0x44 (size before relaxing)
 .comment       0x00000043       0x44 CMakeFiles/Spi_cube_test.dir/Core/Src/stm32f1xx_it.c.obj
 .comment       0x00000043       0x44 CMakeFiles/Spi_cube_test.dir/Core/Src/stm32f1xx_hal_msp.c.obj
 .comment       0x00000043       0x44 CMakeFiles/Spi_cube_test.dir/Drivers/STM32F1xx_HAL_Driver/Src/stm32f1xx_hal_spi.c.obj
 .comment       0x00000043       0x44 CMakeFiles/Spi_cube_test.dir/Drivers/STM32F1xx_HAL_Driver/Src/stm32f1xx_hal.c.obj
 .comment       0x00000043       0x44 CMakeFiles/Spi_cube_test.dir/Drivers/STM32F1xx_HAL_Driver/Src/stm32f1xx_hal_rcc.c.obj
 .comment       0x00000043       0x44 CMakeFiles/Spi_cube_test.dir/Drivers/STM32F1xx_HAL_Driver/Src/stm32f1xx_hal_gpio.c.obj
 .comment       0x00000043       0x44 CMakeFiles/Spi_cube_test.dir/Drivers/STM32F1xx_HAL_Driver/Src/stm32f1xx_hal_dma.c.obj
 .comment       0x00000043       0x44 CMakeFiles/Spi_cube_test.dir/Drivers/STM32F1xx_HAL_Driver/Src/stm32f1xx_hal_cortex.c.obj
 .comment       0x00000043       0x44 CMakeFiles/Spi_cube_test.dir/Core/Src/system_stm32f1xx.c.obj

.debug_frame    0x00000000     0x17dc
 .debug_frame   0x00000000       0x20 /home/gullino18/st/stm32cubeclt_1.17.0/GNU-tools-for-STM32/bin/../lib/gcc/arm-none-eabi/12.3.1/../../../../arm-none-eabi/lib/thumb/v7-m/nofp/libc_nano.a(libc_a-memset.o)
 .debug_frame   0x00000020       0x2c /home/gullino18/st/stm32cubeclt_1.17.0/GNU-tools-for-STM32/bin/../lib/gcc/arm-none-eabi/12.3.1/../../../../arm-none-eabi/lib/thumb/v7-m/nofp/libc_nano.a(libc_a-init.o)
 .debug_frame   0x0000004c       0xac CMakeFiles/Spi_cube_test.dir/Core/Src/main.c.obj
 .debug_frame   0x000000f8      0x120 CMakeFiles/Spi_cube_test.dir/Core/Src/stm32f1xx_it.c.obj
 .debug_frame   0x00000218       0x80 CMakeFiles/Spi_cube_test.dir/Core/Src/stm32f1xx_hal_msp.c.obj
 .debug_frame   0x00000298      0x824 CMakeFiles/Spi_cube_test.dir/Drivers/STM32F1xx_HAL_Driver/Src/stm32f1xx_hal_spi.c.obj
 .debug_frame   0x00000abc      0x334 CMakeFiles/Spi_cube_test.dir/Drivers/STM32F1xx_HAL_Driver/Src/stm32f1xx_hal.c.obj
 .debug_frame   0x00000df0      0x218 CMakeFiles/Spi_cube_test.dir/Drivers/STM32F1xx_HAL_Driver/Src/stm32f1xx_hal_rcc.c.obj
 .debug_frame   0x00001008      0x14c CMakeFiles/Spi_cube_test.dir/Drivers/STM32F1xx_HAL_Driver/Src/stm32f1xx_hal_gpio.c.obj
 .debug_frame   0x00001154      0x208 CMakeFiles/Spi_cube_test.dir/Drivers/STM32F1xx_HAL_Driver/Src/stm32f1xx_hal_dma.c.obj
 .debug_frame   0x0000135c      0x428 CMakeFiles/Spi_cube_test.dir/Drivers/STM32F1xx_HAL_Driver/Src/stm32f1xx_hal_cortex.c.obj
 .debug_frame   0x00001784       0x58 CMakeFiles/Spi_cube_test.dir/Core/Src/system_stm32f1xx.c.obj

.debug_info     0x00000000     0x54d3
 .debug_info    0x00000000      0x87c CMakeFiles/Spi_cube_test.dir/Core/Src/main.c.obj
 .debug_info    0x0000087c      0x613 CMakeFiles/Spi_cube_test.dir/Core/Src/stm32f1xx_it.c.obj
 .debug_info    0x00000e8f      0x9e8 CMakeFiles/Spi_cube_test.dir/Core/Src/stm32f1xx_hal_msp.c.obj
 .debug_info    0x00001877     0x142d CMakeFiles/Spi_cube_test.dir/Drivers/STM32F1xx_HAL_Driver/Src/stm32f1xx_hal_spi.c.obj
 .debug_info    0x00002ca4      0x704 CMakeFiles/Spi_cube_test.dir/Drivers/STM32F1xx_HAL_Driver/Src/stm32f1xx_hal.c.obj
 .debug_info    0x000033a8      0x7d5 CMakeFiles/Spi_cube_test.dir/Drivers/STM32F1xx_HAL_Driver/Src/stm32f1xx_hal_rcc.c.obj
 .debug_info    0x00003b7d      0x5ab CMakeFiles/Spi_cube_test.dir/Drivers/STM32F1xx_HAL_Driver/Src/stm32f1xx_hal_gpio.c.obj
 .debug_info    0x00004128      0x6d2 CMakeFiles/Spi_cube_test.dir/Drivers/STM32F1xx_HAL_Driver/Src/stm32f1xx_hal_dma.c.obj
 .debug_info    0x000047fa      0xa87 CMakeFiles/Spi_cube_test.dir/Drivers/STM32F1xx_HAL_Driver/Src/stm32f1xx_hal_cortex.c.obj
 .debug_info    0x00005281      0x222 CMakeFiles/Spi_cube_test.dir/Core/Src/system_stm32f1xx.c.obj
 .debug_info    0x000054a3       0x30 CMakeFiles/Spi_cube_test.dir/startup_stm32f103xb.s.obj

.debug_abbrev   0x00000000     0x14cc
 .debug_abbrev  0x00000000      0x21d CMakeFiles/Spi_cube_test.dir/Core/Src/main.c.obj
 .debug_abbrev  0x0000021d      0x186 CMakeFiles/Spi_cube_test.dir/Core/Src/stm32f1xx_it.c.obj
 .debug_abbrev  0x000003a3      0x1cb CMakeFiles/Spi_cube_test.dir/Core/Src/stm32f1xx_hal_msp.c.obj
 .debug_abbrev  0x0000056e      0x27a CMakeFiles/Spi_cube_test.dir/Drivers/STM32F1xx_HAL_Driver/Src/stm32f1xx_hal_spi.c.obj
 .debug_abbrev  0x000007e8      0x201 CMakeFiles/Spi_cube_test.dir/Drivers/STM32F1xx_HAL_Driver/Src/stm32f1xx_hal.c.obj
 .debug_abbrev  0x000009e9      0x2b3 CMakeFiles/Spi_cube_test.dir/Drivers/STM32F1xx_HAL_Driver/Src/stm32f1xx_hal_rcc.c.obj
 .debug_abbrev  0x00000c9c      0x1ca CMakeFiles/Spi_cube_test.dir/Drivers/STM32F1xx_HAL_Driver/Src/stm32f1xx_hal_gpio.c.obj
 .debug_abbrev  0x00000e66      0x20b CMakeFiles/Spi_cube_test.dir/Drivers/STM32F1xx_HAL_Driver/Src/stm32f1xx_hal_dma.c.obj
 .debug_abbrev  0x00001071      0x2f8 CMakeFiles/Spi_cube_test.dir/Drivers/STM32F1xx_HAL_Driver/Src/stm32f1xx_hal_cortex.c.obj
 .debug_abbrev  0x00001369      0x13f CMakeFiles/Spi_cube_test.dir/Core/Src/system_stm32f1xx.c.obj
 .debug_abbrev  0x000014a8       0x24 CMakeFiles/Spi_cube_test.dir/startup_stm32f103xb.s.obj

.debug_aranges  0x00000000      0x640
 .debug_aranges
                0x00000000       0x40 CMakeFiles/Spi_cube_test.dir/Core/Src/main.c.obj
 .debug_aranges
                0x00000040       0x68 CMakeFiles/Spi_cube_test.dir/Core/Src/stm32f1xx_it.c.obj
 .debug_aranges
                0x000000a8       0x30 CMakeFiles/Spi_cube_test.dir/Core/Src/stm32f1xx_hal_msp.c.obj
 .debug_aranges
                0x000000d8      0x1d0 CMakeFiles/Spi_cube_test.dir/Drivers/STM32F1xx_HAL_Driver/Src/stm32f1xx_hal_spi.c.obj
 .debug_aranges
                0x000002a8       0xe0 CMakeFiles/Spi_cube_test.dir/Drivers/STM32F1xx_HAL_Driver/Src/stm32f1xx_hal.c.obj
 .debug_aranges
                0x00000388       0x90 CMakeFiles/Spi_cube_test.dir/Drivers/STM32F1xx_HAL_Driver/Src/stm32f1xx_hal_rcc.c.obj
 .debug_aranges
                0x00000418       0x58 CMakeFiles/Spi_cube_test.dir/Drivers/STM32F1xx_HAL_Driver/Src/stm32f1xx_hal_gpio.c.obj
 .debug_aranges
                0x00000470       0x80 CMakeFiles/Spi_cube_test.dir/Drivers/STM32F1xx_HAL_Driver/Src/stm32f1xx_hal_dma.c.obj
 .debug_aranges
                0x000004f0      0x100 CMakeFiles/Spi_cube_test.dir/Drivers/STM32F1xx_HAL_Driver/Src/stm32f1xx_hal_cortex.c.obj
 .debug_aranges
                0x000005f0       0x28 CMakeFiles/Spi_cube_test.dir/Core/Src/system_stm32f1xx.c.obj
 .debug_aranges
                0x00000618       0x28 CMakeFiles/Spi_cube_test.dir/startup_stm32f103xb.s.obj

.debug_rnglists
                0x00000000      0x4a3
 .debug_rnglists
                0x00000000       0x2c CMakeFiles/Spi_cube_test.dir/Core/Src/main.c.obj
 .debug_rnglists
                0x0000002c       0x49 CMakeFiles/Spi_cube_test.dir/Core/Src/stm32f1xx_it.c.obj
 .debug_rnglists
                0x00000075       0x20 CMakeFiles/Spi_cube_test.dir/Core/Src/stm32f1xx_hal_msp.c.obj
 .debug_rnglists
                0x00000095      0x16e CMakeFiles/Spi_cube_test.dir/Drivers/STM32F1xx_HAL_Driver/Src/stm32f1xx_hal_spi.c.obj
 .debug_rnglists
                0x00000203       0xa3 CMakeFiles/Spi_cube_test.dir/Drivers/STM32F1xx_HAL_Driver/Src/stm32f1xx_hal.c.obj
 .debug_rnglists
                0x000002a6       0x6c CMakeFiles/Spi_cube_test.dir/Drivers/STM32F1xx_HAL_Driver/Src/stm32f1xx_hal_rcc.c.obj
 .debug_rnglists
                0x00000312       0x3f CMakeFiles/Spi_cube_test.dir/Drivers/STM32F1xx_HAL_Driver/Src/stm32f1xx_hal_gpio.c.obj
 .debug_rnglists
                0x00000351       0x64 CMakeFiles/Spi_cube_test.dir/Drivers/STM32F1xx_HAL_Driver/Src/stm32f1xx_hal_dma.c.obj
 .debug_rnglists
                0x000003b5       0xbb CMakeFiles/Spi_cube_test.dir/Drivers/STM32F1xx_HAL_Driver/Src/stm32f1xx_hal_cortex.c.obj
 .debug_rnglists
                0x00000470       0x1a CMakeFiles/Spi_cube_test.dir/Core/Src/system_stm32f1xx.c.obj
 .debug_rnglists
                0x0000048a       0x19 CMakeFiles/Spi_cube_test.dir/startup_stm32f103xb.s.obj

.debug_macro    0x00000000    0x15ebe
 .debug_macro   0x00000000      0x198 CMakeFiles/Spi_cube_test.dir/Core/Src/main.c.obj
 .debug_macro   0x00000198      0xaa8 CMakeFiles/Spi_cube_test.dir/Core/Src/main.c.obj
 .debug_macro   0x00000c40      0x215 CMakeFiles/Spi_cube_test.dir/Core/Src/main.c.obj
 .debug_macro   0x00000e55       0x2e CMakeFiles/Spi_cube_test.dir/Core/Src/main.c.obj
 .debug_macro   0x00000e83       0x22 CMakeFiles/Spi_cube_test.dir/Core/Src/main.c.obj
 .debug_macro   0x00000ea5       0x22 CMakeFiles/Spi_cube_test.dir/Core/Src/main.c.obj
 .debug_macro   0x00000ec7       0x8e CMakeFiles/Spi_cube_test.dir/Core/Src/main.c.obj
 .debug_macro   0x00000f55       0x51 CMakeFiles/Spi_cube_test.dir/Core/Src/main.c.obj
 .debug_macro   0x00000fa6      0x103 CMakeFiles/Spi_cube_test.dir/Core/Src/main.c.obj
 .debug_macro   0x000010a9       0x6a CMakeFiles/Spi_cube_test.dir/Core/Src/main.c.obj
 .debug_macro   0x00001113      0x1df CMakeFiles/Spi_cube_test.dir/Core/Src/main.c.obj
 .debug_macro   0x000012f2       0x1c CMakeFiles/Spi_cube_test.dir/Core/Src/main.c.obj
 .debug_macro   0x0000130e       0x22 CMakeFiles/Spi_cube_test.dir/Core/Src/main.c.obj
 .debug_macro   0x00001330       0xbd CMakeFiles/Spi_cube_test.dir/Core/Src/main.c.obj
 .debug_macro   0x000013ed      0xd23 CMakeFiles/Spi_cube_test.dir/Core/Src/main.c.obj
 .debug_macro   0x00002110     0xe09e CMakeFiles/Spi_cube_test.dir/Core/Src/main.c.obj
 .debug_macro   0x000101ae       0x6d CMakeFiles/Spi_cube_test.dir/Core/Src/main.c.obj
 .debug_macro   0x0001021b     0x34a2 CMakeFiles/Spi_cube_test.dir/Core/Src/main.c.obj
 .debug_macro   0x000136bd      0x189 CMakeFiles/Spi_cube_test.dir/Core/Src/main.c.obj
 .debug_macro   0x00013846       0x5c CMakeFiles/Spi_cube_test.dir/Core/Src/main.c.obj
 .debug_macro   0x000138a2      0x5bc CMakeFiles/Spi_cube_test.dir/Core/Src/main.c.obj
 .debug_macro   0x00013e5e      0x289 CMakeFiles/Spi_cube_test.dir/Core/Src/main.c.obj
 .debug_macro   0x000140e7      0x1cb CMakeFiles/Spi_cube_test.dir/Core/Src/main.c.obj
 .debug_macro   0x000142b2      0x114 CMakeFiles/Spi_cube_test.dir/Core/Src/main.c.obj
 .debug_macro   0x000143c6      0x1b2 CMakeFiles/Spi_cube_test.dir/Core/Src/main.c.obj
 .debug_macro   0x00014578       0x27 CMakeFiles/Spi_cube_test.dir/Core/Src/main.c.obj
 .debug_macro   0x0001459f      0x136 CMakeFiles/Spi_cube_test.dir/Core/Src/main.c.obj
 .debug_macro   0x000146d5      0x1bc CMakeFiles/Spi_cube_test.dir/Core/Src/main.c.obj
 .debug_macro   0x00014891       0x34 CMakeFiles/Spi_cube_test.dir/Core/Src/main.c.obj
 .debug_macro   0x000148c5       0x3c CMakeFiles/Spi_cube_test.dir/Core/Src/main.c.obj
 .debug_macro   0x00014901       0x57 CMakeFiles/Spi_cube_test.dir/Core/Src/main.c.obj
 .debug_macro   0x00014958       0x87 CMakeFiles/Spi_cube_test.dir/Core/Src/main.c.obj
 .debug_macro   0x000149df      0x240 CMakeFiles/Spi_cube_test.dir/Core/Src/main.c.obj
 .debug_macro   0x00014c1f      0x140 CMakeFiles/Spi_cube_test.dir/Core/Src/main.c.obj
 .debug_macro   0x00014d5f      0x217 CMakeFiles/Spi_cube_test.dir/Core/Src/main.c.obj
 .debug_macro   0x00014f76       0x83 CMakeFiles/Spi_cube_test.dir/Core/Src/main.c.obj
 .debug_macro   0x00014ff9      0x1a2 CMakeFiles/Spi_cube_test.dir/Core/Src/stm32f1xx_it.c.obj
 .debug_macro   0x0001519b      0x198 CMakeFiles/Spi_cube_test.dir/Core/Src/stm32f1xx_hal_msp.c.obj
 .debug_macro   0x00015333      0x196 CMakeFiles/Spi_cube_test.dir/Drivers/STM32F1xx_HAL_Driver/Src/stm32f1xx_hal_spi.c.obj
 .debug_macro   0x000154c9      0x1b2 CMakeFiles/Spi_cube_test.dir/Drivers/STM32F1xx_HAL_Driver/Src/stm32f1xx_hal.c.obj
 .debug_macro   0x0001567b      0x1a0 CMakeFiles/Spi_cube_test.dir/Drivers/STM32F1xx_HAL_Driver/Src/stm32f1xx_hal_rcc.c.obj
 .debug_macro   0x0001581b      0x1f9 CMakeFiles/Spi_cube_test.dir/Drivers/STM32F1xx_HAL_Driver/Src/stm32f1xx_hal_gpio.c.obj
 .debug_macro   0x00015a14      0x18e CMakeFiles/Spi_cube_test.dir/Drivers/STM32F1xx_HAL_Driver/Src/stm32f1xx_hal_dma.c.obj
 .debug_macro   0x00015ba2      0x18e CMakeFiles/Spi_cube_test.dir/Drivers/STM32F1xx_HAL_Driver/Src/stm32f1xx_hal_cortex.c.obj
 .debug_macro   0x00015d30      0x18e CMakeFiles/Spi_cube_test.dir/Core/Src/system_stm32f1xx.c.obj

.debug_line     0x00000000     0x77d4
 .debug_line    0x00000000      0x7e0 CMakeFiles/Spi_cube_test.dir/Core/Src/main.c.obj
 .debug_line    0x000007e0      0x7ee CMakeFiles/Spi_cube_test.dir/Core/Src/stm32f1xx_it.c.obj
 .debug_line    0x00000fce      0x777 CMakeFiles/Spi_cube_test.dir/Core/Src/stm32f1xx_hal_msp.c.obj
 .debug_line    0x00001745     0x1ce3 CMakeFiles/Spi_cube_test.dir/Drivers/STM32F1xx_HAL_Driver/Src/stm32f1xx_hal_spi.c.obj
 .debug_line    0x00003428      0x9bf CMakeFiles/Spi_cube_test.dir/Drivers/STM32F1xx_HAL_Driver/Src/stm32f1xx_hal.c.obj
 .debug_line    0x00003de7      0xdc8 CMakeFiles/Spi_cube_test.dir/Drivers/STM32F1xx_HAL_Driver/Src/stm32f1xx_hal_rcc.c.obj
 .debug_line    0x00004baf      0xa58 CMakeFiles/Spi_cube_test.dir/Drivers/STM32F1xx_HAL_Driver/Src/stm32f1xx_hal_gpio.c.obj
 .debug_line    0x00005607      0xe18 CMakeFiles/Spi_cube_test.dir/Drivers/STM32F1xx_HAL_Driver/Src/stm32f1xx_hal_dma.c.obj
 .debug_line    0x0000641f      0xbab CMakeFiles/Spi_cube_test.dir/Drivers/STM32F1xx_HAL_Driver/Src/stm32f1xx_hal_cortex.c.obj
 .debug_line    0x00006fca      0x792 CMakeFiles/Spi_cube_test.dir/Core/Src/system_stm32f1xx.c.obj
 .debug_line    0x0000775c       0x78 CMakeFiles/Spi_cube_test.dir/startup_stm32f103xb.s.obj

.debug_str      0x00000000    0x7deac
 .debug_str     0x00000000    0x7c3ce CMakeFiles/Spi_cube_test.dir/Core/Src/main.c.obj
                              0x7c750 (size before relaxing)
 .debug_str     0x0007c3ce      0x138 CMakeFiles/Spi_cube_test.dir/Core/Src/stm32f1xx_it.c.obj
                              0x7c611 (size before relaxing)
 .debug_str     0x0007c506      0x3d8 CMakeFiles/Spi_cube_test.dir/Core/Src/stm32f1xx_hal_msp.c.obj
                              0x7c962 (size before relaxing)
 .debug_str     0x0007c8de      0x5cb CMakeFiles/Spi_cube_test.dir/Drivers/STM32F1xx_HAL_Driver/Src/stm32f1xx_hal_spi.c.obj
                              0x7cb3d (size before relaxing)
 .debug_str     0x0007cea9      0x3c4 CMakeFiles/Spi_cube_test.dir/Drivers/STM32F1xx_HAL_Driver/Src/stm32f1xx_hal.c.obj
                              0x7c94a (size before relaxing)
 .debug_str     0x0007d26d      0x286 CMakeFiles/Spi_cube_test.dir/Drivers/STM32F1xx_HAL_Driver/Src/stm32f1xx_hal_rcc.c.obj
                              0x7c646 (size before relaxing)
 .debug_str     0x0007d4f3      0x36e CMakeFiles/Spi_cube_test.dir/Drivers/STM32F1xx_HAL_Driver/Src/stm32f1xx_hal_gpio.c.obj
                              0x7c59d (size before relaxing)
 .debug_str     0x0007d861      0x24c CMakeFiles/Spi_cube_test.dir/Drivers/STM32F1xx_HAL_Driver/Src/stm32f1xx_hal_dma.c.obj
                              0x7c5c0 (size before relaxing)
 .debug_str     0x0007daad      0x2e0 CMakeFiles/Spi_cube_test.dir/Drivers/STM32F1xx_HAL_Driver/Src/stm32f1xx_hal_cortex.c.obj
                              0x7c896 (size before relaxing)
 .debug_str     0x0007dd8d       0x9e CMakeFiles/Spi_cube_test.dir/Core/Src/system_stm32f1xx.c.obj
                              0x7c217 (size before relaxing)
 .debug_str     0x0007de2b       0x81 CMakeFiles/Spi_cube_test.dir/startup_stm32f103xb.s.obj
                                 0xdc (size before relaxing)

.debug_line_str
                0x00000000       0xc0
 .debug_line_str
                0x00000000       0xc0 CMakeFiles/Spi_cube_test.dir/startup_stm32f103xb.s.obj
