../Core/Src/stm32f1xx_hal_msp.c:66:6:HAL_MspInit	8	static
../Core/Src/stm32f1xx_hal_msp.c:93:6:HAL_ADC_MspInit	40	static
../Core/Src/stm32f1xx_hal_msp.c:143:6:HAL_ADC_MspDeInit	8	static
../Core/Src/stm32f1xx_hal_msp.c:173:6:HAL_CAN_MspInit	32	static
../Core/Src/stm32f1xx_hal_msp.c:220:6:HAL_CAN_MspDeInit	8	static
../Core/Src/stm32f1xx_hal_msp.c:259:6:HAL_SPI_MspInit	56	static
../Core/Src/stm32f1xx_hal_msp.c:326:6:HAL_SPI_MspDeInit	8	static
../Core/Src/stm32f1xx_hal_msp.c:361:6:HAL_TIM_Base_MspInit	8	static
../Core/Src/stm32f1xx_hal_msp.c:384:6:HAL_TIM_Base_MspDeInit	0	static
