23:40:36 **** Incremental Build of configuration Debug for project Pedal ****
make -j8 all 
arm-none-eabi-gcc "../Core/Src/potentiometer.c" -mcpu=cortex-m3 -std=gnu11 -g3 -DDEBUG -DUSE_HAL_DRIVER -DSTM32F103xB -c -I../Core/Inc -IC:/Users/Gonzalo/STM32Cube/Repository/STM32Cube_FW_F1_V1.8.6/Drivers/STM32F1xx_HAL_Driver/Inc -IC:/Users/Gonzalo/STM32Cube/Repository/STM32Cube_FW_F1_V1.8.6/Drivers/STM32F1xx_HAL_Driver/Inc/Legacy -IC:/Users/Gonzalo/STM32Cube/Repository/STM32Cube_FW_F1_V1.8.6/Drivers/CMSIS/Device/ST/STM32F1xx/Include -IC:/Users/Gonzalo/STM32Cube/Repository/STM32Cube_FW_F1_V1.8.6/Drivers/CMSIS/Include -O0 -ffunction-sections -fdata-sections -Wall -fstack-usage -fcyclomatic-complexity -MMD -MP -MF"Core/Src/potentiometer.d" -MT"Core/Src/potentiometer.o" --specs=nano.specs -mfloat-abi=soft -mthumb -o "Core/Src/potentiometer.o"
arm-none-eabi-gcc -o "Pedal.elf" @"objects.list"   -mcpu=cortex-m3 -T"C:\Users\Gonzalo\Downloads\Tesis-LGBS\Pedal\Programa\Pedal\STM32F103C8TX_FLASH.ld" --specs=nosys.specs -Wl,-Map="Pedal.map" -Wl,--gc-sections -static --specs=nano.specs -mfloat-abi=soft -mthumb -Wl,--start-group -lc -lm -Wl,--end-group
Finished building target: Pedal.elf
 
arm-none-eabi-size  Pedal.elf 
arm-none-eabi-objdump -h -S Pedal.elf  > "Pedal.list"
   text	   data	    bss	    dec	    hex	filename
  10000	     12	   1684	  11696	   2db0	Pedal.elf
Finished building: default.size.stdout
 
Finished building: Pedal.list
 
