13:58:56 **** Incremental Build of configuration Debug for project Pedal ****
make -j8 all 
arm-none-eabi-gcc "../Core/Src/main.c" -mcpu=cortex-m3 -std=gnu11 -g3 -DDEBUG -DUSE_HAL_DRIVER -DSTM32F103xB -c -I../Core/Inc -IC:/Users/Gonzalo/STM32Cube/Repository/STM32Cube_FW_F1_V1.8.6/Drivers/STM32F1xx_HAL_Driver/Inc -IC:/Users/Gonzalo/STM32Cube/Repository/STM32Cube_FW_F1_V1.8.6/Drivers/STM32F1xx_HAL_Driver/Inc/Legacy -IC:/Users/Gonzalo/STM32Cube/Repository/STM32Cube_FW_F1_V1.8.6/Drivers/CMSIS/Device/ST/STM32F1xx/Include -IC:/Users/Gonzalo/STM32Cube/Repository/STM32Cube_FW_F1_V1.8.6/Drivers/CMSIS/Include -O0 -ffunction-sections -fdata-sections -Wall -fstack-usage -fcyclomatic-complexity -MMD -MP -MF"Core/Src/main.d" -MT"Core/Src/main.o" --specs=nano.specs -mfloat-abi=soft -mthumb -o "Core/Src/main.o"
../Core/Src/main.c: In function 'main':
../Core/Src/main.c:120:65: warning: passing argument 3 of 'HAL_CAN_AddTxMessage' from incompatible pointer type [-Wincompatible-pointer-types]
  120 |                         HAL_CAN_AddTxMessage(&hcan, &txHandler, &speed, &TxMailbox);
      |                                                                 ^~~~~~
      |                                                                 |
      |                                                                 uint16_t * {aka short unsigned int *}
In file included from ../Core/Inc/stm32f1xx_hal_conf.h:258,
                 from C:/Users/Gonzalo/STM32Cube/Repository/STM32Cube_FW_F1_V1.8.6/Drivers/STM32F1xx_HAL_Driver/Inc/stm32f1xx_hal.h:29,
                 from ../Core/Inc/main.h:30,
                 from ../Core/Src/main.c:20:
C:/Users/Gonzalo/STM32Cube/Repository/STM32Cube_FW_F1_V1.8.6/Drivers/STM32F1xx_HAL_Driver/Inc/stm32f1xx_hal_can.h:689:54: note: expected 'const uint8_t *' {aka 'const unsigned char *'} but argument is of type 'uint16_t *' {aka 'short unsigned int *'}
  689 |                                        const uint8_t aData[], uint32_t *pTxMailbox);
      |                                        ~~~~~~~~~~~~~~^~~~~~~
arm-none-eabi-gcc -o "Pedal.elf" @"objects.list"   -mcpu=cortex-m3 -T"C:\Users\Gonzalo\Downloads\Tesis-LGBS\Pedal\Programa\Pedal\STM32F103C8TX_FLASH.ld" --specs=nosys.specs -Wl,-Map="Pedal.map" -Wl,--gc-sections -static --specs=nano.specs -mfloat-abi=soft -mthumb -Wl,--start-group -lc -lm -Wl,--end-group
Finished building target: Pedal.elf
 
arm-none-eabi-size  Pedal.elf 
arm-none-eabi-objdump -h -S Pedal.elf  > "Pedal.list"
arm-none-eabi-objcopy  -O ihex Pedal.elf  "Pedal.hex"
   text	   data	    bss	    dec	    hex	filename
  10172	     12	   1684	  11868	   2e5c	Pedal.elf
arm-none-eabi-objcopy  -O binary Pedal.elf  "Pedal.bin"
Finished building: default.size.stdout
 
Finished building: Pedal.hex
Finished building: Pedal.bin
Finished building: Pedal.list
 
 
 

13:58:57 Build Finished. 0 errors, 1 warnings. (took 1s.36ms)

